<html>
<body>
<pre>
<h1>µVision Build Log</h1>
<h2>Tool Versions:</h2>
IDE-Version: µVision V5.38.0.0
Copyright (C) 2022 ARM Ltd and ARM Germany GmbH. All rights reserved.
License Information: Algo Oy, ECNU, LIC=S5IJG-EPGNE-V4GLQ-6YAZQ-K0DQJ-AZN6C
 
Tool Versions:
Toolchain:       MDK-ARM Professional  Version: 5.38.0.0
Toolchain Path:  C:\Keil_v5\ARM\ARMCLANG\Bin
C Compiler:      ArmClang.exe V6.19
Assembler:       Armasm.exe V6.19
Linker/Locator:  ArmLink.exe V6.19
Library Manager: ArmAr.exe V6.19
Hex Converter:   FromElf.exe V6.19
CPU DLL:         SARMCM3.DLL V5.38.0.0
Dialog DLL:      DCM.DLL V1.17.5.0
Target DLL:      STLink\ST-LINKIII-KEIL_SWO.dll V3.1.0.0
Dialog DLL:      TCM.DLL V1.56.4.0
 
<h2>Project:</h2>
D:\SourceCode\embedded\Arm-2D\Snake\snake.uvprojx
Project File Date:  06/07/2023

<h2>Output:</h2>
*** Using Compiler 'V6.19', folder: 'C:\Keil_v5\ARM\ARMCLANG\Bin'
Build target 'snake'
compiling main.c...
linking...
.\Objects\snake.axf: warning: Your license for feature Keil will expire in 29 days
.\Objects\snake.axf: Warning: L6989W: Could not apply patch sdcomp-29491-629360 to instruction VPOP     {d8-d15} at offset 0xf4, instruction is within an IT block and is not the last instruction for log.o(i.__hardfp_log).
Program Size: Code=29628 RO-data=77076 RW-data=128 ZI-data=118864  
Finished: 0 information, 1 warning and 0 error messages.
FromELF: creating hex file...
.\Objects\snake.hex: Warning: Q9931W: Your license for feature Keil will expire in 29 days
Finished: 0 information, 1 warning and 0 error messages.
".\Objects\snake.axf" - 0 Error(s), 2 Warning(s).

<h2>Software Packages used:</h2>

Package Vendor: ARM
                https://www.keil.com/pack/ARM.Arm-2D.1.1.3.pack
                ARM.Arm-2D.1.1.3
                A 2D graphic library optimized for Cortex-M processors.
   * Component: Controls Version: 1.4.2
   * Component: LCD ASCII Printf Version: 1.3.1
   * Component: Display Adapter Version: 1.5.10
   * Component: PFB Version: 1.6.7
   * Component: Scene Version: 1.1.8
   * Component: Alpha-Blending Version: 1.1.3
   * Component: Core Version: 1.1.3
   * Component: Transform Version: 1.1.3

Package Vendor: ARM
                http://www.keil.com/pack/ARM.CMSIS.5.9.0.pack
                ARM.CMSIS.5.9.0
                CMSIS (Common Microcontroller Software Interface Standard)
   * Component: CORE Version: 5.6.0

Package Vendor: ARM
                https://www.keil.com/pack/ARM.CMSIS-DSP.1.14.4.pack
                ARM.CMSIS-DSP.1.14.4
                CMSIS Embedded Compute Library
   * Component: DSP Variant: Source Version: 1.14.4

Package Vendor: GorgonMeducer
                https://raw.githubusercontent.com/GorgonMeducer/perf_counter/CMSIS-Pack/cmsis-pack/GorgonMeducer.perf_counter.2.2.2-dev.pack
                GorgonMeducer.perf_counter.2.2.2-dev
                A dedicated performance counter for the Cortex-M Systick. It shares the SysTick with users' original SysTick function without interfering with it. This library will bring new functionalities, such as performance counter, APIs for delay, clock() defined in time.h etc.
   * Component: Core Variant: Library Version: 2.2.2-dev

Package Vendor: Keil
                project-path/Keil.FrameworkCubeMX.1.0.0.pack
                Keil.FrameworkCubeMX.1.0.0
                STM32CubeMX generated pack description
   * Component: STM32CubeMX Version: 1.1.0

Package Vendor: Keil
                https://www.keil.com/pack/Keil.STM32L4xx_DFP.2.6.2.pack
                Keil.STM32L4xx_DFP.2.6.2
                STMicroelectronics STM32L4 Series Device Support, Drivers and Examples
   * Component: STM32Cube Framework Version: 1.1.0
   * Component: Common Version: 1.13.0
   * Component: Cortex Version: 1.13.0
   * Component: DMA Version: 1.13.0
   * Component: GPIO Version: 1.13.0
   * Component: PWR Version: 1.13.0
   * Component: RCC Version: 1.13.0
   * Component: SPI Version: 1.13.0
   * Component: Startup Version: 1.3.1

<h2>Collection of Component include folders:</h2>
  ./RTE/Acceleration
  ./RTE/Device/STM32L496VETx
  ./RTE/Device/STM32L496VETx/STCubeGenerated
  ./RTE/Device/STM32L496VETx/STCubeGenerated/Inc
  ./RTE/_snake
  C:/Users/24073/AppData/Local/Arm/Packs/ARM/Arm-2D/1.1.3/Helper/Include
  C:/Users/24073/AppData/Local/Arm/Packs/ARM/Arm-2D/1.1.3/Library/Include
  C:/Users/24073/AppData/Local/Arm/Packs/ARM/Arm-2D/1.1.3/examples/common/controls
  C:/Users/24073/AppData/Local/Arm/Packs/ARM/CMSIS-DSP/1.14.4/Include
  C:/Users/24073/AppData/Local/Arm/Packs/ARM/CMSIS-DSP/1.14.4/PrivateInclude
  C:/Users/24073/AppData/Local/Arm/Packs/ARM/CMSIS/5.9.0/CMSIS/Core/Include
  C:/Users/24073/AppData/Local/Arm/Packs/GorgonMeducer/perf_counter/2.2.2-dev/lib
  C:/Users/24073/AppData/Local/Arm/Packs/Keil/STM32L4xx_DFP/2.6.2/Drivers/CMSIS/Device/ST/STM32L4xx/Include
  C:/Users/24073/AppData/Local/Arm/Packs/Keil/STM32L4xx_DFP/2.6.2/Drivers/STM32L4xx_HAL_Driver/Inc
  C:/Users/24073/AppData/Local/Arm/Packs/Keil/STM32L4xx_DFP/2.6.2/Drivers/STM32L4xx_HAL_Driver/Inc/Legacy

<h2>Collection of Component Files used:</h2>

   * Component: ::Device:STM32Cube Framework:1.1.0 (API)

   * Component: ARM::Acceleration:Arm-2D Extras:Controls:1.4.2
      Source file:   examples/common/controls/number_list.c
      Source file:   examples/common/controls/list_view.c
      Source file:   examples/common/controls/battery_gasgauge.c
      Source file:   examples/common/asset/blue_slashes.c
      Source file:   examples/common/controls/busy_wheel.c
      Source file:   examples/common/asset/wave.c
      Source file:   examples/common/asset/GreenCircle.c
      Source file:   examples/common/controls/progress_wheel.c
      Source file:   examples/common/asset/white_dot.c
      Source file:   examples/common/asset/cmsis_logo.c
      Source file:   examples/common/controls/spinning_wheel.c
      Source file:   examples/common/asset/SpinWheel.c
      Source file:   examples/common/asset/QuaterArc.c
      Source file:   examples/common/asset/ListCover.c
      Source file:   examples/common/asset/DigitsFont.c
      Source file:   examples/common/controls/controls.c
      Source file:   examples/common/controls/progress_bar_simple.c
      Source file:   examples/common/controls/progress_bar_drill.c
      Source file:   examples/common/controls/shape_round_corner_box.c
      Source file:   examples/common/controls/progress_bar_flowing.c
      Source file:   examples/common/asset/glass_reflection_narrow.c
      Source file:   examples/common/asset/glass_reflection_wide.c
      Source file:   examples/common/asset/small_icon_sun.c
      Source file:   examples/common/asset/software.c
      Source file:   examples/common/asset/circle_small.c
      Source file:   examples/common/asset/battery_gasgauge_block.c
      Source file:   examples/common/asset/pointer_sec.c
      Source file:   examples/common/asset/SinWave.c
      Source file:   examples/common/asset/gear_02.c
      Source file:   examples/common/asset/battery_gasgauge_grade_boarder.c
      Source file:   examples/common/asset/watch_panel.c
      Source file:   examples/common/asset/star.c
      Source file:   examples/common/asset/Lighting.c
      Source file:   examples/common/asset/battery_boarder_1.c
      Source file:   examples/common/asset/Pointer.c
      Source file:   examples/common/asset/gear_01.c
      Source file:   examples/common/asset/circle_mask.c
      Source file:   examples/common/asset/wifi_signal.c

   * Component: ARM::Acceleration:Arm-2D Extras:LCD ASCII Printf:1.3.1
      Source file:   examples/common/controls/GLCD_Fonts.c
      Source file:   examples/common/controls/lcd_printf.c

   * Component: ARM::Acceleration:Arm-2D Helper:Display Adapter:1.5.10
      Source file:   Helper/Source/template/arm_2d_disp_adapter.c
      Include file:  Helper/Include/template/arm_2d_disp_adapter.h

   * Component: ARM::Acceleration:Arm-2D Helper:PFB:1.6.7
      Source file:   Helper/Source/template/arm_2d_helper_rtos_user.c
      Include file:  examples/common/scenes/meter/arm_2d_scene_meter.h
      Source file:   Helper/Source/arm_2d_helper.c
      Source file:   examples/common/scenes/meter/arm_2d_scene_meter.c
      Include file:  examples/common/scenes/watch/arm_2d_scene_watch.h
      Source file:   examples/common/scenes/watch/arm_2d_scene_watch.c
      Source file:   examples/common/asset/MeterPanel.c
      Source file:   Helper/Source/arm_2d_helper_pfb.c
      Source file:   Helper/Source/arm_2d_helper_scene.c
      Source file:   Helper/Source/arm_2d_helper_list.c

   * Component: ARM::Acceleration:Arm-2D Helper:Scene:1.1.8
      Source file:   Helper/Source/template/arm_2d_scene.c
      Include file:  Helper/Include/template/arm_2d_scene.h

   * Component: ARM::Acceleration:Arm-2D:Alpha-Blending:1.1.3
      Source file:   Library/Source/arm_2d_alpha_blending.c

   * Component: ARM::Acceleration:Arm-2D:Core:1.1.3
      Source file:   Library/Source/arm_2d.c
      Source file:   Library/Source/arm_2d_conversion.c
      Source file:   Library/Source/arm_2d_async.c
      Include file:  Helper/Include/template/arm_2d_scene_template.h
      Source file:   Helper/Source/template/arm_2d_scene_template.c
      Source file:   examples/common/controls/template/user_control_template.c
      Source file:   Library/Source/arm_2d_draw.c
      Include file:  examples/common/controls/template/user_control_template.h

   * Component: ARM::Acceleration:Arm-2D:Transform:1.1.3
      Source file:   Library/Source/arm_2d_transform.c

   * Component: ARM::CMSIS:CORE:5.6.0

   * Component: ARM::CMSIS:DSP:Source:1.14.4
      Include file:  Include/arm_common_tables_f16.h
      Source file:   Source/MatrixFunctions/MatrixFunctions.c
      Include file:  Include/arm_const_structs_f16.h
      Source file:   Source/ComplexMathFunctions/ComplexMathFunctions.c
      Include file:  Include/arm_math_f16.h
      Include file:  Include/arm_common_tables.h
      Source file:   Source/CommonTables/CommonTables.c
      Source file:   Source/QuaternionMathFunctions/QuaternionMathFunctions.c
      Source file:   Source/BayesFunctions/BayesFunctions.c
      Source file:   Source/FilteringFunctions/FilteringFunctions.c
      Include file:  Include/arm_math.h
      Source file:   Source/DistanceFunctions/DistanceFunctions.c
      Include file:  Include/arm_const_structs.h
      Source file:   Source/BasicMathFunctions/BasicMathFunctions.c
      Source file:   Source/FastMathFunctions/FastMathFunctions.c
      Source file:   Source/ControllerFunctions/ControllerFunctions.c
      Source file:   Source/FastMathFunctions/FastMathFunctionsF16.c
      Source file:   Source/SVMFunctions/SVMFunctionsF16.c
      Source file:   Source/SupportFunctions/SupportFunctions.c
      Source file:   Source/SVMFunctions/SVMFunctions.c
      Source file:   Source/StatisticsFunctions/StatisticsFunctions.c
      Source file:   Source/TransformFunctions/TransformFunctions.c
      Source file:   Source/FilteringFunctions/FilteringFunctionsF16.c
      Source file:   Source/TransformFunctions/TransformFunctionsF16.c
      Source file:   Source/SupportFunctions/SupportFunctionsF16.c
      Source file:   Source/InterpolationFunctions/InterpolationFunctionsF16.c
      Source file:   Source/DistanceFunctions/DistanceFunctionsF16.c
      Source file:   Source/BayesFunctions/BayesFunctionsF16.c
      Source file:   Source/InterpolationFunctions/InterpolationFunctions.c
      Source file:   Source/CommonTables/CommonTablesF16.c
      Source file:   Source/ComplexMathFunctions/ComplexMathFunctionsF16.c
      Source file:   Source/StatisticsFunctions/StatisticsFunctionsF16.c
      Source file:   Source/BasicMathFunctions/BasicMathFunctionsF16.c
      Source file:   Source/MatrixFunctions/MatrixFunctionsF16.c

   * Component: GorgonMeducer::Utilities:perf_counter:Core:Library:2.2.2-dev
      Include file:  lib/perf_counter.h
      Library file:  lib/perf_counter.lib

   * Component: Keil::Device:STM32Cube Framework:STM32CubeMX:1.1.0
      Include file:  MX_Device.h
      Source file:   STCubeGenerated/Src/stm32l4xx_hal_msp.c
      Include file:  STCubeGenerated/Inc/stm32l4xx_hal_conf.h

   * Component: Keil::Device:STM32Cube HAL:Common:1.13.0
      Source file:   Drivers/STM32L4xx_HAL_Driver/Src/stm32l4xx_hal.c
      Include file:  Drivers/STM32L4xx_HAL_Driver/Inc/stm32l4xx_hal.h

   * Component: Keil::Device:STM32Cube HAL:Cortex:1.13.0
      Source file:   Drivers/STM32L4xx_HAL_Driver/Src/stm32l4xx_hal_cortex.c

   * Component: Keil::Device:STM32Cube HAL:DMA:1.13.0
      Source file:   Drivers/STM32L4xx_HAL_Driver/Src/stm32l4xx_hal_dma.c
      Source file:   Drivers/STM32L4xx_HAL_Driver/Src/stm32l4xx_hal_dma_ex.c

   * Component: Keil::Device:STM32Cube HAL:GPIO:1.13.0
      Source file:   Drivers/STM32L4xx_HAL_Driver/Src/stm32l4xx_hal_gpio.c

   * Component: Keil::Device:STM32Cube HAL:PWR:1.13.0
      Source file:   Drivers/STM32L4xx_HAL_Driver/Src/stm32l4xx_hal_pwr_ex.c
      Source file:   Drivers/STM32L4xx_HAL_Driver/Src/stm32l4xx_hal_pwr.c

   * Component: Keil::Device:STM32Cube HAL:RCC:1.13.0
      Source file:   Drivers/STM32L4xx_HAL_Driver/Src/stm32l4xx_hal_rcc.c
      Source file:   Drivers/STM32L4xx_HAL_Driver/Src/stm32l4xx_hal_rcc_ex.c

   * Component: Keil::Device:STM32Cube HAL:SPI:1.13.0
      Source file:   Drivers/STM32L4xx_HAL_Driver/Src/stm32l4xx_hal_spi.c
      Source file:   Drivers/STM32L4xx_HAL_Driver/Src/stm32l4xx_hal_spi_ex.c

   * Component: Keil::Device:Startup:1.3.1
      Source file:   MDK/Device/Source/ARM/STM32L4xx_DB_OPT.s
      Source file:   Drivers/CMSIS/Device/ST/STM32L4xx/Source/Templates/arm/startup_stm32l496xx.s
      Include file:  Drivers/CMSIS/Device/ST/STM32L4xx/Include/stm32l4xx.h
      Source file:   Drivers/CMSIS/Device/ST/STM32L4xx/Source/Templates/system_stm32l4xx.c
Build Time Elapsed:  00:00:02
</pre>
</body>
</html>
