Component: Arm Compiler for Embedded 6.19 Tool: armlink [5e73cb00]

==============================================================================

Section Cross References

    startup_stm32l496xx.o(STACK) refers (Special) to heapauxi.o(.text) for __use_two_region_memory
    startup_stm32l496xx.o(HEAP) refers (Special) to heapauxi.o(.text) for __use_two_region_memory
    startup_stm32l496xx.o(RESET) refers (Special) to heapauxi.o(.text) for __use_two_region_memory
    startup_stm32l496xx.o(RESET) refers to startup_stm32l496xx.o(STACK) for __initial_sp
    startup_stm32l496xx.o(RESET) refers to startup_stm32l496xx.o(.text) for Reset_Handler
    startup_stm32l496xx.o(RESET) refers to lto-llvm-96cafc.o(.text.NMI_Handler) for NMI_Handler
    startup_stm32l496xx.o(RESET) refers to context_rvds.o(.text) for HardFault_Handler
    startup_stm32l496xx.o(RESET) refers to lto-llvm-96cafc.o(.text.MemManage_Handler) for MemManage_Handler
    startup_stm32l496xx.o(RESET) refers to lto-llvm-96cafc.o(.text.BusFault_Handler) for BusFault_Handler
    startup_stm32l496xx.o(RESET) refers to lto-llvm-96cafc.o(.text.UsageFault_Handler) for UsageFault_Handler
    startup_stm32l496xx.o(RESET) refers to lto-llvm-96cafc.o(.text.SVC_Handler) for SVC_Handler
    startup_stm32l496xx.o(RESET) refers to lto-llvm-96cafc.o(.text.DebugMon_Handler) for DebugMon_Handler
    startup_stm32l496xx.o(RESET) refers to systick_wrapper_ual.o(.text) for SysTick_Handler
    startup_stm32l496xx.o(RESET) refers to lto-llvm-96cafc.o(.text.EXTI9_5_IRQHandler) for EXTI9_5_IRQHandler
    startup_stm32l496xx.o(RESET) refers to lto-llvm-96cafc.o(.text.EXTI15_10_IRQHandler) for EXTI15_10_IRQHandler
    startup_stm32l496xx.o(.text) refers (Special) to heapauxi.o(.text) for __use_two_region_memory
    startup_stm32l496xx.o(.text) refers to lto-llvm-96cafc.o(.text.SystemInit) for SystemInit
    startup_stm32l496xx.o(.text) refers to __main.o(!!!main) for __main
    startup_stm32l496xx.o(.text) refers to startup_stm32l496xx.o(HEAP) for Heap_Mem
    startup_stm32l496xx.o(.text) refers to startup_stm32l496xx.o(STACK) for Stack_Mem
    context_rvds.o(.text) refers to lto-llvm-96cafc.o(.text.rt_hw_hard_fault_exception) for rt_hw_hard_fault_exception
    context_rvds.o(.text) refers to lto-llvm-96cafc.o(.bss.rt_thread_switch_interrupt_flag) for rt_thread_switch_interrupt_flag
    context_rvds.o(.text) refers to lto-llvm-96cafc.o(.bss.rt_interrupt_from_thread) for rt_interrupt_from_thread
    context_rvds.o(.text) refers to lto-llvm-96cafc.o(.bss.rt_interrupt_to_thread) for rt_interrupt_to_thread
    perf_counter.o(.text.user_code_insert_to_systick_handler) refers to perf_counter.o(.bss.s_lSystemClockCounts) for [Anonymous Symbol]
    perf_counter.o(.text.user_code_insert_to_systick_handler) refers to perf_counter.o(.bss.s_nMSResidule) for [Anonymous Symbol]
    perf_counter.o(.text.user_code_insert_to_systick_handler) refers to perf_counter.o(.data.s_nMSUnit) for [Anonymous Symbol]
    perf_counter.o(.text.user_code_insert_to_systick_handler) refers to perf_counter.o(.bss.s_nSystemMS) for [Anonymous Symbol]
    perf_counter.o(.text.user_code_insert_to_systick_handler) refers to perf_counter.o(.bss.s_nUSResidule) for [Anonymous Symbol]
    perf_counter.o(.text.user_code_insert_to_systick_handler) refers to perf_counter.o(.data.s_nUSUnit) for [Anonymous Symbol]
    perf_counter.o(.text.user_code_insert_to_systick_handler) refers to perf_counter.o(.bss.s_nSystemUS) for [Anonymous Symbol]
    perf_counter.o(.ARM.exidx.text.user_code_insert_to_systick_handler) refers to perf_counter.o(.text.user_code_insert_to_systick_handler) for [Anonymous Symbol]
    perf_counter.o(.ARM.exidx.text.__perf_os_patch_init) refers to perf_counter.o(.text.__perf_os_patch_init) for [Anonymous Symbol]
    perf_counter.o(.text.update_perf_counter) refers to perf_counter.o(.text.get_system_ticks) for get_system_ticks
    perf_counter.o(.text.update_perf_counter) refers to lto-llvm-96cafc.o(.data.SystemCoreClock) for SystemCoreClock
    perf_counter.o(.text.update_perf_counter) refers to perf_counter.o(.data.s_nUSUnit) for [Anonymous Symbol]
    perf_counter.o(.text.update_perf_counter) refers to perf_counter.o(.data.s_nMSUnit) for [Anonymous Symbol]
    perf_counter.o(.text.update_perf_counter) refers to perf_counter.o(.bss.g_lLastTimeStamp) for g_lLastTimeStamp
    perf_counter.o(.text.update_perf_counter) refers to perf_counter.o(.bss.g_nOffset) for g_nOffset
    perf_counter.o(.ARM.exidx.text.update_perf_counter) refers to perf_counter.o(.text.update_perf_counter) for [Anonymous Symbol]
    perf_counter.o(.text.get_system_ticks) refers to perf_counter.o(.bss.s_lSystemClockCounts) for [Anonymous Symbol]
    perf_counter.o(.ARM.exidx.text.get_system_ticks) refers to perf_counter.o(.text.get_system_ticks) for [Anonymous Symbol]
    perf_counter.o(.text.init_cycle_counter) refers to perf_counter.o(.text.update_perf_counter) for update_perf_counter
[...]
    HEAP                                     0x20007600   Section      512  startup_stm32l496xx.o(HEAP)
    Stack_Mem                                0x20007800   Data        1024  startup_stm32l496xx.o(STACK)
    STACK                                    0x20007800   Section     1024  startup_stm32l496xx.o(STACK)
    __initial_sp                             0x20007c00   Data           0  startup_stm32l496xx.o(STACK)

    Global Symbols

    Symbol Name                              Value     Ov Type        Size  Object(Section)

    BuildAttributes$$THM_ISAv4$E$P$D$K$B$S$7EM$VFPi3$EXTD16$VFPS$VFMA$PE$A:L22UL41UL21$X:L11$S22US41US21$IEEE1$IW$~IW$USESV6$~STKCKD$USESV7$~SHL$OTIME$ROPI$IEEEX$EBA8$UX$STANDARDLIB$REQ8$PRES8$EABIv2 0x00000000   Number         0  anon$$obj.o ABSOLUTE
    _printf_flags                            0x00000000   Number         0  printf_stubs.o ABSOLUTE
    _printf_return_value                     0x00000000   Number         0  printf_stubs.o ABSOLUTE
    _printf_sizespec                         0x00000000   Number         0  printf_stubs.o ABSOLUTE
    _printf_widthprec                        0x00000000   Number         0  printf_stubs.o ABSOLUTE
    __ARM_exceptions_init                     - Undefined Weak Reference
    __alloca_initialize                       - Undefined Weak Reference
    __arm_preinit_                            - Undefined Weak Reference
    __arm_relocate_pie_                       - Undefined Weak Reference
    __cxa_finalize                            - Undefined Weak Reference
    __sigvec_lookup                           - Undefined Weak Reference
    __user_heap_extent                        - Undefined Weak Reference
    _atexit_init                              - Undefined Weak Reference
    _call_atexit_fns                          - Undefined Weak Reference
    _clock_init                               - Undefined Weak Reference
    _fp_trap_init                             - Undefined Weak Reference
    _fp_trap_shutdown                         - Undefined Weak Reference
    _get_lc_collate                           - Undefined Weak Reference
    _get_lc_monetary                          - Undefined Weak Reference
    _get_lc_time                              - Undefined Weak Reference
    _getenv_init                              - Undefined Weak Reference
    _handle_redirection                       - Undefined Weak Reference
    _initio                                   - Undefined Weak Reference
    _mutex_acquire                            - Undefined Weak Reference
    _mutex_free                               - Undefined Weak Reference
    _mutex_release                            - Undefined Weak Reference
    _printf_mbtowc                            - Undefined Weak Reference
    _printf_wc                                - Undefined Weak Reference
    _signal_finish                            - Undefined Weak Reference
    _signal_init                              - Undefined Weak Reference
    _terminateio                              - Undefined Weak Reference
    __Vectors_Size                           0x000001ac   Number         0  startup_stm32l496xx.o ABSOLUTE
    __Vectors                                0x08000000   Data           4  startup_stm32l496xx.o(RESET)
    __Vectors_End                            0x080001ac   Data           0  startup_stm32l496xx.o(RESET)
    __main                                   0x080001ad   Thumb Code     8  __main.o(!!!main)
    __scatterload                            0x080001b5   Thumb Code     0  __scatter.o(!!!scatter)
    __scatterload_rt2                        0x080001b5   Thumb Code    44  __scatter.o(!!!scatter)
    __scatterload_rt2_thumb_only             0x080001b5   Thumb Code     0  __scatter.o(!!!scatter)
    __scatterload_null                       0x080001c3   Thumb Code     0  __scatter.o(!!!scatter)
    __scatterload_copy                       0x080001e9   Thumb Code    26  __scatter_copy.o(!!handler_copy)
    __scatterload_zeroinit                   0x08000205   Thumb Code    28  __scatter_zi.o(!!handler_zi)
    _printf_n                                0x08000221   Thumb Code     0  _printf_n.o(.ARM.Collect$$_printf_percent$$00000001)
    _printf_percent                          0x08000221   Thumb Code     0  _printf_percent.o(.ARM.Collect$$_printf_percent$$00000000)
    _printf_p                                0x08000227   Thumb Code     0  _printf_p.o(.ARM.Collect$$_printf_percent$$00000002)
    _printf_f                                0x0800022d   Thumb Code     0  _printf_f.o(.ARM.Collect$$_printf_percent$$00000003)
    _printf_e                                0x08000233   Thumb Code     0  _printf_e.o(.ARM.Collect$$_printf_percent$$00000004)
    _printf_g                                0x08000239   Thumb Code     0  _printf_g.o(.ARM.Collect$$_printf_percent$$00000005)
    _printf_a                                0x0800023f   Thumb Code     0  _printf_a.o(.ARM.Collect$$_printf_percent$$00000006)
    _printf_ll                               0x08000245   Thumb Code     0  _printf_ll.o(.ARM.Collect$$_printf_percent$$00000007)
    _printf_i                                0x0800024f   Thumb Code     0  _printf_i.o(.ARM.Collect$$_printf_percent$$00000008)
    _printf_d                                0x08000255   Thumb Code     0  _printf_d.o(.ARM.Collect$$_printf_percent$$00000009)
    _printf_u                                0x0800025b   Thumb Code     0  _printf_u.o(.ARM.Collect$$_printf_percent$$0000000A)
    _printf_o                                0x08000261   Thumb Code     0  _printf_o.o(.ARM.Collect$$_printf_percent$$0000000B)
    _printf_x                                0x08000267   Thumb Code     0  _printf_x.o(.ARM.Collect$$_printf_percent$$0000000C)
    _printf_lli                              0x0800026d   Thumb Code     0  _printf_lli.o(.ARM.Collect$$_printf_percent$$0000000D)
    _printf_lld                              0x08000273   Thumb Code     0  _printf_lld.o(.ARM.Collect$$_printf_percent$$0000000E)
    _printf_llu                              0x08000279   Thumb Code     0  _printf_llu.o(.ARM.Collect$$_printf_percent$$0000000F)
    _printf_llo                              0x0800027f   Thumb Code     0  _printf_llo.o(.ARM.Collect$$_printf_percent$$00000010)
    _printf_llx                              0x08000285   Thumb Code     0  _printf_llx.o(.ARM.Collect$$_printf_percent$$00000011)
    _printf_l                                0x0800028b   Thumb Code     0  _printf_l.o(.ARM.Collect$$_printf_percent$$00000012)
    _printf_c                                0x08000295   Thumb Code     0  _printf_c.o(.ARM.Collect$$_printf_percent$$00000013)
    _printf_s                                0x0800029b   Thumb Code     0  _printf_s.o(.ARM.Collect$$_printf_percent$$00000014)
    _printf_lc                               0x080002a1   Thumb Code     0  _printf_lc.o(.ARM.Collect$$_printf_percent$$00000015)
    _printf_ls                               0x080002a7   Thumb Code     0  _printf_ls.o(.ARM.Collect$$_printf_percent$$00000016)
    _printf_percent_end                      0x080002ad   Thumb Code     0  _printf_percent_end.o(.ARM.Collect$$_printf_percent$$00000017)
    __rt_lib_init                            0x080002b1   Thumb Code     0  libinit.o(.ARM.Collect$$libinit$$00000000)
    __rt_lib_init_fp_1                       0x080002b3   Thumb Code     0  libinit2.o(.ARM.Collect$$libinit$$00000001)
    __rt_lib_init_heap_2                     0x080002b7   Thumb Code     0  libinit2.o(.ARM.Collect$$libinit$$00000007)
    __rt_lib_init_preinit_1                  0x080002b7   Thumb Code     0  libinit2.o(.ARM.Collect$$libinit$$00000006)
    __rt_lib_init_relocate_pie_1             0x080002b7   Thumb Code     0  libinit2.o(.ARM.Collect$$libinit$$00000004)
    __rt_lib_init_heap_1                     0x080002bf   Thumb Code     0  libinit2.o(.ARM.Collect$$libinit$$0000000C)
    __rt_lib_init_rand_2                     0x080002bf   Thumb Code     0  libinit2.o(.ARM.Collect$$libinit$$0000000F)
    __rt_lib_init_user_alloc_1               0x080002bf   Thumb Code     0  libinit2.o(.ARM.Collect$$libinit$$0000000E)
    __rt_lib_init_lc_common                  0x080002c3   Thumb Code     0  libinit2.o(.ARM.Collect$$libinit$$00000011)
    __rt_lib_init_rand_1                     0x080002c3   Thumb Code     0  libinit2.o(.ARM.Collect$$libinit$$00000010)
    __rt_lib_init_lc_collate_1               0x080002c9   Thumb Code     0  libinit2.o(.ARM.Collect$$libinit$$00000013)
    __rt_lib_init_lc_ctype_2                 0x080002c9   Thumb Code     0  libinit2.o(.ARM.Collect$$libinit$$00000014)
    __rt_lib_init_lc_ctype_1                 0x080002d5   Thumb Code     0  libinit2.o(.ARM.Collect$$libinit$$00000015)
    __rt_lib_init_lc_monetary_1              0x080002d5   Thumb Code     0  libinit2.o(.ARM.Collect$$libinit$$00000017)
    __rt_lib_init_lc_numeric_2               0x080002d5   Thumb Code     0  libinit2.o(.ARM.Collect$$libinit$$00000018)
    __rt_lib_init_alloca_1                   0x080002df   Thumb Code     0  libinit2.o(.ARM.Collect$$libinit$$00000030)
    __rt_lib_init_argv_1                     0x080002df   Thumb Code     0  libinit2.o(.ARM.Collect$$libinit$$0000002E)
    __rt_lib_init_atexit_1                   0x080002df   Thumb Code     0  libinit2.o(.ARM.Collect$$libinit$$0000001D)
    __rt_lib_init_clock_1                    0x080002df   Thumb Code     0  libinit2.o(.ARM.Collect$$libinit$$00000023)
    __rt_lib_init_cpp_2                      0x080002df   Thumb Code     0  libinit2.o(.ARM.Collect$$libinit$$00000033)
    __rt_lib_init_exceptions_1               0x080002df   Thumb Code     0  libinit2.o(.ARM.Collect$$libinit$$00000032)
    __rt_lib_init_fp_trap_1                  0x080002df   Thumb Code     0  libinit2.o(.ARM.Collect$$libinit$$00000021)
    __rt_lib_init_getenv_1                   0x080002df   Thumb Code     0  libinit2.o(.ARM.Collect$$libinit$$00000025)
    __rt_lib_init_lc_numeric_1               0x080002df   Thumb Code     0  libinit2.o(.ARM.Collect$$libinit$$00000019)
    __rt_lib_init_lc_time_1                  0x080002df   Thumb Code     0  libinit2.o(.ARM.Collect$$libinit$$0000001B)
    __rt_lib_init_signal_1                   0x080002df   Thumb Code     0  libinit2.o(.ARM.Collect$$libinit$$0000001F)
    __rt_lib_init_stdio_1                    0x080002df   Thumb Code     0  libinit2.o(.ARM.Collect$$libinit$$00000027)
    __rt_lib_init_cpp_1                      0x080002e3   Thumb Code     0  libinit2.o(.ARM.Collect$$libinit$$00000034)
    __rt_lib_init_return                     0x080002e3   Thumb Code     0  libinit2.o(.ARM.Collect$$libinit$$00000035)
    __rt_lib_shutdown                        0x080002e5   Thumb Code     0  libshutdown.o(.ARM.Collect$$libshutdown$$00000000)
    __rt_lib_shutdown_cpp_1                  0x080002e7   Thumb Code     0  libshutdown2.o(.ARM.Collect$$libshutdown$$00000002)
    __rt_lib_shutdown_fp_trap_1              0x080002e7   Thumb Code     0  libshutdown2.o(.ARM.Collect$$libshutdown$$00000007)
    __rt_lib_shutdown_heap_1                 0x080002e7   Thumb Code     0  libshutdown2.o(.ARM.Collect$$libshutdown$$0000000F)
    __rt_lib_shutdown_return                 0x080002e7   Thumb Code     0  libshutdown2.o(.ARM.Collect$$libshutdown$$00000010)
    __rt_lib_shutdown_signal_1               0x080002e7   Thumb Code     0  libshutdown2.o(.ARM.Collect$$libshutdown$$0000000A)
    __rt_lib_shutdown_stdio_1                0x080002e7   Thumb Code     0  libshutdown2.o(.ARM.Collect$$libshutdown$$00000004)
    __rt_lib_shutdown_user_alloc_1           0x080002e7   Thumb Code     0  libshutdown2.o(.ARM.Collect$$libshutdown$$0000000C)
    __rt_entry                               0x080002e9   Thumb Code     0  __rtentry.o(.ARM.Collect$$rtentry$$00000000)
    __rt_entry_presh_1                       0x080002e9   Thumb Code     0  __rtentry2.o(.ARM.Collect$$rtentry$$00000002)
    __rt_entry_sh                            0x080002e9   Thumb Code     0  __rtentry4.o(.ARM.Collect$$rtentry$$00000004)
    __rt_entry_li                            0x080002ef   Thumb Code     0  __rtentry2.o(.ARM.Collect$$rtentry$$0000000A)
    __rt_entry_postsh_1                      0x080002ef   Thumb Code     0  __rtentry2.o(.ARM.Collect$$rtentry$$00000009)
    __rt_entry_main                          0x080002f3   Thumb Code     0  __rtentry2.o(.ARM.Collect$$rtentry$$0000000D)
    __rt_entry_postli_1                      0x080002f3   Thumb Code     0  __rtentry2.o(.ARM.Collect$$rtentry$$0000000C)
    __rt_exit                                0x080002fb   Thumb Code     0  rtexit.o(.ARM.Collect$$rtexit$$00000000)
    __rt_exit_ls                             0x080002fd   Thumb Code     0  rtexit2.o(.ARM.Collect$$rtexit$$00000003)
    __rt_exit_prels_1                        0x080002fd   Thumb Code     0  rtexit2.o(.ARM.Collect$$rtexit$$00000002)
    __rt_exit_exit                           0x08000301   Thumb Code     0  rtexit2.o(.ARM.Collect$$rtexit$$00000004)
    rand                                     0x08000309   Thumb Code    48  rand.o(.emb_text)
    Reset_Handler                            0x0800033d   Thumb Code     8  startup_stm32l496xx.o(.text)
    ADC1_2_IRQHandler                        0x08000357   Thumb Code     0  startup_stm32l496xx.o(.text)
    ADC3_IRQHandler                          0x08000357   Thumb Code     0  startup_stm32l496xx.o(.text)
    CAN1_RX0_IRQHandler                      0x08000357   Thumb Code     0  startup_stm32l496xx.o(.text)
    CAN1_RX1_IRQHandler                      0x08000357   Thumb Code     0  startup_stm32l496xx.o(.text)
    CAN1_SCE_IRQHandler                      0x08000357   Thumb Code     0  startup_stm32l496xx.o(.text)
    CAN1_TX_IRQHandler                       0x08000357   Thumb Code     0  startup_stm32l496xx.o(.text)
    CAN2_RX0_IRQHandler                      0x08000357   Thumb Code     0  startup_stm32l496xx.o(.text)
    CAN2_RX1_IRQHandler                      0x08000357   Thumb Code     0  startup_stm32l496xx.o(.text)
    CAN2_SCE_IRQHandler                      0x08000357   Thumb Code     0  startup_stm32l496xx.o(.text)
    CAN2_TX_IRQHandler                       0x08000357   Thumb Code     0  startup_stm32l496xx.o(.text)
    COMP_IRQHandler                          0x08000357   Thumb Code     0  startup_stm32l496xx.o(.text)
    CRS_IRQHandler                           0x08000357   Thumb Code     0  startup_stm32l496xx.o(.text)
    DCMI_IRQHandler                          0x08000357   Thumb Code     0  startup_stm32l496xx.o(.text)
    DFSDM1_FLT0_IRQHandler                   0x08000357   Thumb Code     0  startup_stm32l496xx.o(.text)
    DFSDM1_FLT1_IRQHandler                   0x08000357   Thumb Code     0  startup_stm32l496xx.o(.text)
    DFSDM1_FLT2_IRQHandler                   0x08000357   Thumb Code     0  startup_stm32l496xx.o(.text)
    DFSDM1_FLT3_IRQHandler                   0x08000357   Thumb Code     0  startup_stm32l496xx.o(.text)
    DMA1_Channel1_IRQHandler                 0x08000357   Thumb Code     0  startup_stm32l496xx.o(.text)
    DMA1_Channel2_IRQHandler                 0x08000357   Thumb Code     0  startup_stm32l496xx.o(.text)
    DMA1_Channel3_IRQHandler                 0x08000357   Thumb Code     0  startup_stm32l496xx.o(.text)
    DMA1_Channel4_IRQHandler                 0x08000357   Thumb Code     0  startup_stm32l496xx.o(.text)
    DMA1_Channel5_IRQHandler                 0x08000357   Thumb Code     0  startup_stm32l496xx.o(.text)
    DMA1_Channel6_IRQHandler                 0x08000357   Thumb Code     0  startup_stm32l496xx.o(.text)
    DMA1_Channel7_IRQHandler                 0x08000357   Thumb Code     0  startup_stm32l496xx.o(.text)
    DMA2D_IRQHandler                         0x08000357   Thumb Code     0  startup_stm32l496xx.o(.text)
    DMA2_Channel1_IRQHandler                 0x08000357   Thumb Code     0  startup_stm32l496xx.o(.text)
    DMA2_Channel2_IRQHandler                 0x08000357   Thumb Code     0  startup_stm32l496xx.o(.text)
    DMA2_Channel3_IRQHandler                 0x08000357   Thumb Code     0  startup_stm32l496xx.o(.text)
    DMA2_Channel4_IRQHandler                 0x08000357   Thumb Code     0  startup_stm32l496xx.o(.text)
    DMA2_Channel5_IRQHandler                 0x08000357   Thumb Code     0  startup_stm32l496xx.o(.text)
    DMA2_Channel6_IRQHandler                 0x08000357   Thumb Code     0  startup_stm32l496xx.o(.text)
    DMA2_Channel7_IRQHandler                 0x08000357   Thumb Code     0  startup_stm32l496xx.o(.text)
    EXTI0_IRQHandler                         0x08000357   Thumb Code     0  startup_stm32l496xx.o(.text)
    EXTI1_IRQHandler                         0x08000357   Thumb Code     0  startup_stm32l496xx.o(.text)
    EXTI2_IRQHandler                         0x08000357   Thumb Code     0  startup_stm32l496xx.o(.text)
    EXTI3_IRQHandler                         0x08000357   Thumb Code     0  startup_stm32l496xx.o(.text)
    EXTI4_IRQHandler                         0x08000357   Thumb Code     0  startup_stm32l496xx.o(.text)
    FLASH_IRQHandler                         0x08000357   Thumb Code     0  startup_stm32l496xx.o(.text)
    FMC_IRQHandler                           0x08000357   Thumb Code     0  startup_stm32l496xx.o(.text)
    FPU_IRQHandler                           0x08000357   Thumb Code     0  startup_stm32l496xx.o(.text)
    I2C1_ER_IRQHandler                       0x08000357   Thumb Code     0  startup_stm32l496xx.o(.text)
    I2C1_EV_IRQHandler                       0x08000357   Thumb Code     0  startup_stm32l496xx.o(.text)
    I2C2_ER_IRQHandler                       0x08000357   Thumb Code     0  startup_stm32l496xx.o(.text)
    I2C2_EV_IRQHandler                       0x08000357   Thumb Code     0  startup_stm32l496xx.o(.text)
    I2C3_ER_IRQHandler                       0x08000357   Thumb Code     0  startup_stm32l496xx.o(.text)
    I2C3_EV_IRQHandler                       0x08000357   Thumb Code     0  startup_stm32l496xx.o(.text)
    I2C4_ER_IRQHandler                       0x08000357   Thumb Code     0  startup_stm32l496xx.o(.text)
    I2C4_EV_IRQHandler                       0x08000357   Thumb Code     0  startup_stm32l496xx.o(.text)
    LCD_IRQHandler                           0x08000357   Thumb Code     0  startup_stm32l496xx.o(.text)
    LPTIM1_IRQHandler                        0x08000357   Thumb Code     0  startup_stm32l496xx.o(.text)
    LPTIM2_IRQHandler                        0x08000357   Thumb Code     0  startup_stm32l496xx.o(.text)
    LPUART1_IRQHandler                       0x08000357   Thumb Code     0  startup_stm32l496xx.o(.text)
    OTG_FS_IRQHandler                        0x08000357   Thumb Code     0  startup_stm32l496xx.o(.text)
    PVD_PVM_IRQHandler                       0x08000357   Thumb Code     0  startup_stm32l496xx.o(.text)
    QUADSPI_IRQHandler                       0x08000357   Thumb Code     0  startup_stm32l496xx.o(.text)
    RCC_IRQHandler                           0x08000357   Thumb Code     0  startup_stm32l496xx.o(.text)
    RNG_IRQHandler                           0x08000357   Thumb Code     0  startup_stm32l496xx.o(.text)
    RTC_Alarm_IRQHandler                     0x08000357   Thumb Code     0  startup_stm32l496xx.o(.text)
    RTC_WKUP_IRQHandler                      0x08000357   Thumb Code     0  startup_stm32l496xx.o(.text)
    SAI1_IRQHandler                          0x08000357   Thumb Code     0  startup_stm32l496xx.o(.text)
    SAI2_IRQHandler                          0x08000357   Thumb Code     0  startup_stm32l496xx.o(.text)
    SDMMC1_IRQHandler                        0x08000357   Thumb Code     0  startup_stm32l496xx.o(.text)
    SPI1_IRQHandler                          0x08000357   Thumb Code     0  startup_stm32l496xx.o(.text)
    SPI2_IRQHandler                          0x08000357   Thumb Code     0  startup_stm32l496xx.o(.text)
    SPI3_IRQHandler                          0x08000357   Thumb Code     0  startup_stm32l496xx.o(.text)
    SWPMI1_IRQHandler                        0x08000357   Thumb Code     0  startup_stm32l496xx.o(.text)
    TAMP_STAMP_IRQHandler                    0x08000357   Thumb Code     0  startup_stm32l496xx.o(.text)
    TIM1_BRK_TIM15_IRQHandler                0x08000357   Thumb Code     0  startup_stm32l496xx.o(.text)
    TIM1_CC_IRQHandler                       0x08000357   Thumb Code     0  startup_stm32l496xx.o(.text)
    TIM1_TRG_COM_TIM17_IRQHandler            0x08000357   Thumb Code     0  startup_stm32l496xx.o(.text)
    TIM1_UP_TIM16_IRQHandler                 0x08000357   Thumb Code     0  startup_stm32l496xx.o(.text)
    TIM2_IRQHandler                          0x08000357   Thumb Code     0  startup_stm32l496xx.o(.text)
    TIM3_IRQHandler                          0x08000357   Thumb Code     0  startup_stm32l496xx.o(.text)
    TIM4_IRQHandler                          0x08000357   Thumb Code     0  startup_stm32l496xx.o(.text)
    TIM5_IRQHandler                          0x08000357   Thumb Code     0  startup_stm32l496xx.o(.text)
    TIM6_DAC_IRQHandler                      0x08000357   Thumb Code     0  startup_stm32l496xx.o(.text)
    TIM7_IRQHandler                          0x08000357   Thumb Code     0  startup_stm32l496xx.o(.text)
    TIM8_BRK_IRQHandler                      0x08000357   Thumb Code     0  startup_stm32l496xx.o(.text)
    TIM8_CC_IRQHandler                       0x08000357   Thumb Code     0  startup_stm32l496xx.o(.text)
    TIM8_TRG_COM_IRQHandler                  0x08000357   Thumb Code     0  startup_stm32l496xx.o(.text)
    TIM8_UP_IRQHandler                       0x08000357   Thumb Code     0  startup_stm32l496xx.o(.text)
    TSC_IRQHandler                           0x08000357   Thumb Code     0  startup_stm32l496xx.o(.text)
    UART4_IRQHandler                         0x08000357   Thumb Code     0  startup_stm32l496xx.o(.text)
    UART5_IRQHandler                         0x08000357   Thumb Code     0  startup_stm32l496xx.o(.text)
    USART1_IRQHandler                        0x08000357   Thumb Code     0  startup_stm32l496xx.o(.text)
    USART2_IRQHandler                        0x08000357   Thumb Code     0  startup_stm32l496xx.o(.text)
    USART3_IRQHandler                        0x08000357   Thumb Code     0  startup_stm32l496xx.o(.text)
    WWDG_IRQHandler                          0x08000357   Thumb Code     0  startup_stm32l496xx.o(.text)
    __user_initial_stackheap                 0x08000359   Thumb Code     0  startup_stm32l496xx.o(.text)
    rt_hw_interrupt_disable                  0x0800037d   Thumb Code     8  context_rvds.o(.text)
    rt_hw_interrupt_enable                   0x08000385   Thumb Code     6  context_rvds.o(.text)
    rt_hw_context_switch                     0x0800038b   Thumb Code    32  context_rvds.o(.text)
    rt_hw_context_switch_interrupt           0x0800038b   Thumb Code     0  context_rvds.o(.text)
    PendSV_Handler                           0x080003ab   Thumb Code   108  context_rvds.o(.text)
    rt_hw_context_switch_to                  0x08000417   Thumb Code    70  context_rvds.o(.text)
    rt_hw_interrupt_thread_switch            0x0800045d   Thumb Code     2  context_rvds.o(.text)
    HardFault_Handler                        0x0800045f   Thumb Code    56  context_rvds.o(.text)
    SysTick_Handler                          0x080004bd   Thumb Code    18  systick_wrapper_ual.o(.text)
    __ensure_systick_wrapper                 0x080004d9   Thumb Code     4  systick_wrapper_ual.o(.text)
    malloc                                   0x080004dd   Thumb Code    94  h1_alloc.o(.text)
    free                                     0x0800053b   Thumb Code    78  h1_free.o(.text)
    vsnprintf                                0x08000589   Thumb Code    56  vsnprintf.o(.text)
    srand                                    0x080005c5   Thumb Code    42  rand.o(.text)
    _rand_init                               0x080005ef   Thumb Code     4  rand.o(.text)
    __aeabi_assert                           0x08000601   Thumb Code    86  assert.o(.text)
    __assert                                 0x08000601   Thumb Code     0  assert.o(.text)
    strlen                                   0x08000681   Thumb Code    62  strlen.o(.text)
    __aeabi_memclr4                          0x080006bf   Thumb Code     0  rt_memclr_w.o(.text)
    __aeabi_memclr8                          0x080006bf   Thumb Code     0  rt_memclr_w.o(.text)
    __rt_memclr_w                            0x080006bf   Thumb Code     0  rt_memclr_w.o(.text)
    _memset_w                                0x080006c3   Thumb Code    74  rt_memclr_w.o(.text)
    __use_two_region_memory                  0x0800070d   Thumb Code     2  heapauxi.o(.text)
    __rt_heap_escrow                         0x0800070f   Thumb Code     2  heapauxi.o(.text)
    __rt_heap_expand                         0x08000711   Thumb Code     2  heapauxi.o(.text)
    __cpp_initialize__aeabi_                 0x08000715   Thumb Code    28  init_aeabi.o(.text)
    __rt_heap_descriptor                     0x08000739   Thumb Code     8  rt_heap_descriptor_intlibspace.o(.text)
    __use_no_heap                            0x08000741   Thumb Code     2  hguard.o(.text)
    __heap$guard                             0x08000743   Thumb Code     2  hguard.o(.text)
    _terminate_user_alloc                    0x08000745   Thumb Code     2  init_alloc.o(.text)
    _init_user_alloc                         0x08000747   Thumb Code     2  init_alloc.o(.text)
    __Heap_Full                              0x08000749   Thumb Code    34  init_alloc.o(.text)
    __Heap_Broken                            0x0800076b   Thumb Code     6  init_alloc.o(.text)
    _init_alloc                              0x08000771   Thumb Code    94  init_alloc.o(.text)
    __Heap_Initialize                        0x080007cf   Thumb Code    10  h1_init.o(.text)
    __Heap_DescSize                          0x080007d9   Thumb Code     4  h1_init.o(.text)
    _printf_pre_padding                      0x080007dd   Thumb Code    44  _printf_pad.o(.text)
    _printf_post_padding                     0x08000809   Thumb Code    34  _printf_pad.o(.text)
    _printf_truncate_signed                  0x0800082b   Thumb Code    18  _printf_truncate.o(.text)
    _printf_truncate_unsigned                0x0800083d   Thumb Code    18  _printf_truncate.o(.text)
    _printf_str                              0x0800084f   Thumb Code    82  _printf_str.o(.text)
    _printf_int_dec                          0x080008a1   Thumb Code   104  _printf_dec.o(.text)
    _printf_charcount                        0x08000919   Thumb Code    40  _printf_charcount.o(.text)
    _printf_char_common                      0x0800094b   Thumb Code    32  _printf_char_common.o(.text)
    _snputc                                  0x08000971   Thumb Code    16  _snputc.o(.text)
    _printf_wctomb                           0x08000981   Thumb Code   182  _printf_wctomb.o(.text)
    _printf_longlong_dec                     0x08000a45   Thumb Code   108  _printf_longlong_dec.o(.text)
    _printf_longlong_oct                     0x08000ac1   Thumb Code    68  _printf_oct_int_ll.o(.text)
    _printf_int_oct                          0x08000b05   Thumb Code    24  _printf_oct_int_ll.o(.text)
    _printf_ll_oct                           0x08000b1d   Thumb Code    12  _printf_oct_int_ll.o(.text)
    _printf_longlong_hex                     0x08000b31   Thumb Code    86  _printf_hex_int_ll_ptr.o(.text)
    _printf_int_hex                          0x08000b87   Thumb Code    28  _printf_hex_int_ll_ptr.o(.text)
    _printf_ll_hex                           0x08000ba3   Thumb Code    12  _printf_hex_int_ll_ptr.o(.text)
    _printf_hex_ptr                          0x08000baf   Thumb Code    18  _printf_hex_int_ll_ptr.o(.text)
    __printf                                 0x08000bc5   Thumb Code   388  __printf_flags_ss_wp.o(.text)
    abort                                    0x08000d53   Thumb Code    22  abort.o(.text)
    __assert_puts                            0x08000d69   Thumb Code    20  assert_puts.o(.text)
    __aeabi_memcpy4                          0x08000d7d   Thumb Code     0  rt_memcpy_w.o(.text)
    __aeabi_memcpy8                          0x08000d7d   Thumb Code     0  rt_memcpy_w.o(.text)
    __rt_memcpy_w                            0x08000d7d   Thumb Code   100  rt_memcpy_w.o(.text)
    _memcpy_lastbytes_aligned                0x08000dc5   Thumb Code     0  rt_memcpy_w.o(.text)
    _ttywrch                                 0x08000de1   Thumb Code    14  sys_wrch.o(.text)
    _sys_exit                                0x08000df1   Thumb Code     8  sys_exit.o(.text)
    __user_libspace                          0x08000dfd   Thumb Code     8  libspace.o(.text)
    __user_perproc_libspace                  0x08000dfd   Thumb Code     0  libspace.o(.text)
    __user_perthread_libspace                0x08000dfd   Thumb Code     0  libspace.o(.text)
    __Heap_ProvideMemory                     0x08000e05   Thumb Code    52  h1_extend.o(.text)
    _maybe_terminate_alloc                   0x08000e05   Thumb Code     0  maybetermalloc1.o(.text)
    _ll_udiv10                               0x08000e39   Thumb Code   138  lludiv10.o(.text)
    _printf_int_common                       0x08000ec3   Thumb Code   178  _printf_intcommon.o(.text)
    _printf_fp_dec_real                      0x08001125   Thumb Code   620  _printf_fp_dec.o(.text)
    _printf_fp_hex_real                      0x08001399   Thumb Code   756  _printf_fp_hex.o(.text)
    _printf_cs_common                        0x0800169b   Thumb Code    20  _printf_char.o(.text)
    _printf_char                             0x080016af   Thumb Code    16  _printf_char.o(.text)
    _printf_string                           0x080016bf   Thumb Code     8  _printf_char.o(.text)
    _printf_lcs_common                       0x080016c7   Thumb Code    20  _printf_wchar.o(.text)
    _printf_wchar                            0x080016db   Thumb Code    16  _printf_wchar.o(.text)
    _printf_wstring                          0x080016eb   Thumb Code     8  _printf_wchar.o(.text)
    _c16rtomb                                0x080016f3   Thumb Code    72  _c16rtomb.o(.text)
    _wcrtomb                                 0x080016f3   Thumb Code     0  _c16rtomb.o(.text)
    __rt_SIGABRT                             0x0800173b   Thumb Code    14  defsig_abrt_outer.o(.text)
    __rt_SIGRTMEM                            0x08001749   Thumb Code    14  defsig_rtmem_outer.o(.text)
    __I$use$semihosting                      0x08001757   Thumb Code     0  use_no_semi.o(.text)
    __use_no_semihosting_swi                 0x08001757   Thumb Code     2  use_no_semi.o(.text)
    __semihosting_library_function           0x08001759   Thumb Code     0  indicate_semi.o(.text)
    __user_setup_stackheap                   0x08001759   Thumb Code    74  sys_stackheap_outer.o(.text)
    __rt_ctype_table                         0x080017a5   Thumb Code    16  rt_ctype_table.o(.text)
    __rt_locale                              0x080017b5   Thumb Code     8  rt_locale_intlibspace.o(.text)
    _printf_fp_infnan                        0x080017bd   Thumb Code   112  _printf_fp_infnan.o(.text)
    _btod_etento                             0x0800183d   Thumb Code   224  bigflt0.o(.text)
    exit                                     0x08001921   Thumb Code    18  exit.o(.text)
    __sig_exit                               0x08001933   Thumb Code    10  defsig_exit.o(.text)
    __rt_SIGABRT_inner                       0x0800193d   Thumb Code    14  defsig_abrt_inner.o(.text)
    __rt_SIGRTMEM_inner                      0x0800196d   Thumb Code    22  defsig_rtmem_inner.o(.text)
    __default_signal_display                 0x080019bd   Thumb Code    50  defsig_general.o(.text)
    strcmp                                   0x080019f1   Thumb Code   124  strcmpv7em.o(.text)
    __aeabi_memset                           0x08001a6d   Thumb Code    16  aeabi_memset.o(.text)
    __aeabi_memclr                           0x08001a7d   Thumb Code     0  rt_memclr.o(.text)
    __rt_memclr                              0x08001a7d   Thumb Code     0  rt_memclr.o(.text)
    _memset                                  0x08001a81   Thumb Code    64  rt_memclr.o(.text)
    main                                     0x08001ac1   Thumb Code   592  lto-llvm-96cafc.o(.text.$Sub$$main)
    BusFault_Handler                         0x08001dc9   Thumb Code     2  lto-llvm-96cafc.o(.text.BusFault_Handler)
    DebugMon_Handler                         0x08001e57   Thumb Code     2  lto-llvm-96cafc.o(.text.DebugMon_Handler)
    EXTI15_10_IRQHandler                     0x080021dd   Thumb Code    62  lto-llvm-96cafc.o(.text.EXTI15_10_IRQHandler)
    EXTI9_5_IRQHandler                       0x0800221b   Thumb Code    64  lto-llvm-96cafc.o(.text.EXTI9_5_IRQHandler)
    MemManage_Handler                        0x080026f9   Thumb Code     2  lto-llvm-96cafc.o(.text.MemManage_Handler)
    NMI_Handler                              0x080026fd   Thumb Code     2  lto-llvm-96cafc.o(.text.NMI_Handler)
    SVC_Handler                              0x080029e3   Thumb Code     2  lto-llvm-96cafc.o(.text.SVC_Handler)
    $Super$$SysTick_Handler                  0x08002f45   Thumb Code   448  lto-llvm-96cafc.o(.text.SysTick_Handler)
    SystemInit                               0x0800333d   Thumb Code    68  lto-llvm-96cafc.o(.text.SystemInit)
    UsageFault_Handler                       0x08003381   Thumb Code     2  lto-llvm-96cafc.o(.text.UsageFault_Handler)
    __perf_counter_init                      0x080059c9   Thumb Code    48  perf_counter.o(.text.__perf_counter_init)
    __perf_os_patch_init                     0x08005a09   Thumb Code     2  perf_counter.o(.text.__perf_os_patch_init)
    get_system_ticks                         0x080067a5   Thumb Code    56  perf_counter.o(.text.get_system_ticks)
    init_cycle_counter                       0x080067e1   Thumb Code    68  perf_counter.o(.text.init_cycle_counter)
    $Super$$main                             0x0800683d   Thumb Code  1896  lto-llvm-96cafc.o(.text.main)
    rt_hw_hard_fault_exception               0x0800709d   Thumb Code     2  lto-llvm-96cafc.o(.text.rt_hw_hard_fault_exception)
    update_perf_counter                      0x080077d9   Thumb Code    68  perf_counter.o(.text.update_perf_counter)
    user_code_insert_to_systick_handler      0x0800782d   Thumb Code   100  perf_counter.o(.text.user_code_insert_to_systick_handler)
    _btod_d2e                                0x080078b1   Thumb Code    62  btod.o(CL$$btod_d2e)
    _d2e_denorm_low                          0x080078ef   Thumb Code    70  btod.o(CL$$btod_d2e_denorm_low)
    _d2e_norm_op1                            0x08007935   Thumb Code    96  btod.o(CL$$btod_d2e_norm_op1)
    __btod_div_common                        0x08007995   Thumb Code   696  btod.o(CL$$btod_div_common)
    _e2e                                     0x08007ccd   Thumb Code   220  btod.o(CL$$btod_e2e)
    _btod_ediv                               0x08007da9   Thumb Code    42  btod.o(CL$$btod_ediv)
    _btod_emul                               0x08007dd3   Thumb Code    42  btod.o(CL$$btod_emul)
    __btod_mult_common                       0x08007dfd   Thumb Code   580  btod.o(CL$$btod_mult_common)
    __ARM_fpclassify                         0x08008041   Thumb Code    48  fpclassify.o(i.__ARM_fpclassify)
    _is_digit                                0x08008071   Thumb Code    14  __printf_wp.o(i._is_digit)
    _get_lc_numeric                          0x08008081   Thumb Code    44  lc_numeric_c.o(locale$$code)
    _get_lc_ctype                            0x080080ad   Thumb Code    44  lc_ctype_c.o(locale$$code)
    _fp_init                                 0x080080d9   Thumb Code    26  fpinit.o(x$fpl$fpinit)
    __fplib_config_fpu_vfp                   0x080080f1   Thumb Code     0  fpinit.o(x$fpl$fpinit)
    __fplib_config_pureend_doubles           0x080080f1   Thumb Code     0  fpinit.o(x$fpl$fpinit)
    _printf_fp_dec                           0x080080f3   Thumb Code     4  printf1.o(x$fpl$printf1)
    _printf_fp_hex                           0x080080f7   Thumb Code     4  printf2.o(x$fpl$printf2)
    __I$use$fp                               0x080080fa   Number         0  usenofp.o(x$fpl$usenofp)
    __rt_init_rti_start                      0x08008d30   Data           4  lto-llvm-96cafc.o(.rti_fn.0)
    __rt_init_rti_board_start                0x08008d34   Data           4  lto-llvm-96cafc.o(.rti_fn.0.end)
    __rt_init_rti_board_end                  0x08008d38   Data           4  lto-llvm-96cafc.o(.rti_fn.1.end)
    __rt_init_rti_end                        0x08008d3c   Data           4  lto-llvm-96cafc.o(.rti_fn.6.end)
    Region$$Table$$Base                      0x08008d40   Number         0  anon$$obj.o(Region$$Table)
    Region$$Table$$Limit                     0x08008d60   Number         0  anon$$obj.o(Region$$Table)
    __ctype                                  0x080197ed   Data           0  lc_ctype_c.o(locale$$data)
    SHT$$INIT_ARRAY$$Base                    0x080198f0   Number         0  perf_counter.o(.init_array)
    SHT$$INIT_ARRAY$$Limit                   0x080198f4   Number         0  init_aeabi.o(.init_array)
    SystemCoreClock                          0x2000000c   Data           4  lto-llvm-96cafc.o(.data.SystemCoreClock)
    _random_number_data                      0x200000d8   Data         228  rand.o(.bss)
    __libspace_start                         0x200001bc   Data          96  libspace.o(.bss)
    __temporary_stack_top$libspace           0x2000021c   Data           0  libspace.o(.bss)
    g_lLastTimeStamp                         0x200002e0   Data           8  perf_counter.o(.bss.g_lLastTimeStamp)
    g_nOffset                                0x200002e8   Data           4  perf_counter.o(.bss.g_nOffset)
    rt_interrupt_from_thread                 0x200072c8   Data           4  lto-llvm-96cafc.o(.bss.rt_interrupt_from_thread)
    rt_interrupt_to_thread                   0x200072d0   Data           4  lto-llvm-96cafc.o(.bss.rt_interrupt_to_thread)
    rt_thread_switch_interrupt_flag          0x200074e4   Data           4  lto-llvm-96cafc.o(.bss.rt_thread_switch_interrupt_flag)



==============================================================================

Memory Map of the image

  Image Entry point : 0x080001ad

  Load Region LR_IROM1 (Base: 0x08000000, Size: 0x000199d0, Max: 0x00080000, ABSOLUTE)

    Execution Region ER_IROM1 (Exec base: 0x08000000, Load base: 0x08000000, Size: 0x000198f4, Max: 0x00080000, ABSOLUTE)

    Exec Addr    Load Addr    Size         Type   Attr      Idx    E Section Name        Object

    0x08000000   0x08000000   0x000001ac   Data   RO          109    RESET               startup_stm32l496xx.o
    0x080001ac   0x080001ac   0x00000008   Code   RO          344  * !!!main             c_w.l(__main.o)
    0x080001b4   0x080001b4   0x00000034   Code   RO         1203    !!!scatter          c_w.l(__scatter.o)
    0x080001e8   0x080001e8   0x0000001a   Code   RO         1205    !!handler_copy      c_w.l(__scatter_copy.o)
    0x08000202   0x08000202   0x00000002   PAD
    0x08000204   0x08000204   0x0000001c   Code   RO         1207    !!handler_zi        c_w.l(__scatter_zi.o)
    0x08000220   0x08000220   0x00000000   Code   RO          534    .ARM.Collect$$_printf_percent$$00000000  c_w.l(_printf_percent.o)
    0x08000220   0x08000220   0x00000006   Code   RO          523    .ARM.Collect$$_printf_percent$$00000001  c_w.l(_printf_n.o)
    0x08000226   0x08000226   0x00000006   Code   RO          525    .ARM.Collect$$_printf_percent$$00000002  c_w.l(_printf_p.o)
    0x0800022c   0x0800022c   0x00000006   Code   RO          530    .ARM.Collect$$_printf_percent$$00000003  c_w.l(_printf_f.o)
    0x08000232   0x08000232   0x00000006   Code   RO          531    .ARM.Collect$$_printf_percent$$00000004  c_w.l(_printf_e.o)
    0x08000238   0x08000238   0x00000006   Code   RO          532    .ARM.Collect$$_printf_percent$$00000005  c_w.l(_printf_g.o)
    0x0800023e   0x0800023e   0x00000006   Code   RO          533    .ARM.Collect$$_printf_percent$$00000006  c_w.l(_printf_a.o)
    0x08000244   0x08000244   0x0000000a   Code   RO          538    .ARM.Collect$$_printf_percent$$00000007  c_w.l(_printf_ll.o)
    0x0800024e   0x0800024e   0x00000006   Code   RO          527    .ARM.Collect$$_printf_percent$$00000008  c_w.l(_printf_i.o)
    0x08000254   0x08000254   0x00000006   Code   RO          528    .ARM.Collect$$_printf_percent$$00000009  c_w.l(_printf_d.o)
    0x0800025a   0x0800025a   0x00000006   Code   RO          529    .ARM.Collect$$_printf_percent$$0000000A  c_w.l(_printf_u.o)
    0x08000260   0x08000260   0x00000006   Code   RO          526    .ARM.Collect$$_printf_percent$$0000000B  c_w.l(_printf_o.o)
    0x08000266   0x08000266   0x00000006   Code   RO          524    .ARM.Collect$$_printf_percent$$0000000C  c_w.l(_printf_x.o)
    0x0800026c   0x0800026c   0x00000006   Code   RO          535    .ARM.Collect$$_printf_percent$$0000000D  c_w.l(_printf_lli.o)
    0x08000272   0x08000272   0x00000006   Code   RO          536    .ARM.Collect$$_printf_percent$$0000000E  c_w.l(_printf_lld.o)
    0x08000278   0x08000278   0x00000006   Code   RO          537    .ARM.Collect$$_printf_percent$$0000000F  c_w.l(_printf_llu.o)
    0x0800027e   0x0800027e   0x00000006   Code   RO          542    .ARM.Collect$$_printf_percent$$00000010  c_w.l(_printf_llo.o)
    0x08000284   0x08000284   0x00000006   Code   RO          543    .ARM.Collect$$_printf_percent$$00000011  c_w.l(_printf_llx.o)
    0x0800028a   0x0800028a   0x0000000a   Code   RO          539    .ARM.Collect$$_printf_percent$$00000012  c_w.l(_printf_l.o)
    0x08000294   0x08000294   0x00000006   Code   RO          521    .ARM.Collect$$_printf_percent$$00000013  c_w.l(_printf_c.o)
    0x0800029a   0x0800029a   0x00000006   Code   RO          522    .ARM.Collect$$_printf_percent$$00000014  c_w.l(_printf_s.o)
    0x080002a0   0x080002a0   0x00000006   Code   RO          540    .ARM.Collect$$_printf_percent$$00000015  c_w.l(_printf_lc.o)
    0x080002a6   0x080002a6   0x00000006   Code   RO          541    .ARM.Collect$$_printf_percent$$00000016  c_w.l(_printf_ls.o)
    0x080002ac   0x080002ac   0x00000004   Code   RO          751    .ARM.Collect$$_printf_percent$$00000017  c_w.l(_printf_percent_end.o)
    0x080002b0   0x080002b0   0x00000002   Code   RO          846    .ARM.Collect$$libinit$$00000000  c_w.l(libinit.o)
    0x080002b2   0x080002b2   0x00000004   Code   RO          552    .ARM.Collect$$libinit$$00000001  c_w.l(libinit2.o)
    0x080002b6   0x080002b6   0x00000000   Code   RO          555    .ARM.Collect$$libinit$$00000004  c_w.l(libinit2.o)
    0x080002b6   0x080002b6   0x00000000   Code   RO          557    .ARM.Collect$$libinit$$00000006  c_w.l(libinit2.o)
    0x080002b6   0x080002b6   0x00000008   Code   RO          558    .ARM.Collect$$libinit$$00000007  c_w.l(libinit2.o)
    0x080002be   0x080002be   0x00000000   Code   RO          560    .ARM.Collect$$libinit$$0000000C  c_w.l(libinit2.o)
    0x080002be   0x080002be   0x00000000   Code   RO          562    .ARM.Collect$$libinit$$0000000E  c_w.l(libinit2.o)
    0x080002be   0x080002be   0x00000004   Code   RO          563    .ARM.Collect$$libinit$$0000000F  c_w.l(libinit2.o)
    0x080002c2   0x080002c2   0x00000000   Code   RO          564    .ARM.Collect$$libinit$$00000010  c_w.l(libinit2.o)
    0x080002c2   0x080002c2   0x00000006   Code   RO          565    .ARM.Collect$$libinit$$00000011  c_w.l(libinit2.o)
    0x080002c8   0x080002c8   0x00000000   Code   RO          567    .ARM.Collect$$libinit$$00000013  c_w.l(libinit2.o)
    0x080002c8   0x080002c8   0x0000000c   Code   RO          568    .ARM.Collect$$libinit$$00000014  c_w.l(libinit2.o)
    0x080002d4   0x080002d4   0x00000000   Code   RO          569    .ARM.Collect$$libinit$$00000015  c_w.l(libinit2.o)
    0x080002d4   0x080002d4   0x00000000   Code   RO          571    .ARM.Collect$$libinit$$00000017  c_w.l(libinit2.o)
    0x080002d4   0x080002d4   0x0000000a   Code   RO          572    .ARM.Collect$$libinit$$00000018  c_w.l(libinit2.o)
    0x080002de   0x080002de   0x00000000   Code   RO          573    .ARM.Collect$$libinit$$00000019  c_w.l(libinit2.o)
    0x080002de   0x080002de   0x00000000   Code   RO          575    .ARM.Collect$$libinit$$0000001B  c_w.l(libinit2.o)
    0x080002de   0x080002de   0x00000000   Code   RO          577    .ARM.Collect$$libinit$$0000001D  c_w.l(libinit2.o)
    0x080002de   0x080002de   0x00000000   Code   RO          579    .ARM.Collect$$libinit$$0000001F  c_w.l(libinit2.o)
    0x080002de   0x080002de   0x00000000   Code   RO          581    .ARM.Collect$$libinit$$00000021  c_w.l(libinit2.o)
    0x080002de   0x080002de   0x00000000   Code   RO          583    .ARM.Collect$$libinit$$00000023  c_w.l(libinit2.o)
    0x080002de   0x080002de   0x00000000   Code   RO          585    .ARM.Collect$$libinit$$00000025  c_w.l(libinit2.o)
    0x080002de   0x080002de   0x00000000   Code   RO          587    .ARM.Collect$$libinit$$00000027  c_w.l(libinit2.o)
    0x080002de   0x080002de   0x00000000   Code   RO          591    .ARM.Collect$$libinit$$0000002E  c_w.l(libinit2.o)
    0x080002de   0x080002de   0x00000000   Code   RO          593    .ARM.Collect$$libinit$$00000030  c_w.l(libinit2.o)
    0x080002de   0x080002de   0x00000000   Code   RO          595    .ARM.Collect$$libinit$$00000032  c_w.l(libinit2.o)
    0x080002de   0x080002de   0x00000004   Code   RO          596    .ARM.Collect$$libinit$$00000033  c_w.l(libinit2.o)
    0x080002e2   0x080002e2   0x00000000   Code   RO          597    .ARM.Collect$$libinit$$00000034  c_w.l(libinit2.o)
    0x080002e2   0x080002e2   0x00000002   Code   RO          598    .ARM.Collect$$libinit$$00000035  c_w.l(libinit2.o)
    0x080002e4   0x080002e4   0x00000002   Code   RO          907    .ARM.Collect$$libshutdown$$00000000  c_w.l(libshutdown.o)
    0x080002e6   0x080002e6   0x00000000   Code   RO          867    .ARM.Collect$$libshutdown$$00000002  c_w.l(libshutdown2.o)
    0x080002e6   0x080002e6   0x00000000   Code   RO          869    .ARM.Collect$$libshutdown$$00000004  c_w.l(libshutdown2.o)
    0x080002e6   0x080002e6   0x00000000   Code   RO          872    .ARM.Collect$$libshutdown$$00000007  c_w.l(libshutdown2.o)
    0x080002e6   0x080002e6   0x00000000   Code   RO          875    .ARM.Collect$$libshutdown$$0000000A  c_w.l(libshutdown2.o)
    0x080002e6   0x080002e6   0x00000000   Code   RO          877    .ARM.Collect$$libshutdown$$0000000C  c_w.l(libshutdown2.o)
    0x080002e6   0x080002e6   0x00000000   Code   RO          880    .ARM.Collect$$libshutdown$$0000000F  c_w.l(libshutdown2.o)
    0x080002e6   0x080002e6   0x00000002   Code   RO          881    .ARM.Collect$$libshutdown$$00000010  c_w.l(libshutdown2.o)
    0x080002e8   0x080002e8   0x00000000   Code   RO          417    .ARM.Collect$$rtentry$$00000000  c_w.l(__rtentry.o)
    0x080002e8   0x080002e8   0x00000000   Code   RO          705    .ARM.Collect$$rtentry$$00000002  c_w.l(__rtentry2.o)
    0x080002e8   0x080002e8   0x00000006   Code   RO          717    .ARM.Collect$$rtentry$$00000004  c_w.l(__rtentry4.o)
    0x080002ee   0x080002ee   0x00000000   Code   RO          707    .ARM.Collect$$rtentry$$00000009  c_w.l(__rtentry2.o)
    0x080002ee   0x080002ee   0x00000004   Code   RO          708    .ARM.Collect$$rtentry$$0000000A  c_w.l(__rtentry2.o)
    0x080002f2   0x080002f2   0x00000000   Code   RO          710    .ARM.Collect$$rtentry$$0000000C  c_w.l(__rtentry2.o)
    0x080002f2   0x080002f2   0x00000008   Code   RO          711    .ARM.Collect$$rtentry$$0000000D  c_w.l(__rtentry2.o)
    0x080002fa   0x080002fa   0x00000002   Code   RO          847    .ARM.Collect$$rtexit$$00000000  c_w.l(rtexit.o)
    0x080002fc   0x080002fc   0x00000000   Code   RO          883    .ARM.Collect$$rtexit$$00000002  c_w.l(rtexit2.o)
    0x080002fc   0x080002fc   0x00000004   Code   RO          884    .ARM.Collect$$rtexit$$00000003  c_w.l(rtexit2.o)
    0x08000300   0x08000300   0x00000006   Code   RO          885    .ARM.Collect$$rtexit$$00000004  c_w.l(rtexit2.o)
    0x08000306   0x08000306   0x00000002   PAD
    0x08000308   0x08000308   0x00000034   Code   RO          283    .emb_text           c_w.l(rand.o)
    0x0800033c   0x0800033c   0x00000040   Code   RO          110    .text               startup_stm32l496xx.o
    0x0800037c   0x0800037c   0x00000140   Code   RO          117    .text               context_rvds.o
    0x080004bc   0x080004bc   0x00000020   Code   RO          211    .text               perf_counter.lib(systick_wrapper_ual.o)
    0x080004dc   0x080004dc   0x0000005e   Code   RO          219    .text               c_w.l(h1_alloc.o)
    0x0800053a   0x0800053a   0x0000004e   Code   RO          221    .text               c_w.l(h1_free.o)
    0x08000588   0x08000588   0x0000003c   Code   RO          281    .text               c_w.l(vsnprintf.o)
    0x080005c4   0x080005c4   0x0000003c   Code   RO          284    .text               c_w.l(rand.o)
    0x08000600   0x08000600   0x00000080   Code   RO          288    .text               c_w.l(assert.o)
    0x08000680   0x08000680   0x0000003e   Code   RO          290    .text               c_w.l(strlen.o)
    0x080006be   0x080006be   0x0000004e   Code   RO          292    .text               c_w.l(rt_memclr_w.o)
    0x0800070c   0x0800070c   0x00000006   Code   RO          342    .text               c_w.l(heapauxi.o)
    0x08000712   0x08000712   0x00000002   PAD
    0x08000714   0x08000714   0x00000024   Code   RO          349    .text               c_w.l(init_aeabi.o)
    0x08000738   0x08000738   0x00000008   Code   RO          429    .text               c_w.l(rt_heap_descriptor_intlibspace.o)
    0x08000740   0x08000740   0x00000004   Code   RO          431    .text               c_w.l(hguard.o)
    0x08000744   0x08000744   0x0000008a   Code   RO          433    .text               c_w.l(init_alloc.o)
    0x080007ce   0x080007ce   0x0000000e   Code   RO          437    .text               c_w.l(h1_init.o)
    0x080007dc   0x080007dc   0x0000004e   Code   RO          455    .text               c_w.l(_printf_pad.o)
    0x0800082a   0x0800082a   0x00000024   Code   RO          457    .text               c_w.l(_printf_truncate.o)
    0x0800084e   0x0800084e   0x00000052   Code   RO          459    .text               c_w.l(_printf_str.o)
    0x080008a0   0x080008a0   0x00000078   Code   RO          461    .text               c_w.l(_printf_dec.o)
    0x08000918   0x08000918   0x00000028   Code   RO          463    .text               c_w.l(_printf_charcount.o)
    0x08000940   0x08000940   0x00000030   Code   RO          465    .text               c_w.l(_printf_char_common.o)
    0x08000970   0x08000970   0x00000010   Code   RO          467    .text               c_w.l(_snputc.o)
    0x08000980   0x08000980   0x000000c2   Code   RO          469    .text               c_w.l(_printf_wctomb.o)
    0x08000a42   0x08000a42   0x00000002   PAD
    0x08000a44   0x08000a44   0x0000007c   Code   RO          472    .text               c_w.l(_printf_longlong_dec.o)
    0x08000ac0   0x08000ac0   0x00000070   Code   RO          478    .text               c_w.l(_printf_oct_int_ll.o)
    0x08000b30   0x08000b30   0x00000094   Code   RO          498    .text               c_w.l(_printf_hex_int_ll_ptr.o)
    0x08000bc4   0x08000bc4   0x0000018e   Code   RO          518    .text               c_w.l(__printf_flags_ss_wp.o)
    0x08000d52   0x08000d52   0x00000016   Code   RO          544    .text               c_w.l(abort.o)
    0x08000d68   0x08000d68   0x00000014   Code   RO          546    .text               c_w.l(assert_puts.o)
    0x08000d7c   0x08000d7c   0x00000064   Code   RO          548    .text               c_w.l(rt_memcpy_w.o)
    0x08000de0   0x08000de0   0x0000000e   Code   RO          689    .text               c_w.l(sys_wrch.o)
    0x08000dee   0x08000dee   0x00000002   PAD
    0x08000df0   0x08000df0   0x0000000c   Code   RO          693    .text               c_w.l(sys_exit.o)
    0x08000dfc   0x08000dfc   0x00000008   Code   RO          701    .text               c_w.l(libspace.o)
    0x08000e04   0x08000e04   0x00000000   Code   RO          728    .text               c_w.l(maybetermalloc1.o)
    0x08000e04   0x08000e04   0x00000034   Code   RO          730    .text               c_w.l(h1_extend.o)
    0x08000e38   0x08000e38   0x0000008a   Code   RO          734    .text               c_w.l(lludiv10.o)
    0x08000ec2   0x08000ec2   0x000000b2   Code   RO          736    .text               c_w.l(_printf_intcommon.o)
    0x08000f74   0x08000f74   0x00000422   Code   RO          738    .text               c_w.l(_printf_fp_dec.o)
    0x08001396   0x08001396   0x00000002   PAD
    0x08001398   0x08001398   0x00000302   Code   RO          742    .text               c_w.l(_printf_fp_hex.o)
    0x0800169a   0x0800169a   0x0000002c   Code   RO          747    .text               c_w.l(_printf_char.o)
    0x080016c6   0x080016c6   0x0000002c   Code   RO          749    .text               c_w.l(_printf_wchar.o)
    0x080016f2   0x080016f2   0x00000048   Code   RO          752    .text               c_w.l(_c16rtomb.o)
    0x0800173a   0x0800173a   0x0000000e   Code   RO          754    .text               c_w.l(defsig_abrt_outer.o)
    0x08001748   0x08001748   0x0000000e   Code   RO          758    .text               c_w.l(defsig_rtmem_outer.o)
    0x08001756   0x08001756   0x00000002   Code   RO          777    .text               c_w.l(use_no_semi.o)
    0x08001758   0x08001758   0x00000000   Code   RO          779    .text               c_w.l(indicate_semi.o)
    0x08001758   0x08001758   0x0000004a   Code   RO          780    .text               c_w.l(sys_stackheap_outer.o)
    0x080017a2   0x080017a2   0x00000002   PAD
    0x080017a4   0x080017a4   0x00000010   Code   RO          782    .text               c_w.l(rt_ctype_table.o)
    0x080017b4   0x080017b4   0x00000008   Code   RO          789    .text               c_w.l(rt_locale_intlibspace.o)
    0x080017bc   0x080017bc   0x00000080   Code   RO          793    .text               c_w.l(_printf_fp_infnan.o)
    0x0800183c   0x0800183c   0x000000e4   Code   RO          795    .text               c_w.l(bigflt0.o)
    0x08001920   0x08001920   0x00000012   Code   RO          825    .text               c_w.l(exit.o)
    0x08001932   0x08001932   0x0000000a   Code   RO          827    .text               c_w.l(defsig_exit.o)
    0x0800193c   0x0800193c   0x00000030   Code   RO          829    .text               c_w.l(defsig_abrt_inner.o)
    0x0800196c   0x0800196c   0x00000050   Code   RO          835    .text               c_w.l(defsig_rtmem_inner.o)
    0x080019bc   0x080019bc   0x00000032   Code   RO          860    .text               c_w.l(defsig_general.o)
    0x080019ee   0x080019ee   0x00000002   PAD
    0x080019f0   0x080019f0   0x0000007c   Code   RO          864    .text               c_w.l(strcmpv7em.o)
    0x08001a6c   0x08001a6c   0x00000010   Code   RO         1197    .text               c_w.l(aeabi_memset.o)
    0x08001a7c   0x08001a7c   0x00000044   Code   RO         1199    .text               c_w.l(rt_memclr.o)
    0x08001ac0   0x08001ac0   0x00000268   Code   RO         1063    .text.$Sub$$main    lto-llvm-96cafc.o
    0x08001d28   0x08001d28   0x000000a0   Code   RO          971    .text.ARM_2D_A1_FONT_GET_CHAR_DESCRIPTOR_HANDLER  lto-llvm-96cafc.o
    0x08001dc8   0x08001dc8   0x00000002   Code   RO          917    .text.BusFault_Handler  lto-llvm-96cafc.o
    0x08001dca   0x08001dca   0x00000002   PAD
    0x08001dcc   0x08001dcc   0x0000008a   Code   RO          933    .text.CreateFruit   lto-llvm-96cafc.o
    0x08001e56   0x08001e56   0x00000002   Code   RO          923    .text.DebugMon_Handler  lto-llvm-96cafc.o
    0x08001e58   0x08001e58   0x00000160   Code   RO          931    .text.DrawEndGamePanel  lto-llvm-96cafc.o
    0x08001fb8   0x08001fb8   0x00000114   Code   RO          929    .text.DrawRunningGamePanel  lto-llvm-96cafc.o
    0x080020cc   0x080020cc   0x00000110   Code   RO          927    .text.DrawStartGamePanel  lto-llvm-96cafc.o
    0x080021dc   0x080021dc   0x0000003e   Code   RO          943    .text.EXTI15_10_IRQHandler  lto-llvm-96cafc.o
    0x0800221a   0x0800221a   0x00000040   Code   RO          945    .text.EXTI9_5_IRQHandler  lto-llvm-96cafc.o
    0x0800225a   0x0800225a   0x00000002   PAD
    0x0800225c   0x0800225c   0x000001de   Code   RO         1045    .text.HAL_GPIO_Init  lto-llvm-96cafc.o
    0x0800243a   0x0800243a   0x00000058   Code   RO         1041    .text.HAL_Init      lto-llvm-96cafc.o
    0x08002492   0x08002492   0x0000008e   Code   RO         1043    .text.HAL_InitTick  lto-llvm-96cafc.o
    0x08002520   0x08002520   0x000000b6   Code   RO         1047    .text.HAL_RCC_GetSysClockFreq  lto-llvm-96cafc.o
    0x080025d6   0x080025d6   0x000000dc   Code   RO          939    .text.LCD_Address_Set  lto-llvm-96cafc.o
    0x080026b2   0x080026b2   0x00000002   PAD
    0x080026b4   0x080026b4   0x00000044   Code   RO          937    .text.LCD_SPI_Send  lto-llvm-96cafc.o
    0x080026f8   0x080026f8   0x00000002   Code   RO          915    .text.MemManage_Handler  lto-llvm-96cafc.o
    0x080026fa   0x080026fa   0x00000002   PAD
    0x080026fc   0x080026fc   0x00000002   Code   RO          913    .text.NMI_Handler   lto-llvm-96cafc.o
    0x080026fe   0x080026fe   0x00000002   PAD
    0x08002700   0x08002700   0x00000218   Code   RO          941    .text.SPI3_WriteByte  lto-llvm-96cafc.o
    0x08002918   0x08002918   0x000000ca   Code   RO         1049    .text.SPI_WaitFifoStateUntilTimeout  lto-llvm-96cafc.o
    0x080029e2   0x080029e2   0x00000002   Code   RO          921    .text.SVC_Handler   lto-llvm-96cafc.o
    0x080029e4   0x080029e4   0x00000560   Code   RO          935    .text.SnakeGameEntry  lto-llvm-96cafc.o
    0x08002f44   0x08002f44   0x000001ca   Code   RO          925    .text.SysTick_Handler  lto-llvm-96cafc.o
    0x0800310e   0x0800310e   0x00000002   PAD
    0x08003110   0x08003110   0x0000022c   Code   RO          911    .text.SystemClock_Config  lto-llvm-96cafc.o
    0x0800333c   0x0800333c   0x00000044   Code   RO         1051    .text.SystemInit    lto-llvm-96cafc.o
    0x08003380   0x08003380   0x00000002   Code   RO          919    .text.UsageFault_Handler  lto-llvm-96cafc.o
    0x08003382   0x08003382   0x00000040   Code   RO          951    .text.__arm_2d_helper_pfb_get_next_dirty_region  lto-llvm-96cafc.o
    0x080033c2   0x080033c2   0x00000062   Code   RO          987    .text.__arm_2d_issue_sub_task_copy  lto-llvm-96cafc.o
    0x08003424   0x08003424   0x00000074   Code   RO          991    .text.__arm_2d_issue_sub_task_copy_origin  lto-llvm-96cafc.o
    0x08003498   0x08003498   0x000000cc   Code   RO          993    .text.__arm_2d_issue_sub_task_copy_origin_masks  lto-llvm-96cafc.o
    0x08003564   0x08003564   0x000000b0   Code   RO          989    .text.__arm_2d_issue_sub_task_copy_with_mask  lto-llvm-96cafc.o
    0x08003614   0x08003614   0x00000064   Code   RO          983    .text.__arm_2d_issue_sub_task_fill  lto-llvm-96cafc.o
    0x08003678   0x08003678   0x000000a6   Code   RO          985    .text.__arm_2d_issue_sub_task_fill_with_mask  lto-llvm-96cafc.o
    0x0800371e   0x0800371e   0x00000388   Code   RO         1009    .text.__arm_2d_op_invoke  lto-llvm-96cafc.o
    0x08003aa6   0x08003aa6   0x00000002   PAD
    0x08003aa8   0x08003aa8   0x00000682   Code   RO         1003    .text.__arm_2d_region_calculator  lto-llvm-96cafc.o
    0x0800412a   0x0800412a   0x00000002   PAD
    0x0800412c   0x0800412c   0x00000070   Code   RO          965    .text.__arm_2d_rgb16_sw_colour_filling  lto-llvm-96cafc.o
    0x0800419c   0x0800419c   0x0000029c   Code   RO          963    .text.__arm_2d_rgb16_sw_draw_pattern  lto-llvm-96cafc.o
    0x08004438   0x08004438   0x00000196   Code   RO          957    .text.__arm_2d_rgb565_sw_colour_filling_with_opacity  lto-llvm-96cafc.o
    0x080045ce   0x080045ce   0x00000002   PAD
    0x080045d0   0x080045d0   0x000005b0   Code   RO          953    .text.__arm_2d_rgb565_sw_tile_copy_with_src_mask  lto-llvm-96cafc.o
    0x08004b80   0x08004b80   0x000006f4   Code   RO          955    .text.__arm_2d_rgb565_sw_tile_fill_with_src_mask  lto-llvm-96cafc.o
    0x08005274   0x08005274   0x000000d0   Code   RO         1005    .text.__arm_2d_source_side_tile_mirror_preprocess  lto-llvm-96cafc.o
    0x08005344   0x08005344   0x0000007e   Code   RO          975    .text.__arm_2d_sub_task_depose  lto-llvm-96cafc.o
    0x080053c2   0x080053c2   0x00000002   PAD
    0x080053c4   0x080053c4   0x000000a4   Code   RO          979    .text.__arm_2d_tile_get_1st_derived_child_or_root  lto-llvm-96cafc.o
    0x08005468   0x08005468   0x000000ce   Code   RO         1001    .text.__arm_2d_tile_region_caculator  lto-llvm-96cafc.o
    0x08005536   0x08005536   0x00000030   Code   RO          977    .text.__depose_virtual_resource  lto-llvm-96cafc.o
    0x08005566   0x08005566   0x000000a8   Code   RO         1011    .text.__glcd0_pfb_render_handler  lto-llvm-96cafc.o
    0x0800560e   0x0800560e   0x00000072   Code   RO         1007    .text.__load_virtual_resource  lto-llvm-96cafc.o
    0x08005680   0x08005680   0x0000007c   Code   RO         1013    .text.__on_each_frame_complete  lto-llvm-96cafc.o
    0x080056fc   0x080056fc   0x00000016   Code   RO         1021    .text.__on_scene0_depose  lto-llvm-96cafc.o
    0x08005712   0x08005712   0x0000002e   Code   RO         1019    .text.__on_scene0_frame_complete  lto-llvm-96cafc.o
    0x08005740   0x08005740   0x00000044   Code   RO         1027    .text.__on_scene1_background_complete  lto-llvm-96cafc.o
    0x08005784   0x08005784   0x00000016   Code   RO         1033    .text.__on_scene1_depose  lto-llvm-96cafc.o
    0x0800579a   0x0800579a   0x00000002   PAD
    0x0800579c   0x0800579c   0x000001cc   Code   RO         1031    .text.__on_scene1_frame_complete  lto-llvm-96cafc.o
    0x08005968   0x08005968   0x0000004a   Code   RO         1029    .text.__on_scene1_frame_start  lto-llvm-96cafc.o
    0x080059b2   0x080059b2   0x00000016   Code   RO         1039    .text.__on_scene2_depose  lto-llvm-96cafc.o
    0x080059c8   0x080059c8   0x00000040   Code   RO          148    .text.__perf_counter_init  perf_counter.lib(perf_counter.o)
    0x08005a08   0x08005a08   0x00000002   Code   RO          138    .text.__perf_os_patch_init  perf_counter.lib(perf_counter.o)
    0x08005a0a   0x08005a0a   0x0000000e   Code   RO         1015    .text.__pfb_draw_scene0_background_handler  lto-llvm-96cafc.o
    0x08005a18   0x08005a18   0x0000000e   Code   RO         1017    .text.__pfb_draw_scene0_handler  lto-llvm-96cafc.o
    0x08005a26   0x08005a26   0x0000000e   Code   RO         1023    .text.__pfb_draw_scene1_background_handler  lto-llvm-96cafc.o
    0x08005a34   0x08005a34   0x000000c8   Code   RO         1025    .text.__pfb_draw_scene1_handler  lto-llvm-96cafc.o
    0x08005afc   0x08005afc   0x0000000e   Code   RO         1035    .text.__pfb_draw_scene2_background_handler  lto-llvm-96cafc.o
    0x08005b0a   0x08005b0a   0x0000000e   Code   RO         1037    .text.__pfb_draw_scene2_handler  lto-llvm-96cafc.o
    0x08005b18   0x08005b18   0x00000036   Code   RO         1077    .text.__rt_ffs      lto-llvm-96cafc.o
    0x08005b4e   0x08005b4e   0x00000098   Code   RO          997    .text.__tile_clipped_pave  lto-llvm-96cafc.o
    0x08005be6   0x08005be6   0x0000004e   Code   RO          999    .text.__tile_non_negtive_location_pave  lto-llvm-96cafc.o
    0x08005c34   0x08005c34   0x000000b6   Code   RO         1095    .text._rt_thread_init  lto-llvm-96cafc.o
    0x08005cea   0x08005cea   0x00000054   Code   RO          947    .text.arm_2d_helper_pfb_flush  lto-llvm-96cafc.o
    0x08005d3e   0x08005d3e   0x00000002   PAD
    0x08005d40   0x08005d40   0x00000612   Code   RO          949    .text.arm_2d_helper_pfb_task  lto-llvm-96cafc.o
    0x08006352   0x08006352   0x0000008a   Code   RO          981    .text.arm_2d_region_intersect  lto-llvm-96cafc.o
    0x080063dc   0x080063dc   0x00000054   Code   RO          995    .text.arm_2d_tile_generate_child  lto-llvm-96cafc.o
    0x08006430   0x08006430   0x0000004e   Code   RO          967    .text.arm_2dp_rgb16_fill_colour  lto-llvm-96cafc.o
    0x0800647e   0x0800647e   0x0000005c   Code   RO          959    .text.arm_2dp_rgb565_fill_colour_with_opacity  lto-llvm-96cafc.o
    0x080064da   0x080064da   0x000000b8   Code   RO          961    .text.arm_2dp_rgb565_tile_copy_with_src_mask  lto-llvm-96cafc.o
    0x08006592   0x08006592   0x00000002   PAD
    0x08006594   0x08006594   0x000001f8   Code   RO          973    .text.arm_lcd_printf  lto-llvm-96cafc.o
    0x0800678c   0x0800678c   0x00000016   Code   RO          969    .text.arm_lcd_text_set_draw_region  lto-llvm-96cafc.o
    0x080067a2   0x080067a2   0x00000002   PAD
    0x080067a4   0x080067a4   0x0000003c   Code   RO          142    .text.get_system_ticks  perf_counter.lib(perf_counter.o)
    0x080067e0   0x080067e0   0x0000005c   Code   RO          144    .text.init_cycle_counter  perf_counter.lib(perf_counter.o)
    0x0800683c   0x0800683c   0x00000776   Code   RO          909    .text.main          lto-llvm-96cafc.o
    0x08006fb2   0x08006fb2   0x00000002   PAD
    0x08006fb4   0x08006fb4   0x00000032   Code   RO         1065    .text.main_thread_entry  lto-llvm-96cafc.o
    0x08006fe6   0x08006fe6   0x000000b6   Code   RO         1081    .text.rt_free       lto-llvm-96cafc.o
    0x0800709c   0x0800709c   0x00000002   Code   RO         1053    .text.rt_hw_hard_fault_exception  lto-llvm-96cafc.o
    0x0800709e   0x0800709e   0x00000002   PAD
    0x080070a0   0x080070a0   0x00000148   Code   RO         1079    .text.rt_malloc     lto-llvm-96cafc.o
    0x080071e8   0x080071e8   0x0000005a   Code   RO         1073    .text.rt_memset     lto-llvm-96cafc.o
    0x08007242   0x08007242   0x0000002c   Code   RO         1085    .text.rt_object_delete  lto-llvm-96cafc.o
    0x0800726e   0x0800726e   0x00000002   PAD
    0x08007270   0x08007270   0x000000b4   Code   RO         1083    .text.rt_object_init  lto-llvm-96cafc.o
    0x08007324   0x08007324   0x0000006e   Code   RO         1087    .text.rt_schedule   lto-llvm-96cafc.o
    0x08007392   0x08007392   0x00000052   Code   RO         1089    .text.rt_schedule_insert_thread  lto-llvm-96cafc.o
    0x080073e4   0x080073e4   0x0000004c   Code   RO         1091    .text.rt_schedule_remove_thread  lto-llvm-96cafc.o
    0x08007430   0x08007430   0x0000004a   Code   RO         1071    .text.rt_sem_release  lto-llvm-96cafc.o
    0x0800747a   0x0800747a   0x00000002   PAD
    0x0800747c   0x0800747c   0x000000c6   Code   RO         1069    .text.rt_sem_take   lto-llvm-96cafc.o
    0x08007542   0x08007542   0x00000002   PAD
    0x08007544   0x08007544   0x000000b2   Code   RO         1103    .text.rt_thread_create  lto-llvm-96cafc.o
    0x080075f6   0x080075f6   0x000000c4   Code   RO         1093    .text.rt_thread_exit  lto-llvm-96cafc.o
    0x080076ba   0x080076ba   0x00000002   PAD
    0x080076bc   0x080076bc   0x0000003a   Code   RO         1067    .text.rt_thread_idle_entry  lto-llvm-96cafc.o
    0x080076f6   0x080076f6   0x00000042   Code   RO         1101    .text.rt_thread_resume  lto-llvm-96cafc.o
    0x08007738   0x08007738   0x00000032   Code   RO         1099    .text.rt_thread_startup  lto-llvm-96cafc.o
    0x0800776a   0x0800776a   0x00000028   Code   RO         1097    .text.rt_thread_timeout  lto-llvm-96cafc.o
    0x08007792   0x08007792   0x00000034   Code   RO         1105    .text.rt_timer_stop  lto-llvm-96cafc.o
    0x080077c6   0x080077c6   0x00000004   Code   RO         1059    .text.rti_board_end  lto-llvm-96cafc.o
    0x080077ca   0x080077ca   0x00000004   Code   RO         1057    .text.rti_board_start  lto-llvm-96cafc.o
    0x080077ce   0x080077ce   0x00000004   Code   RO         1061    .text.rti_end       lto-llvm-96cafc.o
    0x080077d2   0x080077d2   0x00000004   Code   RO         1055    .text.rti_start     lto-llvm-96cafc.o
    0x080077d6   0x080077d6   0x00000002   PAD
    0x080077d8   0x080077d8   0x00000054   Code   RO          140    .text.update_perf_counter  perf_counter.lib(perf_counter.o)
    0x0800782c   0x0800782c   0x00000084   Code   RO          136    .text.user_code_insert_to_systick_handler  perf_counter.lib(perf_counter.o)
    0x080078b0   0x080078b0   0x0000003e   Code   RO          798    CL$$btod_d2e        c_w.l(btod.o)
    0x080078ee   0x080078ee   0x00000046   Code   RO          800    CL$$btod_d2e_denorm_low  c_w.l(btod.o)
    0x08007934   0x08007934   0x00000060   Code   RO          799    CL$$btod_d2e_norm_op1  c_w.l(btod.o)
    0x08007994   0x08007994   0x00000338   Code   RO          808    CL$$btod_div_common  c_w.l(btod.o)
    0x08007ccc   0x08007ccc   0x000000dc   Code   RO          805    CL$$btod_e2e        c_w.l(btod.o)
    0x08007da8   0x08007da8   0x0000002a   Code   RO          802    CL$$btod_ediv       c_w.l(btod.o)
    0x08007dd2   0x08007dd2   0x0000002a   Code   RO          801    CL$$btod_emul       c_w.l(btod.o)
    0x08007dfc   0x08007dfc   0x00000244   Code   RO          807    CL$$btod_mult_common  c_w.l(btod.o)
    0x08008040   0x08008040   0x00000030   Code   RO          668    i.__ARM_fpclassify  m_wm.l(fpclassify.o)
    0x08008070   0x08008070   0x0000000e   Code   RO          511    i._is_digit         c_w.l(__printf_wp.o)
    0x0800807e   0x0800807e   0x00000002   PAD
    0x08008080   0x08008080   0x0000002c   Code   RO          823    locale$$code        c_w.l(lc_numeric_c.o)
    0x080080ac   0x080080ac   0x0000002c   Code   RO          856    locale$$code        c_w.l(lc_ctype_c.o)
    0x080080d8   0x080080d8   0x0000001a   Code   RO          775    x$fpl$fpinit        fz_wm.l(fpinit.o)
    0x080080f2   0x080080f2   0x00000004   Code   RO          645    x$fpl$printf1       fz_wm.l(printf1.o)
    0x080080f6   0x080080f6   0x00000004   Code   RO          647    x$fpl$printf2       fz_wm.l(printf2.o)
    0x080080fa   0x080080fa   0x00000000   Code   RO          653    x$fpl$usenofp       fz_wm.l(usenofp.o)
    0x080080fa   0x080080fa   0x00000002   PAD
    0x080080fc   0x080080fc   0x00000008   Data   RO          470    .constdata          c_w.l(_printf_wctomb.o)
    0x08008104   0x08008104   0x00000028   Data   RO          499    .constdata          c_w.l(_printf_hex_int_ll_ptr.o)
    0x0800812c   0x0800812c   0x00000011   Data   RO          519    .constdata          c_w.l(__printf_flags_ss_wp.o)
    0x0800813d   0x0800813d   0x00000026   Data   RO          743    .constdata          c_w.l(_printf_fp_hex.o)
    0x08008163   0x08008163   0x00000001   PAD
    0x08008164   0x08008164   0x00000094   Data   RO          796    .constdata          c_w.l(bigflt0.o)
    0x080081f8   0x080081f8   0x00000044   Data   RO         1149    .rodata..L__const.__user_scene_player_init.tCFG  lto-llvm-96cafc.o
    0x0800823c   0x0800823c   0x00000024   Data   RO         1145    .rodata.ARM_2D_FONT_6x8  lto-llvm-96cafc.o
    0x08008260   0x08008260   0x00000010   Data   RO         1140    .rodata.ARM_2D_OP_DRAW_PATTERN_RGB16  lto-llvm-96cafc.o
    0x08008270   0x08008270   0x00000010   Data   RO         1141    .rodata.ARM_2D_OP_FILL_COLOUR_RGB16  lto-llvm-96cafc.o
    0x08008280   0x08008280   0x00000010   Data   RO         1136    .rodata.ARM_2D_OP_FILL_COLOUR_WITH_OPACITY_RGB565  lto-llvm-96cafc.o
    0x08008290   0x08008290   0x00000010   Data   RO         1137    .rodata.ARM_2D_OP_TILE_COPY_WITH_SRC_MASK_RGB565  lto-llvm-96cafc.o
    0x080082a0   0x080082a0   0x00000380   Data   RO         1142    .rodata.Font_6x8_h  lto-llvm-96cafc.o
    0x08008620   0x08008620   0x00000008   Data   RO         1133    .rodata.LOW_LEVEL_IO__ARM_2D_IO_COPY_WITH_SRC_MASK_RGB565  lto-llvm-96cafc.o
    0x08008628   0x08008628   0x00000008   Data   RO         1138    .rodata.LOW_LEVEL_IO__ARM_2D_IO_DRAW_PATTERN_RGB16  lto-llvm-96cafc.o
    0x08008630   0x08008630   0x00000008   Data   RO         1139    .rodata.LOW_LEVEL_IO__ARM_2D_IO_FILL_COLOUR_RGB16  lto-llvm-96cafc.o
    0x08008638   0x08008638   0x00000008   Data   RO         1135    .rodata.LOW_LEVEL_IO__ARM_2D_IO_FILL_COLOUR_WITH_OPACITY_RGB565  lto-llvm-96cafc.o
    0x08008640   0x08008640   0x00000008   Data   RO         1134    .rodata.LOW_LEVEL_IO__ARM_2D_IO_FILL_WITH_SRC_MASK_RGB565  lto-llvm-96cafc.o
    0x08008648   0x08008648   0x00000030   Data   RO         1161    .rodata.MSIRangeTable  lto-llvm-96cafc.o
    0x08008678   0x08008678   0x00000100   Data   RO         1172    .rodata.__lowest_bit_bitmap  lto-llvm-96cafc.o
    0x08008778   0x08008778   0x00000010   Data   RO         1160    .rodata.cst16       lto-llvm-96cafc.o
    0x08008788   0x08008788   0x000005a5   Data   RO         1109    .rodata.str1.1      lto-llvm-96cafc.o
    0x08008d2d   0x08008d2d   0x00000003   PAD
    0x08008d30   0x08008d30   0x00000004   Data   RO         1166    .rti_fn.0           lto-llvm-96cafc.o
    0x08008d34   0x08008d34   0x00000004   Data   RO         1167    .rti_fn.0.end       lto-llvm-96cafc.o
    0x08008d38   0x08008d38   0x00000004   Data   RO         1168    .rti_fn.1.end       lto-llvm-96cafc.o
    0x08008d3c   0x08008d3c   0x00000004   Data   RO         1169    .rti_fn.6.end       lto-llvm-96cafc.o
    0x08008d40   0x08008d40   0x00000020   Data   RO         1202    Region$$Table       anon$$obj.o
    0x08008d60   0x08008d60   0x00000064   Data   RO         1121    arm2d.asset.c_bmpFruitAlpha  lto-llvm-96cafc.o
    0x08008dc4   0x08008dc4   0x000000c8   Data   RO         1119    arm2d.asset.c_bmpFruitRGB565  lto-llvm-96cafc.o
    0x08008e8c   0x08008e8c   0x00000064   Data   RO         1125    arm2d.asset.c_bmpSnakeBodyAlpha  lto-llvm-96cafc.o
    0x08008ef0   0x08008ef0   0x000000c8   Data   RO         1123    arm2d.asset.c_bmpSnakeBodyRGB565  lto-llvm-96cafc.o
    0x08008fb8   0x08008fb8   0x000057e4   Data   RO         1118    arm2d.asset.c_bmpSnakeLogoAlpha  lto-llvm-96cafc.o
    0x0800e79c   0x0800e79c   0x0000afc8   Data   RO         1115    arm2d.asset.c_bmpSnakeLogoRGB565  lto-llvm-96cafc.o
    0x08019764   0x08019764   0x00000010   Data   RO         1122    arm2d.tile.c_tileFruitMask  lto-llvm-96cafc.o
    0x08019774   0x08019774   0x00000010   Data   RO         1120    arm2d.tile.c_tileFruitRGB565  lto-llvm-96cafc.o
    0x08019784   0x08019784   0x00000010   Data   RO         1126    arm2d.tile.c_tileSnakeBodyMask  lto-llvm-96cafc.o
    0x08019794   0x08019794   0x00000010   Data   RO         1124    arm2d.tile.c_tileSnakeBodyRGB565  lto-llvm-96cafc.o
    0x080197a4   0x080197a4   0x00000010   Data   RO         1117    arm2d.tile.c_tileSnakeLogoMask  lto-llvm-96cafc.o
    0x080197b4   0x080197b4   0x00000010   Data   RO         1116    arm2d.tile.c_tileSnakeLogoRGB565  lto-llvm-96cafc.o
    0x080197c4   0x080197c4   0x0000001c   Data   RO          822    locale$$data        c_w.l(lc_numeric_c.o)
    0x080197e0   0x080197e0   0x00000110   Data   RO          855    locale$$data        c_w.l(lc_ctype_c.o)
    0x080198f0   0x080198f0   0x00000004   Data   RO          209    .init_array         perf_counter.lib(perf_counter.o)
    0x080198f4   0x080198f0   0x00000000   Data   RO          347    .init_array         c_w.l(init_aeabi.o)


    Execution Region RW_IRAM1 (Exec base: 0x20000000, Load base: 0x080198f8, Size: 0x00007c00, Max: 0x00040000, ABSOLUTE)

    Exec Addr    Load Addr    Size         Type   Attr      Idx    E Section Name        Object

    0x20000000   0x080198f8   0x00000004   Data   RW         1150    .data.BENCHMARK.0   lto-llvm-96cafc.o
    0x20000004   0x080198fc   0x00000004   PAD
    0x20000008   0x08019900   0x00000004   Data   RW         1153    .data.BENCHMARK.4   lto-llvm-96cafc.o
    0x2000000c   0x08019904   0x00000004   Data   RW         1159    .data.SystemCoreClock  lto-llvm-96cafc.o
    0x20000010   0x08019908   0x00000010   Data   RW         1154    .data.__arm_2d_scene0_init.s_tDirtyRegions  lto-llvm-96cafc.o
    0x20000020   0x08019918   0x00000020   Data   RW         1155    .data.__arm_2d_scene1_init.s_tDirtyRegions  lto-llvm-96cafc.o
    0x20000040   0x08019938   0x00000010   Data   RW         1156    .data.__arm_2d_scene2_init.s_tDirtyRegions  lto-llvm-96cafc.o
    0x20000050   0x08019948   0x00000040   Data   RW         1180    .data.rt_object_container  lto-llvm-96cafc.o
    0x20000090   0x08019988   0x00000004   Data   RW          204    .data.s_nMSUnit     perf_counter.lib(perf_counter.o)
    0x20000094   0x0801998c   0x00000004   Data   RW          207    .data.s_nUSUnit     perf_counter.lib(perf_counter.o)
    0x20000098   0x08019990   0x00000004   Data   RW         1132    .data.s_tHelper.1   lto-llvm-96cafc.o
    0x2000009c   0x08019994   0x00000004   PAD
    0x200000a0   0x08019998   0x00000030   Data   RW         1143    .data.s_tLCDTextControl  lto-llvm-96cafc.o
    0x200000d0   0x080199c8   0x00000001   Data   RW         1114    .data.snake_direction  lto-llvm-96cafc.o
    0x200000d1   0x080199c9   0x00000007   PAD
    0x200000d8        -       0x000000e4   Zero   RW          285    .bss                c_w.l(rand.o)
    0x200001bc        -       0x00000060   Zero   RW          702    .bss                c_w.l(libspace.o)
    0x2000021c   0x080199c9   0x00000004   PAD
    0x20000220        -       0x00000004   Zero   RW         1151    .bss.BENCHMARK.1    lto-llvm-96cafc.o
    0x20000224   0x080199c9   0x00000004   PAD
    0x20000228        -       0x00000008   Zero   RW         1152    .bss.BENCHMARK.2    lto-llvm-96cafc.o
    0x20000230        -       0x00000064   Zero   RW         1128    .bss.SPI3_Handler   lto-llvm-96cafc.o
    0x20000294        -       0x00000001   Zero   RW         1129    .bss.any_key_press  lto-llvm-96cafc.o
    0x20000295        -       0x00000041   Zero   RW         1144    .bss.arm_lcd_printf.s_chBuffer  lto-llvm-96cafc.o
    0x200002d6        -       0x00000001   Zero   RW         1111    .bss.fruit.0        lto-llvm-96cafc.o
    0x200002d7        -       0x00000001   Zero   RW         1112    .bss.fruit.1        lto-llvm-96cafc.o
    0x200002d8        -       0x00000001   Zero   RW         1113    .bss.fruit.2        lto-llvm-96cafc.o
    0x200002d9   0x080199c9   0x00000007   PAD
    0x200002e0        -       0x00000008   Zero   RW          200    .bss.g_lLastTimeStamp  perf_counter.lib(perf_counter.o)
    0x200002e8        -       0x00000004   Zero   RW          201    .bss.g_nOffset      perf_counter.lib(perf_counter.o)
    0x200002ec        -       0x00000006   Zero   RW         1108    .bss.gameState      lto-llvm-96cafc.o
    0x200002f2        -       0x00000001   Zero   RW         1130    .bss.get_key_press  lto-llvm-96cafc.o
    0x200002f3   0x080199c9   0x00000001   PAD
    0x200002f4        -       0x00000004   Zero   RW         1175    .bss.heap_end       lto-llvm-96cafc.o
    0x200002f8        -       0x00000004   Zero   RW         1174    .bss.heap_ptr       lto-llvm-96cafc.o
    0x200002fc        -       0x00000020   Zero   RW         1176    .bss.heap_sem       lto-llvm-96cafc.o
    0x2000031c        -       0x00000078   Zero   RW         1170    .bss.idle           lto-llvm-96cafc.o
    0x20000394        -       0x00000480   Zero   RW         1127    .bss.lcd_buf        lto-llvm-96cafc.o
    0x20000814        -       0x00000004   Zero   RW         1177    .bss.lfree          lto-llvm-96cafc.o
    0x20000818        -       0x00000004   Zero   RW         1179    .bss.max_mem        lto-llvm-96cafc.o
    0x2000081c        -       0x00000001   Zero   RW         1173    .bss.mem_size_aligned  lto-llvm-96cafc.o
    0x2000081d   0x080199c9   0x00000003   PAD
    0x20000820        -       0x00000188   Zero   RW         1147    .bss.noinit         lto-llvm-96cafc.o
    0x200009a8        -       0x00002d1c   Zero   RW         1148    .bss.noinit.arm_2d_pfb_pool  lto-llvm-96cafc.o
    0x200036c4        -       0x00000004   Zero   RW         1184    .bss.rt_current_thread  lto-llvm-96cafc.o
    0x200036c8        -       0x00003c00   Zero   RW         1189    .bss.rt_heap        lto-llvm-96cafc.o
    0x200072c8        -       0x00000004   Zero   RW         1162    .bss.rt_interrupt_from_thread  lto-llvm-96cafc.o
    0x200072cc        -       0x00000001   Zero   RW         1183    .bss.rt_interrupt_nest  lto-llvm-96cafc.o
    0x200072cd   0x080199c9   0x00000003   PAD
    0x200072d0        -       0x00000004   Zero   RW         1163    .bss.rt_interrupt_to_thread  lto-llvm-96cafc.o
    0x200072d4        -       0x00000002   Zero   RW         1181    .bss.rt_scheduler_lock_nest  lto-llvm-96cafc.o
    0x200072d6   0x080199c9   0x00000002   PAD
    0x200072d8        -       0x00000008   Zero   RW         1185    .bss.rt_thread_defunct  lto-llvm-96cafc.o
    0x200072e0        -       0x00000100   Zero   RW         1186    .bss.rt_thread_priority_table  lto-llvm-96cafc.o
    0x200073e0        -       0x00000004   Zero   RW         1182    .bss.rt_thread_ready_priority_group  lto-llvm-96cafc.o
    0x200073e4        -       0x00000100   Zero   RW         1171    .bss.rt_thread_stack  lto-llvm-96cafc.o
    0x200074e4        -       0x00000004   Zero   RW         1164    .bss.rt_thread_switch_interrupt_flag  lto-llvm-96cafc.o
    0x200074e8        -       0x00000004   Zero   RW         1165    .bss.rt_tick        lto-llvm-96cafc.o
    0x200074ec        -       0x00000008   Zero   RW         1188    .bss.rt_timer_list  lto-llvm-96cafc.o
    0x200074f4        -       0x00000004   Zero   RW         1187    .bss.rt_timer_start.random_nr  lto-llvm-96cafc.o
    0x200074f8        -       0x00000008   Zero   RW          202    .bss.s_lSystemClockCounts  perf_counter.lib(perf_counter.o)
    0x20007500        -       0x00000004   Zero   RW          203    .bss.s_nMSResidule  perf_counter.lib(perf_counter.o)
    0x20007504        -       0x00000004   Zero   RW          205    .bss.s_nSystemMS    perf_counter.lib(perf_counter.o)
    0x20007508        -       0x00000004   Zero   RW          208    .bss.s_nSystemUS    perf_counter.lib(perf_counter.o)
    0x2000750c        -       0x00000004   Zero   RW          206    .bss.s_nUSResidule  perf_counter.lib(perf_counter.o)
    0x20007510        -       0x00000001   Zero   RW         1131    .bss.s_tHelper.0    lto-llvm-96cafc.o
    0x20007511   0x080199c9   0x00000003   PAD
    0x20007514        -       0x000000d8   Zero   RW         1146    .bss.s_tMaskRotateCB  lto-llvm-96cafc.o
    0x200075ec        -       0x00000004   Zero   RW         1110    .bss.snake_head     lto-llvm-96cafc.o
    0x200075f0        -       0x00000004   Zero   RW         1178    .bss.used_mem       lto-llvm-96cafc.o
    0x200075f4        -       0x00000004   Zero   RW         1157    .bss.uwTick         lto-llvm-96cafc.o
    0x200075f8        -       0x00000001   Zero   RW         1158    .bss.uwTickPrio     lto-llvm-96cafc.o
    0x200075f9   0x080199c9   0x00000007   PAD
    0x20007600        -       0x00000200   Zero   RW          108    HEAP                startup_stm32l496xx.o
    0x20007800        -       0x00000400   Zero   RW          107    STACK               startup_stm32l496xx.o


==============================================================================

Image component sizes


      Code (inc. data)   RO Data    RW Data    ZI Data      Debug   Object Name

       320         26          0          0          0        836   context_rvds.o
     23572        644      71081        193      29598     332766   lto-llvm-96cafc.o
        64         26        428          0       1536        872   startup_stm32l496xx.o

    ----------------------------------------------------------------------
     23998        696      71544        204      31168     334474   Object Totals
         0          0         32          0          0          0   (incl. Generated)
        42          0          3         11         34          0   (incl. Padding)

    ----------------------------------------------------------------------

      Code (inc. data)   RO Data    RW Data    ZI Data      Debug   Library Member Name

         8          0          0          0          0         68   __main.o
       398          4         17          0          0         92   __printf_flags_ss_wp.o
        14          0          0          0          0         68   __printf_wp.o
         0          0          0          0          0          0   __rtentry.o
        12          0          0          0          0          0   __rtentry2.o
         6          0          0          0          0          0   __rtentry4.o
        52          8          0          0          0          0   __scatter.o
        26          0          0          0          0          0   __scatter_copy.o
        28          0          0          0          0          0   __scatter_zi.o
        72          0          0          0          0         96   _c16rtomb.o
         6          0          0          0          0          0   _printf_a.o
         6          0          0          0          0          0   _printf_c.o
        44          0          0          0          0        108   _printf_char.o
        48          6          0          0          0         96   _printf_char_common.o
        40          0          0          0          0         68   _printf_charcount.o
         6          0          0          0          0          0   _printf_d.o
       120         16          0          0          0         92   _printf_dec.o
         6          0          0          0          0          0   _printf_e.o
         6          0          0          0          0          0   _printf_f.o
      1058          0          0          0          0        148   _printf_fp_dec.o
       770          8         38          0          0        100   _printf_fp_hex.o
       128         16          0          0          0         84   _printf_fp_infnan.o
         6          0          0          0          0          0   _printf_g.o
       148          4         40          0          0        160   _printf_hex_int_ll_ptr.o
         6          0          0          0          0          0   _printf_i.o
       178          0          0          0          0         88   _printf_intcommon.o
        10          0          0          0          0          0   _printf_l.o
         6          0          0          0          0          0   _printf_lc.o
        10          0          0          0          0          0   _printf_ll.o
         6          0          0          0          0          0   _printf_lld.o
         6          0          0          0          0          0   _printf_lli.o
         6          0          0          0          0          0   _printf_llo.o
         6          0          0          0          0          0   _printf_llu.o
         6          0          0          0          0          0   _printf_llx.o
       124         16          0          0          0         92   _printf_longlong_dec.o
         6          0          0          0          0          0   _printf_ls.o
         6          0          0          0          0          0   _printf_n.o
         6          0          0          0          0          0   _printf_o.o
       112          8          0          0          0        124   _printf_oct_int_ll.o
         6          0          0          0          0          0   _printf_p.o
        78          0          0          0          0        108   _printf_pad.o
         0          0          0          0          0          0   _printf_percent.o
         4          0          0          0          0          0   _printf_percent_end.o
         6          0          0          0          0          0   _printf_s.o
        82          0          0          0          0         80   _printf_str.o
        36          0          0          0          0         84   _printf_truncate.o
         6          0          0          0          0          0   _printf_u.o
        44          0          0          0          0        108   _printf_wchar.o
       194          6          8          0          0         92   _printf_wctomb.o
         6          0          0          0          0          0   _printf_x.o
        16          0          0          0          0         68   _snputc.o
        22          0          0          0          0         80   abort.o
        16          0          0          0          0         68   aeabi_memset.o
       128         42          0          0          0         76   assert.o
        20          0          0          0          0         76   assert_puts.o
       228          4        148          0          0         96   bigflt0.o
      1936        128          0          0          0        668   btod.o
        48         34          0          0          0         76   defsig_abrt_inner.o
        14          0          0          0          0         80   defsig_abrt_outer.o
        10          0          0          0          0         68   defsig_exit.o
        50          0          0          0          0         88   defsig_general.o
        80         58          0          0          0         76   defsig_rtmem_inner.o
        14          0          0          0          0         80   defsig_rtmem_outer.o
        18          0          0          0          0         80   exit.o
        94          0          0          0          0         80   h1_alloc.o
        52          0          0          0          0         68   h1_extend.o
        78          0          0          0          0         80   h1_free.o
        14          0          0          0          0         84   h1_init.o
         6          0          0          0          0        152   heapauxi.o
         4          0          0          0          0        136   hguard.o
         0          0          0          0          0          0   indicate_semi.o
        36          8          0          0          0         80   init_aeabi.o
       138          0          0          0          0        168   init_alloc.o
        44         10        272          0          0         76   lc_ctype_c.o
        44         10         28          0          0         76   lc_numeric_c.o
         2          0          0          0          0          0   libinit.o
        50          0          0          0          0          0   libinit2.o
         2          0          0          0          0          0   libshutdown.o
         2          0          0          0          0          0   libshutdown2.o
         8          4          0          0         96         68   libspace.o
       138          0          0          0          0         80   lludiv10.o
         0          0          0          0          0          0   maybetermalloc1.o
       112         18          0          0        228        160   rand.o
        16          4          0          0          0         76   rt_ctype_table.o
         8          4          0          0          0         68   rt_heap_descriptor_intlibspace.o
         8          4          0          0          0         68   rt_locale_intlibspace.o
        68          0          0          0          0         68   rt_memclr.o
        78          0          0          0          0         80   rt_memclr_w.o
       100          0          0          0          0         80   rt_memcpy_w.o
         2          0          0          0          0          0   rtexit.o
        10          0          0          0          0          0   rtexit2.o
       124          0          0          0          0         88   strcmpv7em.o
        62          0          0          0          0         76   strlen.o
        12          4          0          0          0         68   sys_exit.o
        74          0          0          0          0         80   sys_stackheap_outer.o
        14          0          0          0          0         76   sys_wrch.o
         2          0          0          0          0         68   use_no_semi.o
        60          4          0          0          0         80   vsnprintf.o
        26          0          0          0          0        116   fpinit.o
         4          0          0          0          0        116   printf1.o
         4          0          0          0          0        116   printf2.o
         0          0          0          0          0          0   usenofp.o
        48          0          0          0          0        124   fpclassify.o
       434         92          4          8         36        780   perf_counter.o
        32         10          0          0          0         84   systick_wrapper_ual.o

    ----------------------------------------------------------------------
      8594        530        556          8        364       7256   Library Totals
        20          0          1          0          4          0   (incl. Padding)

    ----------------------------------------------------------------------

      Code (inc. data)   RO Data    RW Data    ZI Data      Debug   Library Name

      8026        428        551          0        324       5920   c_w.l
        34          0          0          0          0        348   fz_wm.l
        48          0          0          0          0        124   m_wm.l
       466        102          4          8         36        864   perf_counter.lib

    ----------------------------------------------------------------------
      8594        530        556          8        364       7256   Library Totals

    ----------------------------------------------------------------------

==============================================================================


      Code (inc. data)   RO Data    RW Data    ZI Data      Debug   

     32592       1226      72100        212      31532     337978   Grand Totals
     32592       1226      72100        212      31532     337978   ELF Image Totals
     32592       1226      72100        212          0          0   ROM Totals

==============================================================================

    Total RO  Size (Code + RO Data)               104692 ( 102.24kB)
    Total RW  Size (RW Data + ZI Data)             31744 (  31.00kB)
    Total ROM Size (Code + RO Data + RW Data)     104904 ( 102.45kB)

==============================================================================

