Component: Arm Compiler for Embedded 6.19 Tool: armlink [5e73cb00]

==============================================================================

Section Cross References

    startup_stm32l496xx.o(RESET) refers to startup_stm32l496xx.o(STACK) for __initial_sp
    startup_stm32l496xx.o(RESET) refers to startup_stm32l496xx.o(.text) for Reset_Handler
    startup_stm32l496xx.o(RESET) refers to lto-llvm-2b22a1.o(.text.NMI_Handler) for NMI_Handler
    startup_stm32l496xx.o(RESET) refers to context_rvds.o(.text) for HardFault_Handler
    startup_stm32l496xx.o(RESET) refers to lto-llvm-2b22a1.o(.text.MemManage_Handler) for MemManage_Handler
    startup_stm32l496xx.o(RESET) refers to lto-llvm-2b22a1.o(.text.BusFault_Handler) for BusFault_Handler
    startup_stm32l496xx.o(RESET) refers to lto-llvm-2b22a1.o(.text.UsageFault_Handler) for UsageFault_Handler
    startup_stm32l496xx.o(RESET) refers to lto-llvm-2b22a1.o(.text.SVC_Handler) for SVC_Handler
    startup_stm32l496xx.o(RESET) refers to lto-llvm-2b22a1.o(.text.DebugMon_Handler) for DebugMon_Handler
    startup_stm32l496xx.o(RESET) refers to systick_wrapper_ual.o(.text) for SysTick_Handler
    startup_stm32l496xx.o(RESET) refers to lto-llvm-2b22a1.o(.text.EXTI9_5_IRQHandler) for EXTI9_5_IRQHandler
    startup_stm32l496xx.o(RESET) refers to lto-llvm-2b22a1.o(.text.EXTI15_10_IRQHandler) for EXTI15_10_IRQHandler
    startup_stm32l496xx.o(.text) refers to lto-llvm-2b22a1.o(.text.SystemInit) for SystemInit
    startup_stm32l496xx.o(.text) refers to entry.o(.ARM.Collect$$$$00000000) for __main
    startup_stm32l496xx.o(.text) refers to startup_stm32l496xx.o(HEAP) for Heap_Mem
    startup_stm32l496xx.o(.text) refers to startup_stm32l496xx.o(STACK) for Stack_Mem
    context_rvds.o(.text) refers to lto-llvm-2b22a1.o(.text.rt_hw_hard_fault_exception) for rt_hw_hard_fault_exception
    context_rvds.o(.text) refers to lto-llvm-2b22a1.o(.bss.rt_thread_switch_interrupt_flag) for rt_thread_switch_interrupt_flag
    context_rvds.o(.text) refers to lto-llvm-2b22a1.o(.bss.rt_interrupt_from_thread) for rt_interrupt_from_thread
    context_rvds.o(.text) refers to lto-llvm-2b22a1.o(.bss.rt_interrupt_to_thread) for rt_interrupt_to_thread
    perf_counter.o(.text.user_code_insert_to_systick_handler) refers to idiv.o(.text) for __aeabi_idiv
    perf_counter.o(.text.user_code_insert_to_systick_handler) refers to perf_counter.o(.bss.s_lSystemClockCounts) for [Anonymous Symbol]
    perf_counter.o(.text.user_code_insert_to_systick_handler) refers to perf_counter.o(.bss.s_nMSResidule) for [Anonymous Symbol]
    perf_counter.o(.text.user_code_insert_to_systick_handler) refers to perf_counter.o(.data.s_nMSUnit) for [Anonymous Symbol]
    perf_counter.o(.text.user_code_insert_to_systick_handler) refers to perf_counter.o(.bss.s_nSystemMS) for [Anonymous Symbol]
    perf_counter.o(.text.user_code_insert_to_systick_handler) refers to perf_counter.o(.bss.s_nUSResidule) for [Anonymous Symbol]
    perf_counter.o(.text.user_code_insert_to_systick_handler) refers to perf_counter.o(.data.s_nUSUnit) for [Anonymous Symbol]
    perf_counter.o(.text.user_code_insert_to_systick_handler) refers to perf_counter.o(.bss.s_nSystemUS) for [Anonymous Symbol]
    perf_counter.o(.ARM.exidx.text.user_code_insert_to_systick_handler) refers to perf_counter.o(.text.user_code_insert_to_systick_handler) for [Anonymous Symbol]
    perf_counter.o(.ARM.exidx.text.__perf_os_patch_init) refers to perf_counter.o(.text.__perf_os_patch_init) for [Anonymous Symbol]
    perf_counter.o(.text.update_perf_counter) refers to uidiv.o(.text) for __aeabi_uidiv
    perf_counter.o(.text.update_perf_counter) refers to perf_counter.o(.text.get_system_ticks) for get_system_ticks
    perf_counter.o(.text.update_perf_counter) refers to lto-llvm-2b22a1.o(.data.SystemCoreClock) for SystemCoreClock
    perf_counter.o(.text.update_perf_counter) refers to perf_counter.o(.data.s_nUSUnit) for [Anonymous Symbol]
    perf_counter.o(.text.update_perf_counter) refers to perf_counter.o(.data.s_nMSUnit) for [Anonymous Symbol]
    perf_counter.o(.text.update_perf_counter) refers to perf_counter.o(.bss.g_lLastTimeStamp) for g_lLastTimeStamp
    perf_counter.o(.text.update_perf_counter) refers to perf_counter.o(.bss.g_nOffset) for g_nOffset
    perf_counter.o(.ARM.exidx.text.update_perf_counter) refers to perf_counter.o(.text.update_perf_counter) for [Anonymous Symbol]
    perf_counter.o(.text.get_system_ticks) refers to perf_counter.o(.bss.s_lSystemClockCounts) for [Anonymous Symbol]
    perf_counter.o(.ARM.exidx.text.get_system_ticks) refers to perf_counter.o(.text.get_system_ticks) for [Anonymous Symbol]
    perf_counter.o(.text.init_cycle_counter) refers to perf_counter.o(.text.update_perf_counter) for update_perf_counter
    perf_counter.o(.text.init_cycle_counter) refers to perf_counter.o(.text.__perf_os_patch_init) for __perf_os_patch_init
[...]
    perf_counter.o(.ARM.exidx.text.perfc_convert_ms_to_ticks) refers to perf_counter.o(.text.perfc_convert_ms_to_ticks) for [Anonymous Symbol]
    perf_counter.o(.text.perfc_convert_ticks_to_us) refers to ldiv.o(.text) for __aeabi_ldivmod
    perf_counter.o(.text.perfc_convert_ticks_to_us) refers to perf_counter.o(.data.s_nUSUnit) for [Anonymous Symbol]
    perf_counter.o(.ARM.exidx.text.perfc_convert_ticks_to_us) refers to perf_counter.o(.text.perfc_convert_ticks_to_us) for [Anonymous Symbol]
    perf_counter.o(.text.perfc_convert_us_to_ticks) refers to llmul.o(.text) for __aeabi_lmul
    perf_counter.o(.text.perfc_convert_us_to_ticks) refers to perf_counter.o(.data.s_nUSUnit) for [Anonymous Symbol]
    perf_counter.o(.ARM.exidx.text.perfc_convert_us_to_ticks) refers to perf_counter.o(.text.perfc_convert_us_to_ticks) for [Anonymous Symbol]
    perf_counter.o(.text.__perfc_is_time_out) refers to perf_counter.o(.text.get_system_ticks) for get_system_ticks
    perf_counter.o(.ARM.exidx.text.__perfc_is_time_out) refers to perf_counter.o(.text.__perfc_is_time_out) for [Anonymous Symbol]
    perf_counter.o(.ARM.exidx.text.EventRecorderTimerSetup) refers to perf_counter.o(.text.EventRecorderTimerSetup) for [Anonymous Symbol]
    perf_counter.o(.text.EventRecorderTimerGetFreq) refers to lto-llvm-2b22a1.o(.data.SystemCoreClock) for SystemCoreClock
    perf_counter.o(.ARM.exidx.text.EventRecorderTimerGetFreq) refers to perf_counter.o(.text.EventRecorderTimerGetFreq) for [Anonymous Symbol]
    perf_counter.o(.text.EventRecorderTimerGetCount) refers to perf_counter.o(.text.get_system_ticks) for get_system_ticks
    perf_counter.o(.ARM.exidx.text.EventRecorderTimerGetCount) refers to perf_counter.o(.text.EventRecorderTimerGetCount) for [Anonymous Symbol]
    perf_counter.o(.ARM.exidx.text.get_rtos_task_cycle_info) refers to perf_counter.o(.text.get_rtos_task_cycle_info) for [Anonymous Symbol]
    perf_counter.o(.text.init_task_cycle_counter) refers to perf_counter.o(.text.get_rtos_task_cycle_info) for get_rtos_task_cycle_info
    perf_counter.o(.text.init_task_cycle_counter) refers to memseta.o(.text) for __aeabi_memclr8
    perf_counter.o(.text.init_task_cycle_counter) refers to perf_counter.o(.text.get_system_ticks) for get_system_ticks
    perf_counter.o(.ARM.exidx.text.init_task_cycle_counter) refers to perf_counter.o(.text.init_task_cycle_counter) for [Anonymous Symbol]
    perf_counter.o(.text.init_task_cycle_info) refers to memseta.o(.text) for __aeabi_memclr8
    perf_counter.o(.ARM.exidx.text.init_task_cycle_info) refers to perf_counter.o(.text.init_task_cycle_info) for [Anonymous Symbol]
    perf_counter.o(.ARM.exidx.text.enable_task_cycle_info) refers to perf_counter.o(.text.enable_task_cycle_info) for [Anonymous Symbol]
    perf_counter.o(.ARM.exidx.text.disable_task_cycle_info) refers to perf_counter.o(.text.disable_task_cycle_info) for [Anonymous Symbol]
    perf_counter.o(.ARM.exidx.text.resume_task_cycle_info) refers to perf_counter.o(.text.resume_task_cycle_info) for [Anonymous Symbol]
    perf_counter.o(.text.register_task_cycle_agent) refers to perf_counter.o(.text.get_rtos_task_cycle_info) for get_rtos_task_cycle_info
    perf_counter.o(.ARM.exidx.text.register_task_cycle_agent) refers to perf_counter.o(.text.register_task_cycle_agent) for [Anonymous Symbol]
    perf_counter.o(.ARM.exidx.text.unregister_task_cycle_agent) refers to perf_counter.o(.text.unregister_task_cycle_agent) for [Anonymous Symbol]
    perf_counter.o(.text.__on_context_switch_in) refers to perf_counter.o(.text.get_system_ticks) for get_system_ticks
    perf_counter.o(.ARM.exidx.text.__on_context_switch_in) refers to perf_counter.o(.text.__on_context_switch_in) for [Anonymous Symbol]
    perf_counter.o(.text.__on_context_switch_out) refers to perf_counter.o(.text.get_system_ticks) for get_system_ticks
    perf_counter.o(.text.__on_context_switch_out) refers to perf_counter.o(.bss.g_nOffset) for g_nOffset
    perf_counter.o(.ARM.exidx.text.__on_context_switch_out) refers to perf_counter.o(.text.__on_context_switch_out) for [Anonymous Symbol]
    perf_counter.o(.text.__start_task_cycle_counter) refers to perf_counter.o(.text.get_rtos_task_cycle_info) for get_rtos_task_cycle_info
    perf_counter.o(.text.__start_task_cycle_counter) refers to perf_counter.o(.text.get_system_ticks) for get_system_ticks
    perf_counter.o(.ARM.exidx.text.__start_task_cycle_counter) refers to perf_counter.o(.text.__start_task_cycle_counter) for [Anonymous Symbol]
    perf_counter.o(.text.__stop_task_cycle_counter) refers to perf_counter.o(.text.get_rtos_task_cycle_info) for get_rtos_task_cycle_info
    perf_counter.o(.text.__stop_task_cycle_counter) refers to perf_counter.o(.text.get_system_ticks) for get_system_ticks
    perf_counter.o(.text.__stop_task_cycle_counter) refers to perf_counter.o(.bss.g_nOffset) for g_nOffset
    perf_counter.o(.ARM.exidx.text.__stop_task_cycle_counter) refers to perf_counter.o(.text.__stop_task_cycle_counter) for [Anonymous Symbol]
    perf_counter.o(.init_array) refers to perf_counter.o(.text.__perf_counter_init) for __perf_counter_init
    systick_wrapper_ual.o(.text) refers to perf_counter.o(.text.user_code_insert_to_systick_handler) for user_code_insert_to_systick_handler
    systick_wrapper_ual.o(.text) refers to lto-llvm-2b22a1.o(.text.SysTick_Handler) for $Super$$SysTick_Handler
    exp.o(i.__hardfp_exp) refers (Special) to iusefp.o(.text) for __I$use$fp
    exp.o(i.__hardfp_exp) refers to dunder.o(i.__mathlib_dbl_infnan) for __mathlib_dbl_infnan
    exp.o(i.__hardfp_exp) refers to cdrcmple.o(.text) for __aeabi_cdrcmple
    exp.o(i.__hardfp_exp) refers to errno.o(i.__set_errno) for __set_errno
    exp.o(i.__hardfp_exp) refers to dunder.o(i.__mathlib_dbl_overflow) for __mathlib_dbl_overflow
    exp.o(i.__hardfp_exp) refers to cdcmple.o(.text) for __aeabi_cdcmple
    exp.o(i.__hardfp_exp) refers to dunder.o(i.__mathlib_dbl_underflow) for __mathlib_dbl_underflow
    exp.o(i.__hardfp_exp) refers to dadd.o(.text) for __aeabi_dsub
    exp.o(i.__hardfp_exp) refers to dmul.o(.text) for __aeabi_dmul
    exp.o(i.__hardfp_exp) refers to dfixi.o(.text) for __aeabi_d2iz
    exp.o(i.__hardfp_exp) refers to dflti.o(.text) for __aeabi_i2d
    exp.o(i.__hardfp_exp) refers to poly.o(i.__kernel_poly) for __kernel_poly
    exp.o(i.__hardfp_exp) refers to ddiv.o(.text) for __aeabi_ddiv
    exp.o(i.__hardfp_exp) refers to fpclassify.o(i.__ARM_fpclassify) for __ARM_fpclassify
    exp.o(i.__hardfp_exp) refers to exp.o(.constdata) for .constdata
    exp.o(i.__softfp_exp) refers (Special) to iusefp.o(.text) for __I$use$fp
    exp.o(i.__softfp_exp) refers to exp.o(i.__hardfp_exp) for __hardfp_exp
    exp.o(i.exp) refers (Special) to iusefp.o(.text) for __I$use$fp
    exp.o(i.exp) refers to exp.o(i.__hardfp_exp) for __hardfp_exp
    exp.o(.constdata) refers (Special) to iusefp.o(.text) for __I$use$fp
    expf.o(i.__hardfp_expf) refers (Special) to iusefp.o(.text) for __I$use$fp
    expf.o(i.__hardfp_expf) refers to errno.o(i.__set_errno) for __set_errno
    expf.o(i.__hardfp_expf) refers to funder.o(i.__mathlib_flt_underflow) for __mathlib_flt_underflow
    expf.o(i.__hardfp_expf) refers to funder.o(i.__mathlib_flt_infnan) for __mathlib_flt_infnan
    expf.o(i.__hardfp_expf) refers to funder.o(i.__mathlib_flt_overflow) for __mathlib_flt_overflow
    expf.o(i.__hardfp_expf) refers to fpclassifyf.o(i.__ARM_fpclassifyf) for __ARM_fpclassifyf
    expf.o(i.__hardfp_expf) refers to expf.o(.constdata) for .constdata
    expf.o(i.__softfp_expf) refers (Special) to iusefp.o(.text) for __I$use$fp
    expf.o(i.__softfp_expf) refers to expf.o(i.__hardfp_expf) for __hardfp_expf
    expf.o(i.expf) refers (Special) to iusefp.o(.text) for __I$use$fp
    expf.o(i.expf) refers to expf.o(i.__hardfp_expf) for __hardfp_expf
    expf.o(.constdata) refers (Special) to iusefp.o(.text) for __I$use$fp
    fmodf.o(i.__hardfp_fmodf) refers (Special) to iusefp.o(.text) for __I$use$fp
    fmodf.o(i.__hardfp_fmodf) refers to frem.o(.text) for _frem
    fmodf.o(i.__hardfp_fmodf) refers to errno.o(i.__set_errno) for __set_errno
    fmodf.o(i.__hardfp_fmodf) refers to funder.o(i.__mathlib_flt_invalid) for __mathlib_flt_invalid
    fmodf.o(i.__softfp_fmodf) refers (Special) to iusefp.o(.text) for __I$use$fp
    fmodf.o(i.__softfp_fmodf) refers to fmodf.o(i.__hardfp_fmodf) for __hardfp_fmodf
    fmodf.o(i.fmodf) refers (Special) to iusefp.o(.text) for __I$use$fp
    fmodf.o(i.fmodf) refers to fmodf.o(i.__hardfp_fmodf) for __hardfp_fmodf
    log.o(i.__hardfp_log) refers (Special) to iusefp.o(.text) for __I$use$fp
    log.o(i.__hardfp_log) refers to dunder.o(i.__mathlib_dbl_infnan) for __mathlib_dbl_infnan
    log.o(i.__hardfp_log) refers to errno.o(i.__set_errno) for __set_errno
    log.o(i.__hardfp_log) refers to dunder.o(i.__mathlib_dbl_invalid) for __mathlib_dbl_invalid
    log.o(i.__hardfp_log) refers to dunder.o(i.__mathlib_dbl_divzero) for __mathlib_dbl_divzero
    log.o(i.__hardfp_log) refers to dmul.o(.text) for __aeabi_dmul
    log.o(i.__hardfp_log) refers to dadd.o(.text) for __aeabi_dsub
    log.o(i.__hardfp_log) refers to cdcmple.o(.text) for __aeabi_cdcmpeq
    log.o(i.__hardfp_log) refers to dflti.o(.text) for __aeabi_i2d
    log.o(i.__hardfp_log) refers to ddiv.o(.text) for __aeabi_ddiv
    log.o(i.__hardfp_log) refers to poly.o(i.__kernel_poly) for __kernel_poly
    log.o(i.__hardfp_log) refers to qnan.o(.constdata) for __mathlib_zero
    log.o(i.__hardfp_log) refers to log.o(.constdata) for .constdata
    log.o(i.__softfp_log) refers (Special) to iusefp.o(.text) for __I$use$fp
    log.o(i.__softfp_log) refers to log.o(i.__hardfp_log) for __hardfp_log
    log.o(i.log) refers (Special) to iusefp.o(.text) for __I$use$fp
    log.o(i.log) refers to log.o(i.__hardfp_log) for __hardfp_log
    log.o(.constdata) refers (Special) to iusefp.o(.text) for __I$use$fp
    logf.o(i.__hardfp_logf) refers (Special) to iusefp.o(.text) for __I$use$fp
    logf.o(i.__hardfp_logf) refers to funder.o(i.__mathlib_flt_infnan) for __mathlib_flt_infnan
    logf.o(i.__hardfp_logf) refers to errno.o(i.__set_errno) for __set_errno
    logf.o(i.__hardfp_logf) refers to funder.o(i.__mathlib_flt_invalid) for __mathlib_flt_invalid
    logf.o(i.__hardfp_logf) refers to funder.o(i.__mathlib_flt_divzero) for __mathlib_flt_divzero
    logf.o(i.__hardfp_logf) refers to logf.o(.constdata) for .constdata
    logf.o(i.__softfp_logf) refers (Special) to iusefp.o(.text) for __I$use$fp
    logf.o(i.__softfp_logf) refers to logf.o(i.__hardfp_logf) for __hardfp_logf
    logf.o(i.logf) refers (Special) to iusefp.o(.text) for __I$use$fp
    logf.o(i.logf) refers to logf.o(i.__hardfp_logf) for __hardfp_logf
    logf.o(.constdata) refers (Special) to iusefp.o(.text) for __I$use$fp
    powf.o(i.__hardfp_powf) refers (Special) to iusefp.o(.text) for __I$use$fp
    powf.o(i.__hardfp_powf) refers to fpstat.o(.text) for __ieee_status
    powf.o(i.__hardfp_powf) refers to errno.o(i.__set_errno) for __set_errno
    powf.o(i.__hardfp_powf) refers to funder.o(i.__mathlib_flt_overflow) for __mathlib_flt_overflow
    powf.o(i.__hardfp_powf) refers to fpclassifyf.o(i.__ARM_fpclassifyf) for __ARM_fpclassifyf
    powf.o(i.__hardfp_powf) refers to funder.o(i.__mathlib_flt_underflow) for __mathlib_flt_underflow
    powf.o(i.__hardfp_powf) refers to funder.o(i.__mathlib_flt_invalid) for __mathlib_flt_invalid
    powf.o(i.__hardfp_powf) refers to powf.o(.constdata) for .constdata
    powf.o(i.__hardfp_powf) refers to funder.o(i.__mathlib_flt_infnan2) for __mathlib_flt_infnan2
    powf.o(i.__hardfp_powf) refers to funder.o(i.__mathlib_flt_divzero) for __mathlib_flt_divzero
    powf.o(i.__softfp_powf) refers (Special) to iusefp.o(.text) for __I$use$fp
    powf.o(i.__softfp_powf) refers to powf.o(i.__hardfp_powf) for __hardfp_powf
    powf.o(i.powf) refers (Special) to iusefp.o(.text) for __I$use$fp
    powf.o(i.powf) refers to powf.o(i.__hardfp_powf) for __hardfp_powf
    powf.o(.constdata) refers (Special) to iusefp.o(.text) for __I$use$fp
    sqrt.o(i.__hardfp_sqrt) refers (Special) to iusefp.o(.text) for __I$use$fp
    sqrt.o(i.__hardfp_sqrt) refers to dsqrt.o(.text) for _dsqrt
    sqrt.o(i.__hardfp_sqrt) refers to errno.o(i.__set_errno) for __set_errno
    sqrt.o(i.__softfp_sqrt) refers (Special) to iusefp.o(.text) for __I$use$fp
    sqrt.o(i.__softfp_sqrt) refers to dsqrt.o(.text) for _dsqrt
    sqrt.o(i.__softfp_sqrt) refers to errno.o(i.__set_errno) for __set_errno
    sqrt.o(i.sqrt) refers (Special) to iusefp.o(.text) for __I$use$fp
    sqrt.o(i.sqrt) refers to dsqrt.o(.text) for _dsqrt
    sqrt.o(i.sqrt) refers to errno.o(i.__set_errno) for __set_errno
    sqrtf.o(i.__hardfp_sqrtf) refers (Special) to iusefp.o(.text) for __I$use$fp
    sqrtf.o(i.__hardfp_sqrtf) refers to errno.o(i.__set_errno) for __set_errno
    sqrtf.o(i.__softfp_sqrtf) refers (Special) to iusefp.o(.text) for __I$use$fp
    sqrtf.o(i.__softfp_sqrtf) refers to errno.o(i.__set_errno) for __set_errno
    sqrtf.o(i.sqrtf) refers (Special) to iusefp.o(.text) for __I$use$fp
    sqrtf.o(i.sqrtf) refers to errno.o(i.__set_errno) for __set_errno
    tanhf.o(i.__hardfp_tanhf) refers (Special) to iusefp.o(.text) for __I$use$fp
    tanhf.o(i.__hardfp_tanhf) refers to expf.o(i.__hardfp_expf) for __hardfp_expf
    tanhf.o(i.__hardfp_tanhf) refers to fpclassifyf.o(i.__ARM_fpclassifyf) for __ARM_fpclassifyf
    tanhf.o(i.__hardfp_tanhf) refers to funder.o(i.__mathlib_flt_underflow) for __mathlib_flt_underflow
    tanhf.o(i.__hardfp_tanhf) refers to funder.o(i.__mathlib_flt_infnan) for __mathlib_flt_infnan
    tanhf.o(i.__softfp_tanhf) refers (Special) to iusefp.o(.text) for __I$use$fp
    tanhf.o(i.__softfp_tanhf) refers to tanhf.o(i.__hardfp_tanhf) for __hardfp_tanhf
    tanhf.o(i.tanhf) refers (Special) to iusefp.o(.text) for __I$use$fp
    tanhf.o(i.tanhf) refers to tanhf.o(i.__hardfp_tanhf) for __hardfp_tanhf
    lroundf.o(i.__hardfp_lroundf) refers (Special) to iusefp.o(.text) for __I$use$fp
    lroundf.o(i.__hardfp_lroundf) refers to frnd.o(.text) for _frnd
    lroundf.o(i.__hardfp_lroundf) refers to errno.o(i.__set_errno) for __set_errno
    lroundf.o(i.__hardfp_lroundf) refers to ffixir.o(.text) for _ffix_r
    lroundf.o(i.lroundf) refers (Special) to iusefp.o(.text) for __I$use$fp
    lroundf.o(i.lroundf) refers to lroundf.o(i.__hardfp_lroundf) for __hardfp_lroundf
    entry.o(.ARM.Collect$$$$00000000) refers (Special) to entry10a.o(.ARM.Collect$$$$0000000D) for __rt_final_cpp
    entry.o(.ARM.Collect$$$$00000000) refers (Special) to entry11a.o(.ARM.Collect$$$$0000000F) for __rt_final_exit
    entry.o(.ARM.Collect$$$$00000000) refers (Special) to entry7b.o(.ARM.Collect$$$$00000008) for _main_clock
    entry.o(.ARM.Collect$$$$00000000) refers (Special) to entry8b.o(.ARM.Collect$$$$0000000A) for _main_cpp_init
    entry.o(.ARM.Collect$$$$00000000) refers (Special) to entry9a.o(.ARM.Collect$$$$0000000B) for _main_init
    entry.o(.ARM.Collect$$$$00000000) refers (Special) to entry5.o(.ARM.Collect$$$$00000004) for _main_scatterload
    entry.o(.ARM.Collect$$$$00000000) refers (Special) to entry2.o(.ARM.Collect$$$$00000001) for _main_stk
    idiv.o(.text) refers to uidiv.o(.text) for __aeabi_uidivmod
    ldiv.o(.text) refers to uldiv.o(.text) for __aeabi_uldivmod
    llmul.o(.text) refers to llshl.o(.text) for __aeabi_llsl
    rand.o(.text) refers to rand.o(.data) for .data
    printfa.o(i.__0fprintf) refers (Special) to iusefp.o(.text) for __I$use$fp
    printfa.o(i.__0fprintf) refers to printfa.o(i._printf_core) for _printf_core
    printfa.o(i.__0fprintf) refers to fputc.o(i.fputc) for fputc
    printfa.o(i.__0printf) refers (Special) to iusefp.o(.text) for __I$use$fp
    printfa.o(i.__0printf) refers to printfa.o(i._printf_core) for _printf_core
    printfa.o(i.__0printf) refers to fputc.o(i.fputc) for fputc
    printfa.o(i.__0printf) refers to stdout.o(.data) for __stdout
    printfa.o(i.__0snprintf) refers (Special) to iusefp.o(.text) for __I$use$fp
    printfa.o(i.__0snprintf) refers to printfa.o(i._printf_core) for _printf_core
    printfa.o(i.__0snprintf) refers to printfa.o(i._snputc) for _snputc
    printfa.o(i.__0sprintf) refers (Special) to iusefp.o(.text) for __I$use$fp
    printfa.o(i.__0sprintf) refers to printfa.o(i._printf_core) for _printf_core
    printfa.o(i.__0sprintf) refers to printfa.o(i._sputc) for _sputc
    printfa.o(i.__0vfprintf) refers (Special) to iusefp.o(.text) for __I$use$fp
    printfa.o(i.__0vfprintf) refers to printfa.o(i._printf_core) for _printf_core
    printfa.o(i.__0vfprintf) refers to fputc.o(i.fputc) for fputc
    printfa.o(i.__0vprintf) refers (Special) to iusefp.o(.text) for __I$use$fp
    printfa.o(i.__0vprintf) refers to printfa.o(i._printf_core) for _printf_core
    printfa.o(i.__0vprintf) refers to fputc.o(i.fputc) for fputc
    printfa.o(i.__0vprintf) refers to stdout.o(.data) for __stdout
    printfa.o(i.__0vsnprintf) refers (Special) to iusefp.o(.text) for __I$use$fp
    printfa.o(i.__0vsnprintf) refers to printfa.o(i._printf_core) for _printf_core
    printfa.o(i.__0vsnprintf) refers to printfa.o(i._snputc) for _snputc
    printfa.o(i.__0vsprintf) refers (Special) to iusefp.o(.text) for __I$use$fp
    printfa.o(i.__0vsprintf) refers to printfa.o(i._printf_core) for _printf_core
    printfa.o(i.__0vsprintf) refers to printfa.o(i._sputc) for _sputc
    printfa.o(i._fp_digits) refers (Special) to iusefp.o(.text) for __I$use$fp
    printfa.o(i._fp_digits) refers to dmul.o(.text) for __aeabi_dmul
    printfa.o(i._fp_digits) refers to ddiv.o(.text) for __aeabi_ddiv
    printfa.o(i._fp_digits) refers to cdrcmple.o(.text) for __aeabi_cdrcmple
    printfa.o(i._fp_digits) refers to dadd.o(.text) for __aeabi_dadd
    printfa.o(i._fp_digits) refers to dfixul.o(.text) for __aeabi_d2ulz
    printfa.o(i._fp_digits) refers to uldiv.o(.text) for __aeabi_uldivmod
    printfa.o(i._printf_core) refers (Special) to iusefp.o(.text) for __I$use$fp
    printfa.o(i._printf_core) refers to printfa.o(i._printf_pre_padding) for _printf_pre_padding
    printfa.o(i._printf_core) refers to uldiv.o(.text) for __aeabi_uldivmod
    printfa.o(i._printf_core) refers to printfa.o(i._printf_post_padding) for _printf_post_padding
    printfa.o(i._printf_core) refers to printfa.o(i._fp_digits) for _fp_digits
    printfa.o(i._printf_core) refers to uidiv.o(.text) for __aeabi_uidivmod
    printfa.o(i._printf_post_padding) refers (Special) to iusefp.o(.text) for __I$use$fp
    printfa.o(i._printf_pre_padding) refers (Special) to iusefp.o(.text) for __I$use$fp
    printfa.o(i._snputc) refers (Special) to iusefp.o(.text) for __I$use$fp
    printfa.o(i._sputc) refers (Special) to iusefp.o(.text) for __I$use$fp
    malloc.o(i.free) refers to mvars.o(.data) for __microlib_freelist
    malloc.o(i.malloc) refers to mvars.o(.data) for __microlib_freelist_initialised
    malloc.o(i.malloc) refers to mvars.o(.data) for __microlib_freelist
    mallocr.o(i.__free$realloc) refers to mvars.o(.data) for __microlib_freelist
    mallocr.o(i.__malloc$realloc) refers to mallocr.o(i.internal_alloc) for internal_alloc
    mallocr.o(i.__malloc$realloc) refers to mvars.o(.data) for __microlib_freelist_initialised
    mallocr.o(i.__malloc$realloc) refers to mvars.o(.data) for __microlib_freelist
    mallocr.o(i.internal_alloc) refers to memcpya.o(.text) for __aeabi_memcpy
    mallocr.o(i.internal_alloc) refers to mvars.o(.data) for __microlib_freelist
    mallocr.o(i.realloc) refers to mallocr.o(i.__free$realloc) for __free$realloc
    mallocr.o(i.realloc) refers to mallocr.o(i.internal_alloc) for internal_alloc
    mallocr.o(i.realloc) refers to mallocr.o(i.__malloc$realloc) for __malloc$realloc
    mallocr.o(i.realloc) refers to mvars.o(.data) for __microlib_freelist
    malloca.o(i.__aligned_malloc) refers to mvars.o(.data) for __microlib_freelist_initialised
    malloca.o(i.__aligned_malloc) refers to mvars.o(.data) for __microlib_freelist
    malloca.o(i.__free$memalign) refers to mvars.o(.data) for __microlib_freelist
    malloca.o(i.__malloc$memalign) refers to malloca.o(i.__aligned_malloc) for __aligned_malloc
    mallocra.o(i.__aligned_malloc$realloc) refers to mallocra.o(i.internal_alloc) for internal_alloc
    mallocra.o(i.__aligned_malloc$realloc) refers to mvars.o(.data) for __microlib_freelist_initialised
    mallocra.o(i.__aligned_malloc$realloc) refers to mvars.o(.data) for __microlib_freelist
    mallocra.o(i.__free$realloc$memalign) refers to mvars.o(.data) for __microlib_freelist
    mallocra.o(i.__malloc$realloc$memalign) refers to mallocra.o(i.__aligned_malloc$realloc) for __aligned_malloc$realloc
    mallocra.o(i.__realloc$memalign) refers to mallocra.o(i.__free$realloc$memalign) for __free$realloc$memalign
    mallocra.o(i.__realloc$memalign) refers to mallocra.o(i.internal_alloc) for internal_alloc
    mallocra.o(i.__realloc$memalign) refers to mallocra.o(i.__malloc$realloc$memalign) for __malloc$realloc$memalign
    mallocra.o(i.__realloc$memalign) refers to mvars.o(.data) for __microlib_freelist
    mallocra.o(i.internal_alloc) refers to memcpya.o(.text) for __aeabi_memcpy
    mallocra.o(i.internal_alloc) refers to mvars.o(.data) for __microlib_freelist
    calloc.o(.text) refers to malloc.o(i.malloc) for malloc
    cpp_init.o(.emb_text) refers (Special) to entry8a.o(.ARM.Collect$$$$00000009) for _main_cpp_init$empty
    cpp_init.o(.init_array) refers (Special) to entry8a.o(.ARM.Collect$$$$00000009) for _main_cpp_init$empty
    cpp_init.o(.dummy_text) refers (Special) to entry8a.o(.ARM.Collect$$$$00000009) for _main_cpp_init$empty
    cpp_init.o(.text) refers (Special) to entry8a.o(.ARM.Collect$$$$00000009) for _main_cpp_init$empty
    dunder.o(i.__mathlib_dbl_divzero) refers to ddiv.o(.text) for __aeabi_ddiv
    dunder.o(i.__mathlib_dbl_infnan) refers to dadd.o(.text) for __aeabi_dadd
    dunder.o(i.__mathlib_dbl_infnan2) refers to dadd.o(.text) for __aeabi_dadd
    dunder.o(i.__mathlib_dbl_invalid) refers to ddiv.o(.text) for __aeabi_ddiv
    dunder.o(i.__mathlib_dbl_overflow) refers to dmul.o(.text) for __aeabi_dmul
    dunder.o(i.__mathlib_dbl_posinfnan) refers to dmul.o(.text) for __aeabi_dmul
    dunder.o(i.__mathlib_dbl_underflow) refers to dmul.o(.text) for __aeabi_dmul
    fpclassify.o(i.__ARM_fpclassify) refers (Special) to iusefp.o(.text) for __I$use$fp
    fpclassifyf.o(i.__ARM_fpclassifyf) refers (Special) to iusefp.o(.text) for __I$use$fp
    poly.o(i.__kernel_poly) refers (Special) to iusefp.o(.text) for __I$use$fp
    poly.o(i.__kernel_poly) refers to dmul.o(.text) for __aeabi_dmul
    poly.o(i.__kernel_poly) refers to dadd.o(.text) for __aeabi_dadd
    qnan.o(.constdata) refers (Special) to iusefp.o(.text) for __I$use$fp
    entry2.o(.ARM.Collect$$$$00000001) refers to entry2.o(.ARM.Collect$$$$00002712) for __lit__00000000
    entry2.o(__vectab_stack_and_reset_area) refers to entry.o(.ARM.Collect$$$$00000000) for __main
    entry5.o(.ARM.Collect$$$$00000004) refers to init.o(.text) for __scatterload
    entry8a.o(.ARM.Collect$$$$00000009) refers (Weak) to cpp_init.o(.text) for __cpp_initialize__aeabi_
    entry9a.o(.ARM.Collect$$$$0000000B) refers to lto-llvm-2b22a1.o(.text.$Sub$$main) for main
    entry9b.o(.ARM.Collect$$$$0000000C) refers to lto-llvm-2b22a1.o(.text.$Sub$$main) for main
    fputc.o(i.fputc) refers (Special) to iusesemip.o(.text) for __I$use$semihosting$fputc
    fputc.o(i.fputc) refers (Special) to semi.o(.text) for __semihosting_library_function
    fputc_h.o(i._fputc$hlt) refers (Special) to iusesemip.o(.text) for __I$use$semihosting$fputc
    fputc_h.o(i._fputc$hlt) refers (Special) to semi.o(.text) for __semihosting_library_function
    uldiv.o(.text) refers to llushr.o(.text) for __aeabi_llsr
    uldiv.o(.text) refers to llshl.o(.text) for __aeabi_llsl
    errno.o(i.__aeabi_errno_addr) refers to errno.o(.data) for .data
    errno.o(i.__read_errno) refers to errno.o(.data) for .data
    errno.o(i.__set_errno) refers to errno.o(.data) for .data
    frnd.o(.text) refers (Special) to iusefp.o(.text) for __I$use$fp
    frnd.o(.text) refers to fepilogue.o(.text) for _float_round
    frem.o(.text) refers (Special) to iusefp.o(.text) for __I$use$fp
    frem.o(.text) refers to fepilogue.o(.text) for _float_epilogue
    dadd.o(.text) refers (Special) to iusefp.o(.text) for __I$use$fp
    dadd.o(.text) refers to llshl.o(.text) for __aeabi_llsl
    dadd.o(.text) refers to llsshr.o(.text) for __aeabi_lasr
    dadd.o(.text) refers to depilogue.o(.text) for _double_epilogue
    dmul.o(.text) refers (Special) to iusefp.o(.text) for __I$use$fp
    dmul.o(.text) refers to depilogue.o(.text) for _double_epilogue
    ddiv.o(.text) refers (Special) to iusefp.o(.text) for __I$use$fp
    ddiv.o(.text) refers to depilogue.o(.text) for _double_round
    dneg.o(.text) refers (Special) to iusefp.o(.text) for __I$use$fp
    dsqrt.o(.text) refers (Special) to iusefp.o(.text) for __I$use$fp
    dsqrt.o(.text) refers to llushr.o(.text) for __aeabi_llsr
    dsqrt.o(.text) refers to depilogue.o(.text) for _double_round
    dflti.o(.text) refers (Special) to iusefp.o(.text) for __I$use$fp
    dflti.o(.text) refers to depilogue.o(.text) for _double_epilogue
    dfixi.o(.text) refers (Special) to iusefp.o(.text) for __I$use$fp
    dfixi.o(.text) refers to llushr.o(.text) for __aeabi_llsr
    dfixul.o(.text) refers (Special) to iusefp.o(.text) for __I$use$fp
    dfixul.o(.text) refers to llushr.o(.text) for __aeabi_llsr
    dfixul.o(.text) refers to llshl.o(.text) for __aeabi_llsl
    ffixir.o(.text) refers (Special) to iusefp.o(.text) for __I$use$fp
    ffixir.o(.text) refers to fepilogue.o(.text) for _float_round
    cdcmple.o(.text) refers (Special) to iusefp.o(.text) for __I$use$fp
    cdrcmple.o(.text) refers (Special) to iusefp.o(.text) for __I$use$fp
    init.o(.text) refers to entry5.o(.ARM.Collect$$$$00000004) for __main_after_scatterload
    fepilogue.o(.text) refers (Special) to iusefp.o(.text) for __I$use$fp
    depilogue.o(.text) refers (Special) to iusefp.o(.text) for __I$use$fp
    depilogue.o(.text) refers to llshl.o(.text) for __aeabi_llsl
    depilogue.o(.text) refers to llushr.o(.text) for __aeabi_llsr
    lto-llvm-2b22a1.o(.text) refers (Special) to systick_wrapper_ual.o(.text) for __ensure_systick_wrapper
    lto-llvm-2b22a1.o(.text.main) refers (Special) to systick_wrapper_ual.o(.text) for __ensure_systick_wrapper
    lto-llvm-2b22a1.o(.text.main) refers to lto-llvm-2b22a1.o(.text.HAL_Init) for HAL_Init
    lto-llvm-2b22a1.o(.text.main) refers to lto-llvm-2b22a1.o(.text.SystemClock_Config) for SystemClock_Config
    lto-llvm-2b22a1.o(.text.main) refers to perf_counter.o(.text.init_cycle_counter) for init_cycle_counter
    lto-llvm-2b22a1.o(.text.main) refers to lto-llvm-2b22a1.o(.text.OUTLINED_FUNCTION_1) for OUTLINED_FUNCTION_1
    lto-llvm-2b22a1.o(.text.main) refers to lto-llvm-2b22a1.o(.text.HAL_GPIO_Init) for HAL_GPIO_Init
    lto-llvm-2b22a1.o(.text.main) refers to lto-llvm-2b22a1.o(.text.HAL_Delay) for HAL_Delay
    lto-llvm-2b22a1.o(.text.main) refers to lto-llvm-2b22a1.o(.text.OUTLINED_FUNCTION_2) for OUTLINED_FUNCTION_2
    lto-llvm-2b22a1.o(.text.main) refers to lto-llvm-2b22a1.o(.text.LCD_SPI_Send) for LCD_SPI_Send
    lto-llvm-2b22a1.o(.text.main) refers to lto-llvm-2b22a1.o(.text.rt_thread_create) for rt_thread_create
    lto-llvm-2b22a1.o(.text.main) refers to lto-llvm-2b22a1.o(.text.rt_thread_startup) for rt_thread_startup
    lto-llvm-2b22a1.o(.text.main) refers to lto-llvm-2b22a1.o(.bss.SPI3_Handler) for [Anonymous Symbol]
    lto-llvm-2b22a1.o(.text.main) refers to lto-llvm-2b22a1.o(.text.LCD_Write_Cmd) for LCD_Write_Cmd
    lto-llvm-2b22a1.o(.text.main) refers to lto-llvm-2b22a1.o(.text.LCD_Write_Data) for LCD_Write_Data
    lto-llvm-2b22a1.o(.text.main) refers to lto-llvm-2b22a1.o(.bss.lcd_buf) for [Anonymous Symbol]
    lto-llvm-2b22a1.o(.text.main) refers to lto-llvm-2b22a1.o(.text.HAL_NVIC_SetPriority) for HAL_NVIC_SetPriority
    lto-llvm-2b22a1.o(.text.main) refers to lto-llvm-2b22a1.o(.text.GameEngineEntry) for GameEngineEntry
    lto-llvm-2b22a1.o(.text.main) refers to lto-llvm-2b22a1.o(.text.SnakeGameEntry) for SnakeGameEntry
    lto-llvm-2b22a1.o(.ARM.exidx.text.main) refers (Special) to systick_wrapper_ual.o(.text) for __ensure_systick_wrapper
    lto-llvm-2b22a1.o(.ARM.exidx.text.main) refers to lto-llvm-2b22a1.o(.text.main) for [Anonymous Symbol]
    lto-llvm-2b22a1.o(.text.SystemClock_Config) refers (Special) to systick_wrapper_ual.o(.text) for __ensure_systick_wrapper
    lto-llvm-2b22a1.o(.text.SystemClock_Config) refers to lto-llvm-2b22a1.o(.text.HAL_RCC_GetSysClockFreq) for HAL_RCC_GetSysClockFreq
    lto-llvm-2b22a1.o(.text.SystemClock_Config) refers to lto-llvm-2b22a1.o(.text.HAL_InitTick) for HAL_InitTick
    lto-llvm-2b22a1.o(.text.SystemClock_Config) refers to lto-llvm-2b22a1.o(.data.SystemCoreClock) for SystemCoreClock
    lto-llvm-2b22a1.o(.text.SystemClock_Config) refers to lto-llvm-2b22a1.o(.bss..L_MergedGlobals.384) for [Anonymous Symbol]
    lto-llvm-2b22a1.o(.text.SystemClock_Config) refers to lto-llvm-2b22a1.o(.rodata.cst16) for [Anonymous Symbol]
    lto-llvm-2b22a1.o(.ARM.exidx.text.SystemClock_Config) refers (Special) to systick_wrapper_ual.o(.text) for __ensure_systick_wrapper
    lto-llvm-2b22a1.o(.ARM.exidx.text.SystemClock_Config) refers to lto-llvm-2b22a1.o(.text.SystemClock_Config) for [Anonymous Symbol]
    lto-llvm-2b22a1.o(.text.NMI_Handler) refers (Special) to systick_wrapper_ual.o(.text) for __ensure_systick_wrapper
    lto-llvm-2b22a1.o(.ARM.exidx.text.NMI_Handler) refers (Special) to systick_wrapper_ual.o(.text) for __ensure_systick_wrapper
    lto-llvm-2b22a1.o(.ARM.exidx.text.NMI_Handler) refers to lto-llvm-2b22a1.o(.text.NMI_Handler) for [Anonymous Symbol]
    lto-llvm-2b22a1.o(.text.MemManage_Handler) refers (Special) to systick_wrapper_ual.o(.text) for __ensure_systick_wrapper
    lto-llvm-2b22a1.o(.ARM.exidx.text.MemManage_Handler) refers (Special) to systick_wrapper_ual.o(.text) for __ensure_systick_wrapper
    lto-llvm-2b22a1.o(.ARM.exidx.text.MemManage_Handler) refers to lto-llvm-2b22a1.o(.text.MemManage_Handler) for [Anonymous Symbol]
    lto-llvm-2b22a1.o(.text.BusFault_Handler) refers (Special) to systick_wrapper_ual.o(.text) for __ensure_systick_wrapper
    lto-llvm-2b22a1.o(.ARM.exidx.text.BusFault_Handler) refers (Special) to systick_wrapper_ual.o(.text) for __ensure_systick_wrapper
    lto-llvm-2b22a1.o(.ARM.exidx.text.BusFault_Handler) refers to lto-llvm-2b22a1.o(.text.BusFault_Handler) for [Anonymous Symbol]
    lto-llvm-2b22a1.o(.text.UsageFault_Handler) refers (Special) to systick_wrapper_ual.o(.text) for __ensure_systick_wrapper
    lto-llvm-2b22a1.o(.ARM.exidx.text.UsageFault_Handler) refers (Special) to systick_wrapper_ual.o(.text) for __ensure_systick_wrapper
    lto-llvm-2b22a1.o(.ARM.exidx.text.UsageFault_Handler) refers to lto-llvm-2b22a1.o(.text.UsageFault_Handler) for [Anonymous Symbol]
    lto-llvm-2b22a1.o(.text.SVC_Handler) refers (Special) to systick_wrapper_ual.o(.text) for __ensure_systick_wrapper
    lto-llvm-2b22a1.o(.ARM.exidx.text.SVC_Handler) refers (Special) to systick_wrapper_ual.o(.text) for __ensure_systick_wrapper
    lto-llvm-2b22a1.o(.ARM.exidx.text.SVC_Handler) refers to lto-llvm-2b22a1.o(.text.SVC_Handler) for [Anonymous Symbol]
    lto-llvm-2b22a1.o(.text.DebugMon_Handler) refers (Special) to systick_wrapper_ual.o(.text) for __ensure_systick_wrapper
    lto-llvm-2b22a1.o(.ARM.exidx.text.DebugMon_Handler) refers (Special) to systick_wrapper_ual.o(.text) for __ensure_systick_wrapper
    lto-llvm-2b22a1.o(.ARM.exidx.text.DebugMon_Handler) refers to lto-llvm-2b22a1.o(.text.DebugMon_Handler) for [Anonymous Symbol]
    lto-llvm-2b22a1.o(.text.SysTick_Handler) refers (Special) to systick_wrapper_ual.o(.text) for __ensure_systick_wrapper
    lto-llvm-2b22a1.o(.text.SysTick_Handler) refers to context_rvds.o(.text) for rt_hw_interrupt_disable
    lto-llvm-2b22a1.o(.text.SysTick_Handler) refers to lto-llvm-2b22a1.o(.text.rt_schedule) for rt_schedule
    lto-llvm-2b22a1.o(.text.SysTick_Handler) refers to lto-llvm-2b22a1.o(.text.rt_timer_start) for rt_timer_start
    lto-llvm-2b22a1.o(.text.SysTick_Handler) refers to lto-llvm-2b22a1.o(.bss..L_MergedGlobals.384) for [Anonymous Symbol]
    lto-llvm-2b22a1.o(.text.SysTick_Handler) refers to lto-llvm-2b22a1.o(.bss.rt_thread_priority_table) for [Anonymous Symbol]
    lto-llvm-2b22a1.o(.ARM.exidx.text.SysTick_Handler) refers (Special) to systick_wrapper_ual.o(.text) for __ensure_systick_wrapper
    lto-llvm-2b22a1.o(.ARM.exidx.text.SysTick_Handler) refers to lto-llvm-2b22a1.o(.text.SysTick_Handler) for [Anonymous Symbol]
    lto-llvm-2b22a1.o(.text.SnakeGameEntry) refers (Special) to systick_wrapper_ual.o(.text) for __ensure_systick_wrapper
    lto-llvm-2b22a1.o(.text.SnakeGameEntry) refers to lto-llvm-2b22a1.o(.text.clear_cell) for clear_cell
    lto-llvm-2b22a1.o(.text.SnakeGameEntry) refers to lto-llvm-2b22a1.o(.text.draw_snake_body) for draw_snake_body
    lto-llvm-2b22a1.o(.text.SnakeGameEntry) refers to lto-llvm-2b22a1.o(.text.create_fruit) for create_fruit
    lto-llvm-2b22a1.o(.text.SnakeGameEntry) refers to lto-llvm-2b22a1.o(.text.refresh_init) for refresh_init
    lto-llvm-2b22a1.o(.text.SnakeGameEntry) refers to lto-llvm-2b22a1.o(.text.rt_sem_release) for rt_sem_release
    lto-llvm-2b22a1.o(.text.SnakeGameEntry) refers to lto-llvm-2b22a1.o(.text.rt_sem_take) for rt_sem_take
    lto-llvm-2b22a1.o(.text.SnakeGameEntry) refers to lto-llvm-2b22a1.o(.text.OUTLINED_FUNCTION_0) for OUTLINED_FUNCTION_0
    lto-llvm-2b22a1.o(.text.SnakeGameEntry) refers to context_rvds.o(.text) for rt_hw_interrupt_disable
    lto-llvm-2b22a1.o(.text.SnakeGameEntry) refers to lto-llvm-2b22a1.o(.text.rt_thread_suspend) for rt_thread_suspend
    lto-llvm-2b22a1.o(.text.SnakeGameEntry) refers to lto-llvm-2b22a1.o(.text.rt_timer_start) for rt_timer_start
    lto-llvm-2b22a1.o(.text.SnakeGameEntry) refers to lto-llvm-2b22a1.o(.text.rt_schedule) for rt_schedule
    lto-llvm-2b22a1.o(.text.SnakeGameEntry) refers to lto-llvm-2b22a1.o(.bss..L_MergedGlobals.384) for [Anonymous Symbol]
    lto-llvm-2b22a1.o(.text.SnakeGameEntry) refers to lto-llvm-2b22a1.o(.data.layer) for [Anonymous Symbol]
    lto-llvm-2b22a1.o(.text.SnakeGameEntry) refers to lto-llvm-2b22a1.o(.bss.snake) for [Anonymous Symbol]
    lto-llvm-2b22a1.o(.text.SnakeGameEntry) refers to lto-llvm-2b22a1.o(.bss.bls_map) for [Anonymous Symbol]
    lto-llvm-2b22a1.o(.ARM.exidx.text.SnakeGameEntry) refers (Special) to systick_wrapper_ual.o(.text) for __ensure_systick_wrapper
    lto-llvm-2b22a1.o(.ARM.exidx.text.SnakeGameEntry) refers to lto-llvm-2b22a1.o(.text.SnakeGameEntry) for [Anonymous Symbol]
    lto-llvm-2b22a1.o(.text.clear_cell) refers (Special) to systick_wrapper_ual.o(.text) for __ensure_systick_wrapper
    lto-llvm-2b22a1.o(.text.clear_cell) refers to lto-llvm-2b22a1.o(.data.layer) for [Anonymous Symbol]
    lto-llvm-2b22a1.o(.ARM.exidx.text.clear_cell) refers (Special) to systick_wrapper_ual.o(.text) for __ensure_systick_wrapper
    lto-llvm-2b22a1.o(.ARM.exidx.text.clear_cell) refers to lto-llvm-2b22a1.o(.text.clear_cell) for [Anonymous Symbol]
    lto-llvm-2b22a1.o(.text.draw_snake_body) refers (Special) to systick_wrapper_ual.o(.text) for __ensure_systick_wrapper
    lto-llvm-2b22a1.o(.text.draw_snake_body) refers to lto-llvm-2b22a1.o(.data.layer) for [Anonymous Symbol]
    lto-llvm-2b22a1.o(.ARM.exidx.text.draw_snake_body) refers (Special) to systick_wrapper_ual.o(.text) for __ensure_systick_wrapper
    lto-llvm-2b22a1.o(.ARM.exidx.text.draw_snake_body) refers to lto-llvm-2b22a1.o(.text.draw_snake_body) for [Anonymous Symbol]
    lto-llvm-2b22a1.o(.text.create_fruit) refers (Special) to systick_wrapper_ual.o(.text) for __ensure_systick_wrapper
    lto-llvm-2b22a1.o(.text.create_fruit) refers to perf_counter.o(.text.get_system_ticks) for get_system_ticks
    lto-llvm-2b22a1.o(.text.create_fruit) refers to rand.o(.text) for srand
    lto-llvm-2b22a1.o(.text.create_fruit) refers to lto-llvm-2b22a1.o(.text.OUTLINED_FUNCTION_4) for OUTLINED_FUNCTION_4
    lto-llvm-2b22a1.o(.text.create_fruit) refers to lto-llvm-2b22a1.o(.text.OUTLINED_FUNCTION_0) for OUTLINED_FUNCTION_0
    lto-llvm-2b22a1.o(.text.create_fruit) refers to lto-llvm-2b22a1.o(.bss..L_MergedGlobals.384) for [Anonymous Symbol]
    lto-llvm-2b22a1.o(.text.create_fruit) refers to lto-llvm-2b22a1.o(.bss.bls_map) for [Anonymous Symbol]
    lto-llvm-2b22a1.o(.text.create_fruit) refers to lto-llvm-2b22a1.o(.data.layer) for [Anonymous Symbol]
    lto-llvm-2b22a1.o(.ARM.exidx.text.create_fruit) refers (Special) to systick_wrapper_ual.o(.text) for __ensure_systick_wrapper
    lto-llvm-2b22a1.o(.ARM.exidx.text.create_fruit) refers to lto-llvm-2b22a1.o(.text.create_fruit) for [Anonymous Symbol]
    lto-llvm-2b22a1.o(.text.LCD_SPI_Send) refers (Special) to systick_wrapper_ual.o(.text) for __ensure_systick_wrapper
    lto-llvm-2b22a1.o(.text.LCD_SPI_Send) refers to lto-llvm-2b22a1.o(.text.SPI3_WriteByte) for SPI3_WriteByte
    lto-llvm-2b22a1.o(.ARM.exidx.text.LCD_SPI_Send) refers (Special) to systick_wrapper_ual.o(.text) for __ensure_systick_wrapper
    lto-llvm-2b22a1.o(.ARM.exidx.text.LCD_SPI_Send) refers to lto-llvm-2b22a1.o(.text.LCD_SPI_Send) for [Anonymous Symbol]
    lto-llvm-2b22a1.o(.text.LCD_Address_Set) refers (Special) to systick_wrapper_ual.o(.text) for __ensure_systick_wrapper
    lto-llvm-2b22a1.o(.text.LCD_Address_Set) refers to lto-llvm-2b22a1.o(.text.LCD_Write_Cmd) for LCD_Write_Cmd
    lto-llvm-2b22a1.o(.text.LCD_Address_Set) refers to lto-llvm-2b22a1.o(.text.LCD_Write_Data) for LCD_Write_Data
    lto-llvm-2b22a1.o(.ARM.exidx.text.LCD_Address_Set) refers (Special) to systick_wrapper_ual.o(.text) for __ensure_systick_wrapper
    lto-llvm-2b22a1.o(.ARM.exidx.text.LCD_Address_Set) refers to lto-llvm-2b22a1.o(.text.LCD_Address_Set) for [Anonymous Symbol]
    lto-llvm-2b22a1.o(.text.LCD_Write_Cmd) refers (Special) to systick_wrapper_ual.o(.text) for __ensure_systick_wrapper
    lto-llvm-2b22a1.o(.text.LCD_Write_Cmd) refers to lto-llvm-2b22a1.o(.text.LCD_SPI_Send) for LCD_SPI_Send
    lto-llvm-2b22a1.o(.ARM.exidx.text.LCD_Write_Cmd) refers (Special) to systick_wrapper_ual.o(.text) for __ensure_systick_wrapper
    lto-llvm-2b22a1.o(.ARM.exidx.text.LCD_Write_Cmd) refers to lto-llvm-2b22a1.o(.text.LCD_Write_Cmd) for [Anonymous Symbol]
    lto-llvm-2b22a1.o(.text.LCD_Write_Data) refers (Special) to systick_wrapper_ual.o(.text) for __ensure_systick_wrapper
    lto-llvm-2b22a1.o(.text.LCD_Write_Data) refers to lto-llvm-2b22a1.o(.text.LCD_SPI_Send) for LCD_SPI_Send
    lto-llvm-2b22a1.o(.ARM.exidx.text.LCD_Write_Data) refers (Special) to systick_wrapper_ual.o(.text) for __ensure_systick_wrapper
    lto-llvm-2b22a1.o(.ARM.exidx.text.LCD_Write_Data) refers to lto-llvm-2b22a1.o(.text.LCD_Write_Data) for [Anonymous Symbol]
    lto-llvm-2b22a1.o(.text.SPI3_WriteByte) refers (Special) to systick_wrapper_ual.o(.text) for __ensure_systick_wrapper
    lto-llvm-2b22a1.o(.text.SPI3_WriteByte) refers to lto-llvm-2b22a1.o(.text.SPI_WaitFifoStateUntilTimeout) for SPI_WaitFifoStateUntilTimeout
    lto-llvm-2b22a1.o(.text.SPI3_WriteByte) refers to lto-llvm-2b22a1.o(.bss.SPI3_Handler) for [Anonymous Symbol]
    lto-llvm-2b22a1.o(.text.SPI3_WriteByte) refers to lto-llvm-2b22a1.o(.bss..L_MergedGlobals.384) for [Anonymous Symbol]
    lto-llvm-2b22a1.o(.text.SPI3_WriteByte) refers to lto-llvm-2b22a1.o(.data.SystemCoreClock) for SystemCoreClock
    lto-llvm-2b22a1.o(.ARM.exidx.text.SPI3_WriteByte) refers (Special) to systick_wrapper_ual.o(.text) for __ensure_systick_wrapper
    lto-llvm-2b22a1.o(.ARM.exidx.text.SPI3_WriteByte) refers to lto-llvm-2b22a1.o(.text.SPI3_WriteByte) for [Anonymous Symbol]
    lto-llvm-2b22a1.o(.text.EXTI15_10_IRQHandler) refers (Special) to systick_wrapper_ual.o(.text) for __ensure_systick_wrapper
    lto-llvm-2b22a1.o(.text.EXTI15_10_IRQHandler) refers to lto-llvm-2b22a1.o(.bss..L_MergedGlobals.384) for [Anonymous Symbol]
    lto-llvm-2b22a1.o(.ARM.exidx.text.EXTI15_10_IRQHandler) refers (Special) to systick_wrapper_ual.o(.text) for __ensure_systick_wrapper
    lto-llvm-2b22a1.o(.ARM.exidx.text.EXTI15_10_IRQHandler) refers to lto-llvm-2b22a1.o(.text.EXTI15_10_IRQHandler) for [Anonymous Symbol]
    lto-llvm-2b22a1.o(.text.EXTI9_5_IRQHandler) refers (Special) to systick_wrapper_ual.o(.text) for __ensure_systick_wrapper
    lto-llvm-2b22a1.o(.text.EXTI9_5_IRQHandler) refers to lto-llvm-2b22a1.o(.bss..L_MergedGlobals.384) for [Anonymous Symbol]
    lto-llvm-2b22a1.o(.ARM.exidx.text.EXTI9_5_IRQHandler) refers (Special) to systick_wrapper_ual.o(.text) for __ensure_systick_wrapper
    lto-llvm-2b22a1.o(.ARM.exidx.text.EXTI9_5_IRQHandler) refers to lto-llvm-2b22a1.o(.text.EXTI9_5_IRQHandler) for [Anonymous Symbol]
    lto-llvm-2b22a1.o(.text.__aeabi_assert) refers (Special) to systick_wrapper_ual.o(.text) for __ensure_systick_wrapper
    lto-llvm-2b22a1.o(.ARM.exidx.text.__aeabi_assert) refers (Special) to systick_wrapper_ual.o(.text) for __ensure_systick_wrapper
    lto-llvm-2b22a1.o(.ARM.exidx.text.__aeabi_assert) refers to lto-llvm-2b22a1.o(.text.__aeabi_assert) for [Anonymous Symbol]
    lto-llvm-2b22a1.o(.text.__on_scene_depose) refers (Special) to systick_wrapper_ual.o(.text) for __ensure_systick_wrapper
    lto-llvm-2b22a1.o(.text.__on_scene_depose) refers to malloc.o(i.free) for free
    lto-llvm-2b22a1.o(.ARM.exidx.text.__on_scene_depose) refers (Special) to systick_wrapper_ual.o(.text) for __ensure_systick_wrapper
    lto-llvm-2b22a1.o(.ARM.exidx.text.__on_scene_depose) refers to lto-llvm-2b22a1.o(.text.__on_scene_depose) for [Anonymous Symbol]
    lto-llvm-2b22a1.o(.text.refresh_init) refers (Special) to systick_wrapper_ual.o(.text) for __ensure_systick_wrapper
    lto-llvm-2b22a1.o(.text.refresh_init) refers to lto-llvm-2b22a1.o(.text.rt_sem_create) for rt_sem_create
    lto-llvm-2b22a1.o(.text.refresh_init) refers to lto-llvm-2b22a1.o(.bss..L_MergedGlobals.384) for [Anonymous Symbol]
    lto-llvm-2b22a1.o(.ARM.exidx.text.refresh_init) refers (Special) to systick_wrapper_ual.o(.text) for __ensure_systick_wrapper
    lto-llvm-2b22a1.o(.ARM.exidx.text.refresh_init) refers to lto-llvm-2b22a1.o(.text.refresh_init) for [Anonymous Symbol]
    lto-llvm-2b22a1.o(.text.GameEngineEntry) refers (Special) to systick_wrapper_ual.o(.text) for __ensure_systick_wrapper
    lto-llvm-2b22a1.o(.text.GameEngineEntry) refers to memseta.o(.text) for __aeabi_memclr8
    lto-llvm-2b22a1.o(.text.GameEngineEntry) refers to lto-llvm-2b22a1.o(.text.arm_2d_helper_init) for arm_2d_helper_init
    lto-llvm-2b22a1.o(.text.GameEngineEntry) refers to memcpya.o(.text) for __aeabi_memcpy4
    lto-llvm-2b22a1.o(.text.GameEngineEntry) refers to lto-llvm-2b22a1.o(.text.__arm_2d_helper_pfb_free) for __arm_2d_helper_pfb_free
    lto-llvm-2b22a1.o(.text.GameEngineEntry) refers to perf_counter.o(.text.get_system_ticks) for get_system_ticks
    lto-llvm-2b22a1.o(.text.GameEngineEntry) refers to calloc.o(.text) for calloc
    lto-llvm-2b22a1.o(.text.GameEngineEntry) refers to lto-llvm-2b22a1.o(.text.refresh_init) for refresh_init
    lto-llvm-2b22a1.o(.text.GameEngineEntry) refers to lto-llvm-2b22a1.o(.text.rt_sem_take) for rt_sem_take
    lto-llvm-2b22a1.o(.text.GameEngineEntry) refers to lto-llvm-2b22a1.o(.text.rt_sem_release) for rt_sem_release
    lto-llvm-2b22a1.o(.text.GameEngineEntry) refers to lto-llvm-2b22a1.o(.bss.noinit) for [Anonymous Symbol]
    lto-llvm-2b22a1.o(.text.GameEngineEntry) refers to lto-llvm-2b22a1.o(.rodata..L__const.__user_scene_player_init.tCFG) for [Anonymous Symbol]
    lto-llvm-2b22a1.o(.text.GameEngineEntry) refers to lto-llvm-2b22a1.o(.bss.noinit.arm_2d_pfb_pool) for [Anonymous Symbol]
    lto-llvm-2b22a1.o(.text.GameEngineEntry) refers to lto-llvm-2b22a1.o(.bss.s_tMaskRotateCB) for [Anonymous Symbol]
    lto-llvm-2b22a1.o(.text.GameEngineEntry) refers to lto-llvm-2b22a1.o(.bss..L_MergedGlobals.384) for [Anonymous Symbol]
    lto-llvm-2b22a1.o(.text.GameEngineEntry) refers to lto-llvm-2b22a1.o(.text.__on_scene_depose) for __on_scene_depose
    lto-llvm-2b22a1.o(.ARM.exidx.text.GameEngineEntry) refers (Special) to systick_wrapper_ual.o(.text) for __ensure_systick_wrapper
    lto-llvm-2b22a1.o(.ARM.exidx.text.GameEngineEntry) refers to lto-llvm-2b22a1.o(.text.GameEngineEntry) for [Anonymous Symbol]
    lto-llvm-2b22a1.o(.text.arm_2d_helper_init) refers (Special) to systick_wrapper_ual.o(.text) for __ensure_systick_wrapper
    lto-llvm-2b22a1.o(.text.arm_2d_helper_init) refers to lto-llvm-2b22a1.o(.bss.s_tHelper.0) for [Anonymous Symbol]
    lto-llvm-2b22a1.o(.ARM.exidx.text.arm_2d_helper_init) refers (Special) to systick_wrapper_ual.o(.text) for __ensure_systick_wrapper
    lto-llvm-2b22a1.o(.ARM.exidx.text.arm_2d_helper_init) refers to lto-llvm-2b22a1.o(.text.arm_2d_helper_init) for [Anonymous Symbol]
    lto-llvm-2b22a1.o(.text.__arm_2d_helper_pfb_free) refers (Special) to systick_wrapper_ual.o(.text) for __ensure_systick_wrapper
    lto-llvm-2b22a1.o(.text.__arm_2d_helper_pfb_free) refers to lto-llvm-2b22a1.o(.bss.noinit) for [Anonymous Symbol]
    lto-llvm-2b22a1.o(.ARM.exidx.text.__arm_2d_helper_pfb_free) refers (Special) to systick_wrapper_ual.o(.text) for __ensure_systick_wrapper
    lto-llvm-2b22a1.o(.ARM.exidx.text.__arm_2d_helper_pfb_free) refers to lto-llvm-2b22a1.o(.text.__arm_2d_helper_pfb_free) for [Anonymous Symbol]
    lto-llvm-2b22a1.o(.text.__glcd0_pfb_render_handler) refers (Special) to systick_wrapper_ual.o(.text) for __ensure_systick_wrapper
    lto-llvm-2b22a1.o(.text.__glcd0_pfb_render_handler) refers to lto-llvm-2b22a1.o(.text.LCD_Address_Set) for LCD_Address_Set
    lto-llvm-2b22a1.o(.text.__glcd0_pfb_render_handler) refers to lto-llvm-2b22a1.o(.text.LCD_SPI_Send) for LCD_SPI_Send
    lto-llvm-2b22a1.o(.text.__glcd0_pfb_render_handler) refers to lto-llvm-2b22a1.o(.text.__arm_2d_helper_pfb_free) for __arm_2d_helper_pfb_free
    lto-llvm-2b22a1.o(.text.__glcd0_pfb_render_handler) refers to lto-llvm-2b22a1.o(.text.__aeabi_assert) for __aeabi_assert
    lto-llvm-2b22a1.o(.text.__glcd0_pfb_render_handler) refers to lto-llvm-2b22a1.o(.bss.noinit) for [Anonymous Symbol]
    lto-llvm-2b22a1.o(.ARM.exidx.text.__glcd0_pfb_render_handler) refers (Special) to systick_wrapper_ual.o(.text) for __ensure_systick_wrapper
    lto-llvm-2b22a1.o(.ARM.exidx.text.__glcd0_pfb_render_handler) refers to lto-llvm-2b22a1.o(.text.__glcd0_pfb_render_handler) for [Anonymous Symbol]
    lto-llvm-2b22a1.o(.text.__on_each_frame_complete) refers (Special) to systick_wrapper_ual.o(.text) for __ensure_systick_wrapper
    lto-llvm-2b22a1.o(.text.__on_each_frame_complete) refers to lto-llvm-2b22a1.o(.data..L_MergedGlobals) for [Anonymous Symbol]
    lto-llvm-2b22a1.o(.text.__on_each_frame_complete) refers to lto-llvm-2b22a1.o(.bss.noinit) for [Anonymous Symbol]
    lto-llvm-2b22a1.o(.text.__on_each_frame_complete) refers to lto-llvm-2b22a1.o(.bss..L_MergedGlobals.384) for [Anonymous Symbol]
    lto-llvm-2b22a1.o(.ARM.exidx.text.__on_each_frame_complete) refers (Special) to systick_wrapper_ual.o(.text) for __ensure_systick_wrapper
    lto-llvm-2b22a1.o(.ARM.exidx.text.__on_each_frame_complete) refers to lto-llvm-2b22a1.o(.text.__on_each_frame_complete) for [Anonymous Symbol]
    lto-llvm-2b22a1.o(.text.HAL_Init) refers (Special) to systick_wrapper_ual.o(.text) for __ensure_systick_wrapper
    lto-llvm-2b22a1.o(.text.HAL_Init) refers to lto-llvm-2b22a1.o(.text.HAL_InitTick) for HAL_InitTick
    lto-llvm-2b22a1.o(.ARM.exidx.text.HAL_Init) refers (Special) to systick_wrapper_ual.o(.text) for __ensure_systick_wrapper
    lto-llvm-2b22a1.o(.ARM.exidx.text.HAL_Init) refers to lto-llvm-2b22a1.o(.text.HAL_Init) for [Anonymous Symbol]
    lto-llvm-2b22a1.o(.text.HAL_InitTick) refers (Special) to systick_wrapper_ual.o(.text) for __ensure_systick_wrapper
    lto-llvm-2b22a1.o(.text.HAL_InitTick) refers to lto-llvm-2b22a1.o(.text.HAL_NVIC_SetPriority) for HAL_NVIC_SetPriority
    lto-llvm-2b22a1.o(.text.HAL_InitTick) refers to lto-llvm-2b22a1.o(.data.SystemCoreClock) for SystemCoreClock
    lto-llvm-2b22a1.o(.text.HAL_InitTick) refers to lto-llvm-2b22a1.o(.bss..L_MergedGlobals.384) for [Anonymous Symbol]
    lto-llvm-2b22a1.o(.ARM.exidx.text.HAL_InitTick) refers (Special) to systick_wrapper_ual.o(.text) for __ensure_systick_wrapper
    lto-llvm-2b22a1.o(.ARM.exidx.text.HAL_InitTick) refers to lto-llvm-2b22a1.o(.text.HAL_InitTick) for [Anonymous Symbol]
    lto-llvm-2b22a1.o(.text.HAL_Delay) refers (Special) to systick_wrapper_ual.o(.text) for __ensure_systick_wrapper
    lto-llvm-2b22a1.o(.text.HAL_Delay) refers to lto-llvm-2b22a1.o(.bss..L_MergedGlobals.384) for [Anonymous Symbol]
    lto-llvm-2b22a1.o(.ARM.exidx.text.HAL_Delay) refers (Special) to systick_wrapper_ual.o(.text) for __ensure_systick_wrapper
    lto-llvm-2b22a1.o(.ARM.exidx.text.HAL_Delay) refers to lto-llvm-2b22a1.o(.text.HAL_Delay) for [Anonymous Symbol]
    lto-llvm-2b22a1.o(.text.HAL_NVIC_SetPriority) refers (Special) to systick_wrapper_ual.o(.text) for __ensure_systick_wrapper
    lto-llvm-2b22a1.o(.ARM.exidx.text.HAL_NVIC_SetPriority) refers (Special) to systick_wrapper_ual.o(.text) for __ensure_systick_wrapper
    lto-llvm-2b22a1.o(.ARM.exidx.text.HAL_NVIC_SetPriority) refers to lto-llvm-2b22a1.o(.text.HAL_NVIC_SetPriority) for [Anonymous Symbol]
    lto-llvm-2b22a1.o(.text.HAL_GPIO_Init) refers (Special) to systick_wrapper_ual.o(.text) for __ensure_systick_wrapper
    lto-llvm-2b22a1.o(.ARM.exidx.text.HAL_GPIO_Init) refers (Special) to systick_wrapper_ual.o(.text) for __ensure_systick_wrapper
    lto-llvm-2b22a1.o(.ARM.exidx.text.HAL_GPIO_Init) refers to lto-llvm-2b22a1.o(.text.HAL_GPIO_Init) for [Anonymous Symbol]
    lto-llvm-2b22a1.o(.text.HAL_RCC_GetSysClockFreq) refers (Special) to systick_wrapper_ual.o(.text) for __ensure_systick_wrapper
    lto-llvm-2b22a1.o(.text.HAL_RCC_GetSysClockFreq) refers to lto-llvm-2b22a1.o(.rodata.MSIRangeTable) for [Anonymous Symbol]
    lto-llvm-2b22a1.o(.ARM.exidx.text.HAL_RCC_GetSysClockFreq) refers (Special) to systick_wrapper_ual.o(.text) for __ensure_systick_wrapper
    lto-llvm-2b22a1.o(.ARM.exidx.text.HAL_RCC_GetSysClockFreq) refers to lto-llvm-2b22a1.o(.text.HAL_RCC_GetSysClockFreq) for [Anonymous Symbol]
    lto-llvm-2b22a1.o(.text.SPI_WaitFifoStateUntilTimeout) refers (Special) to systick_wrapper_ual.o(.text) for __ensure_systick_wrapper
    lto-llvm-2b22a1.o(.text.SPI_WaitFifoStateUntilTimeout) refers to lto-llvm-2b22a1.o(.bss..L_MergedGlobals.384) for [Anonymous Symbol]
    lto-llvm-2b22a1.o(.text.SPI_WaitFifoStateUntilTimeout) refers to lto-llvm-2b22a1.o(.data.SystemCoreClock) for SystemCoreClock
    lto-llvm-2b22a1.o(.text.SPI_WaitFifoStateUntilTimeout) refers to lto-llvm-2b22a1.o(.bss.SPI3_Handler) for [Anonymous Symbol]
    lto-llvm-2b22a1.o(.ARM.exidx.text.SPI_WaitFifoStateUntilTimeout) refers (Special) to systick_wrapper_ual.o(.text) for __ensure_systick_wrapper
    lto-llvm-2b22a1.o(.ARM.exidx.text.SPI_WaitFifoStateUntilTimeout) refers to lto-llvm-2b22a1.o(.text.SPI_WaitFifoStateUntilTimeout) for [Anonymous Symbol]
    lto-llvm-2b22a1.o(.text.SystemInit) refers (Special) to systick_wrapper_ual.o(.text) for __ensure_systick_wrapper
    lto-llvm-2b22a1.o(.ARM.exidx.text.SystemInit) refers (Special) to systick_wrapper_ual.o(.text) for __ensure_systick_wrapper
    lto-llvm-2b22a1.o(.ARM.exidx.text.SystemInit) refers to lto-llvm-2b22a1.o(.text.SystemInit) for [Anonymous Symbol]
    lto-llvm-2b22a1.o(.text.rt_hw_hard_fault_exception) refers (Special) to systick_wrapper_ual.o(.text) for __ensure_systick_wrapper
    lto-llvm-2b22a1.o(.ARM.exidx.text.rt_hw_hard_fault_exception) refers (Special) to systick_wrapper_ual.o(.text) for __ensure_systick_wrapper
    lto-llvm-2b22a1.o(.ARM.exidx.text.rt_hw_hard_fault_exception) refers to lto-llvm-2b22a1.o(.text.rt_hw_hard_fault_exception) for [Anonymous Symbol]
    lto-llvm-2b22a1.o(.text.rti_start) refers (Special) to systick_wrapper_ual.o(.text) for __ensure_systick_wrapper
    lto-llvm-2b22a1.o(.ARM.exidx.text.rti_start) refers (Special) to systick_wrapper_ual.o(.text) for __ensure_systick_wrapper
    lto-llvm-2b22a1.o(.ARM.exidx.text.rti_start) refers to lto-llvm-2b22a1.o(.text.rti_start) for [Anonymous Symbol]
    lto-llvm-2b22a1.o(.text.rti_board_start) refers (Special) to systick_wrapper_ual.o(.text) for __ensure_systick_wrapper
    lto-llvm-2b22a1.o(.ARM.exidx.text.rti_board_start) refers (Special) to systick_wrapper_ual.o(.text) for __ensure_systick_wrapper
    lto-llvm-2b22a1.o(.ARM.exidx.text.rti_board_start) refers to lto-llvm-2b22a1.o(.text.rti_board_start) for [Anonymous Symbol]
    lto-llvm-2b22a1.o(.text.rti_board_end) refers (Special) to systick_wrapper_ual.o(.text) for __ensure_systick_wrapper
    lto-llvm-2b22a1.o(.ARM.exidx.text.rti_board_end) refers (Special) to systick_wrapper_ual.o(.text) for __ensure_systick_wrapper
    lto-llvm-2b22a1.o(.ARM.exidx.text.rti_board_end) refers to lto-llvm-2b22a1.o(.text.rti_board_end) for [Anonymous Symbol]
    lto-llvm-2b22a1.o(.text.rti_end) refers (Special) to systick_wrapper_ual.o(.text) for __ensure_systick_wrapper
    lto-llvm-2b22a1.o(.ARM.exidx.text.rti_end) refers (Special) to systick_wrapper_ual.o(.text) for __ensure_systick_wrapper
    lto-llvm-2b22a1.o(.ARM.exidx.text.rti_end) refers to lto-llvm-2b22a1.o(.text.rti_end) for [Anonymous Symbol]
    lto-llvm-2b22a1.o(.text.$Sub$$main) refers (Special) to systick_wrapper_ual.o(.text) for __ensure_systick_wrapper
    lto-llvm-2b22a1.o(.text.$Sub$$main) refers to context_rvds.o(.text) for rt_hw_interrupt_disable
    lto-llvm-2b22a1.o(.text.$Sub$$main) refers to lto-llvm-2b22a1.o(.text.HAL_Init) for HAL_Init
    lto-llvm-2b22a1.o(.text.$Sub$$main) refers to lto-llvm-2b22a1.o(.text.SystemClock_Config) for SystemClock_Config
    lto-llvm-2b22a1.o(.text.$Sub$$main) refers to lto-llvm-2b22a1.o(.text.rt_object_init) for rt_object_init
    lto-llvm-2b22a1.o(.text.$Sub$$main) refers to lto-llvm-2b22a1.o(.text.rt_thread_create) for rt_thread_create
    lto-llvm-2b22a1.o(.text.$Sub$$main) refers to lto-llvm-2b22a1.o(.text.rt_thread_startup) for rt_thread_startup
    lto-llvm-2b22a1.o(.text.$Sub$$main) refers to lto-llvm-2b22a1.o(.text._rt_thread_init) for _rt_thread_init
    lto-llvm-2b22a1.o(.text.$Sub$$main) refers to lto-llvm-2b22a1.o(.text.__rt_ffs) for __rt_ffs
    lto-llvm-2b22a1.o(.text.$Sub$$main) refers to lto-llvm-2b22a1.o(.rodata.MSIRangeTable) for [Anonymous Symbol]
    lto-llvm-2b22a1.o(.text.$Sub$$main) refers to lto-llvm-2b22a1.o(.data.SystemCoreClock) for SystemCoreClock
    lto-llvm-2b22a1.o(.text.$Sub$$main) refers to lto-llvm-2b22a1.o(.rodata.cst16) for [Anonymous Symbol]
    lto-llvm-2b22a1.o(.text.$Sub$$main) refers to lto-llvm-2b22a1.o(.rti_fn.0.end) for __rt_init_rti_board_start
    lto-llvm-2b22a1.o(.text.$Sub$$main) refers to lto-llvm-2b22a1.o(.rti_fn.1.end) for __rt_init_rti_board_end
    lto-llvm-2b22a1.o(.text.$Sub$$main) refers to lto-llvm-2b22a1.o(.bss.rt_heap) for [Anonymous Symbol]
    lto-llvm-2b22a1.o(.text.$Sub$$main) refers to lto-llvm-2b22a1.o(.bss..L_MergedGlobals.384) for [Anonymous Symbol]
    lto-llvm-2b22a1.o(.text.$Sub$$main) refers to lto-llvm-2b22a1.o(.bss.heap_sem) for [Anonymous Symbol]
    lto-llvm-2b22a1.o(.text.$Sub$$main) refers to lto-llvm-2b22a1.o(.bss.rt_thread_priority_table) for [Anonymous Symbol]
    lto-llvm-2b22a1.o(.text.$Sub$$main) refers to lto-llvm-2b22a1.o(.text.main_thread_entry) for main_thread_entry
    lto-llvm-2b22a1.o(.text.$Sub$$main) refers to lto-llvm-2b22a1.o(.bss.idle) for [Anonymous Symbol]
    lto-llvm-2b22a1.o(.text.$Sub$$main) refers to lto-llvm-2b22a1.o(.text.rt_thread_idle_entry) for rt_thread_idle_entry
    lto-llvm-2b22a1.o(.text.$Sub$$main) refers to lto-llvm-2b22a1.o(.bss.rt_thread_stack) for [Anonymous Symbol]
    lto-llvm-2b22a1.o(.ARM.exidx.text.$Sub$$main) refers (Special) to systick_wrapper_ual.o(.text) for __ensure_systick_wrapper
    lto-llvm-2b22a1.o(.ARM.exidx.text.$Sub$$main) refers to lto-llvm-2b22a1.o(.text.$Sub$$main) for [Anonymous Symbol]
    lto-llvm-2b22a1.o(.text.main_thread_entry) refers (Special) to systick_wrapper_ual.o(.text) for __ensure_systick_wrapper
    lto-llvm-2b22a1.o(.text.main_thread_entry) refers to lto-llvm-2b22a1.o(.text.main) for $Super$$main
    lto-llvm-2b22a1.o(.text.main_thread_entry) refers to lto-llvm-2b22a1.o(.rti_fn.1.end) for __rt_init_rti_board_end
    lto-llvm-2b22a1.o(.text.main_thread_entry) refers to lto-llvm-2b22a1.o(.rti_fn.6.end) for __rt_init_rti_end
    lto-llvm-2b22a1.o(.ARM.exidx.text.main_thread_entry) refers (Special) to systick_wrapper_ual.o(.text) for __ensure_systick_wrapper
    lto-llvm-2b22a1.o(.ARM.exidx.text.main_thread_entry) refers to lto-llvm-2b22a1.o(.text.main_thread_entry) for [Anonymous Symbol]
    lto-llvm-2b22a1.o(.text.rt_thread_idle_entry) refers (Special) to systick_wrapper_ual.o(.text) for __ensure_systick_wrapper
    lto-llvm-2b22a1.o(.text.rt_thread_idle_entry) refers to context_rvds.o(.text) for rt_hw_interrupt_disable
    lto-llvm-2b22a1.o(.text.rt_thread_idle_entry) refers to lto-llvm-2b22a1.o(.text.rt_free) for rt_free
    lto-llvm-2b22a1.o(.text.rt_thread_idle_entry) refers to lto-llvm-2b22a1.o(.text.rt_object_delete) for rt_object_delete
    lto-llvm-2b22a1.o(.text.rt_thread_idle_entry) refers to lto-llvm-2b22a1.o(.text.OUTLINED_FUNCTION_3) for OUTLINED_FUNCTION_3
    lto-llvm-2b22a1.o(.text.rt_thread_idle_entry) refers to lto-llvm-2b22a1.o(.bss..L_MergedGlobals.384) for [Anonymous Symbol]
    lto-llvm-2b22a1.o(.ARM.exidx.text.rt_thread_idle_entry) refers (Special) to systick_wrapper_ual.o(.text) for __ensure_systick_wrapper
    lto-llvm-2b22a1.o(.ARM.exidx.text.rt_thread_idle_entry) refers to lto-llvm-2b22a1.o(.text.rt_thread_idle_entry) for [Anonymous Symbol]
    lto-llvm-2b22a1.o(.text.rt_sem_create) refers (Special) to systick_wrapper_ual.o(.text) for __ensure_systick_wrapper
    lto-llvm-2b22a1.o(.text.rt_sem_create) refers to lto-llvm-2b22a1.o(.text.rt_object_allocate) for rt_object_allocate
    lto-llvm-2b22a1.o(.ARM.exidx.text.rt_sem_create) refers (Special) to systick_wrapper_ual.o(.text) for __ensure_systick_wrapper
    lto-llvm-2b22a1.o(.ARM.exidx.text.rt_sem_create) refers to lto-llvm-2b22a1.o(.text.rt_sem_create) for [Anonymous Symbol]
    lto-llvm-2b22a1.o(.text.rt_sem_take) refers (Special) to systick_wrapper_ual.o(.text) for __ensure_systick_wrapper
    lto-llvm-2b22a1.o(.text.rt_sem_take) refers to context_rvds.o(.text) for rt_hw_interrupt_disable
    lto-llvm-2b22a1.o(.text.rt_sem_take) refers to lto-llvm-2b22a1.o(.text.OUTLINED_FUNCTION_3) for OUTLINED_FUNCTION_3
    lto-llvm-2b22a1.o(.text.rt_sem_take) refers to lto-llvm-2b22a1.o(.text.rt_thread_suspend) for rt_thread_suspend
    lto-llvm-2b22a1.o(.text.rt_sem_take) refers to lto-llvm-2b22a1.o(.text.rt_schedule) for rt_schedule
    lto-llvm-2b22a1.o(.text.rt_sem_take) refers to lto-llvm-2b22a1.o(.bss..L_MergedGlobals.384) for [Anonymous Symbol]
    lto-llvm-2b22a1.o(.ARM.exidx.text.rt_sem_take) refers (Special) to systick_wrapper_ual.o(.text) for __ensure_systick_wrapper
    lto-llvm-2b22a1.o(.ARM.exidx.text.rt_sem_take) refers to lto-llvm-2b22a1.o(.text.rt_sem_take) for [Anonymous Symbol]
    lto-llvm-2b22a1.o(.text.rt_sem_release) refers (Special) to systick_wrapper_ual.o(.text) for __ensure_systick_wrapper
    lto-llvm-2b22a1.o(.text.rt_sem_release) refers to context_rvds.o(.text) for rt_hw_interrupt_disable
    lto-llvm-2b22a1.o(.text.rt_sem_release) refers to lto-llvm-2b22a1.o(.text.rt_thread_resume) for rt_thread_resume
    lto-llvm-2b22a1.o(.text.rt_sem_release) refers to lto-llvm-2b22a1.o(.text.OUTLINED_FUNCTION_3) for OUTLINED_FUNCTION_3
    lto-llvm-2b22a1.o(.text.rt_sem_release) refers to lto-llvm-2b22a1.o(.text.rt_schedule) for rt_schedule
    lto-llvm-2b22a1.o(.ARM.exidx.text.rt_sem_release) refers (Special) to systick_wrapper_ual.o(.text) for __ensure_systick_wrapper
    lto-llvm-2b22a1.o(.ARM.exidx.text.rt_sem_release) refers to lto-llvm-2b22a1.o(.text.rt_sem_release) for [Anonymous Symbol]
    lto-llvm-2b22a1.o(.text.rt_memset) refers (Special) to systick_wrapper_ual.o(.text) for __ensure_systick_wrapper
    lto-llvm-2b22a1.o(.ARM.exidx.text.rt_memset) refers (Special) to systick_wrapper_ual.o(.text) for __ensure_systick_wrapper
    lto-llvm-2b22a1.o(.ARM.exidx.text.rt_memset) refers to lto-llvm-2b22a1.o(.text.rt_memset) for [Anonymous Symbol]
    lto-llvm-2b22a1.o(.text.rt_strncpy) refers (Special) to systick_wrapper_ual.o(.text) for __ensure_systick_wrapper
    lto-llvm-2b22a1.o(.ARM.exidx.text.rt_strncpy) refers (Special) to systick_wrapper_ual.o(.text) for __ensure_systick_wrapper
    lto-llvm-2b22a1.o(.ARM.exidx.text.rt_strncpy) refers to lto-llvm-2b22a1.o(.text.rt_strncpy) for [Anonymous Symbol]
    lto-llvm-2b22a1.o(.text.strdup) refers (Special) to systick_wrapper_ual.o(.text) for __ensure_systick_wrapper
    lto-llvm-2b22a1.o(.text.strdup) refers to lto-llvm-2b22a1.o(.text.rt_malloc) for rt_malloc
    lto-llvm-2b22a1.o(.ARM.exidx.text.strdup) refers (Special) to systick_wrapper_ual.o(.text) for __ensure_systick_wrapper
    lto-llvm-2b22a1.o(.ARM.exidx.text.strdup) refers to lto-llvm-2b22a1.o(.text.strdup) for [Anonymous Symbol]
    lto-llvm-2b22a1.o(.text.__rt_ffs) refers (Special) to systick_wrapper_ual.o(.text) for __ensure_systick_wrapper
    lto-llvm-2b22a1.o(.text.__rt_ffs) refers to lto-llvm-2b22a1.o(.rodata.__lowest_bit_bitmap) for [Anonymous Symbol]
    lto-llvm-2b22a1.o(.ARM.exidx.text.__rt_ffs) refers (Special) to systick_wrapper_ual.o(.text) for __ensure_systick_wrapper
    lto-llvm-2b22a1.o(.ARM.exidx.text.__rt_ffs) refers to lto-llvm-2b22a1.o(.text.__rt_ffs) for [Anonymous Symbol]
    lto-llvm-2b22a1.o(.text.rt_malloc) refers (Special) to systick_wrapper_ual.o(.text) for __ensure_systick_wrapper
    lto-llvm-2b22a1.o(.text.rt_malloc) refers to lto-llvm-2b22a1.o(.text.rt_sem_take) for rt_sem_take
    lto-llvm-2b22a1.o(.text.rt_malloc) refers to lto-llvm-2b22a1.o(.text.rt_sem_release) for rt_sem_release
    lto-llvm-2b22a1.o(.text.rt_malloc) refers to lto-llvm-2b22a1.o(.bss.rt_heap) for [Anonymous Symbol]
    lto-llvm-2b22a1.o(.text.rt_malloc) refers to lto-llvm-2b22a1.o(.bss..L_MergedGlobals.384) for [Anonymous Symbol]
    lto-llvm-2b22a1.o(.text.rt_malloc) refers to lto-llvm-2b22a1.o(.bss.heap_sem) for [Anonymous Symbol]
    lto-llvm-2b22a1.o(.ARM.exidx.text.rt_malloc) refers (Special) to systick_wrapper_ual.o(.text) for __ensure_systick_wrapper
    lto-llvm-2b22a1.o(.ARM.exidx.text.rt_malloc) refers to lto-llvm-2b22a1.o(.text.rt_malloc) for [Anonymous Symbol]
    lto-llvm-2b22a1.o(.text.rt_free) refers (Special) to systick_wrapper_ual.o(.text) for __ensure_systick_wrapper
    lto-llvm-2b22a1.o(.text.rt_free) refers to lto-llvm-2b22a1.o(.text.rt_sem_take) for rt_sem_take
    lto-llvm-2b22a1.o(.text.rt_free) refers to lto-llvm-2b22a1.o(.text.rt_sem_release) for rt_sem_release
    lto-llvm-2b22a1.o(.text.rt_free) refers to lto-llvm-2b22a1.o(.bss..L_MergedGlobals.384) for [Anonymous Symbol]
    lto-llvm-2b22a1.o(.text.rt_free) refers to lto-llvm-2b22a1.o(.bss.heap_sem) for [Anonymous Symbol]
    lto-llvm-2b22a1.o(.ARM.exidx.text.rt_free) refers (Special) to systick_wrapper_ual.o(.text) for __ensure_systick_wrapper
    lto-llvm-2b22a1.o(.ARM.exidx.text.rt_free) refers to lto-llvm-2b22a1.o(.text.rt_free) for [Anonymous Symbol]
    lto-llvm-2b22a1.o(.text.rt_object_get_information) refers (Special) to systick_wrapper_ual.o(.text) for __ensure_systick_wrapper
    lto-llvm-2b22a1.o(.text.rt_object_get_information) refers to lto-llvm-2b22a1.o(.data.rt_object_container) for [Anonymous Symbol]
    lto-llvm-2b22a1.o(.ARM.exidx.text.rt_object_get_information) refers (Special) to systick_wrapper_ual.o(.text) for __ensure_systick_wrapper
    lto-llvm-2b22a1.o(.ARM.exidx.text.rt_object_get_information) refers to lto-llvm-2b22a1.o(.text.rt_object_get_information) for [Anonymous Symbol]
    lto-llvm-2b22a1.o(.text.rt_object_init) refers (Special) to systick_wrapper_ual.o(.text) for __ensure_systick_wrapper
    lto-llvm-2b22a1.o(.text.rt_object_init) refers to lto-llvm-2b22a1.o(.text.rt_object_get_information) for rt_object_get_information
    lto-llvm-2b22a1.o(.text.rt_object_init) refers to context_rvds.o(.text) for rt_hw_interrupt_disable
    lto-llvm-2b22a1.o(.text.rt_object_init) refers to lto-llvm-2b22a1.o(.text.rt_schedule) for rt_schedule
    lto-llvm-2b22a1.o(.text.rt_object_init) refers to lto-llvm-2b22a1.o(.text.rt_strncpy) for rt_strncpy
    lto-llvm-2b22a1.o(.text.rt_object_init) refers to lto-llvm-2b22a1.o(.bss..L_MergedGlobals.384) for [Anonymous Symbol]
    lto-llvm-2b22a1.o(.ARM.exidx.text.rt_object_init) refers (Special) to systick_wrapper_ual.o(.text) for __ensure_systick_wrapper
    lto-llvm-2b22a1.o(.ARM.exidx.text.rt_object_init) refers to lto-llvm-2b22a1.o(.text.rt_object_init) for [Anonymous Symbol]
    lto-llvm-2b22a1.o(.text.rt_object_detach) refers (Special) to systick_wrapper_ual.o(.text) for __ensure_systick_wrapper
    lto-llvm-2b22a1.o(.text.rt_object_detach) refers to lto-llvm-2b22a1.o(.text.OUTLINED_FUNCTION_5) for OUTLINED_FUNCTION_5
    lto-llvm-2b22a1.o(.text.rt_object_detach) refers to context_rvds.o(.text) for rt_hw_interrupt_enable
    lto-llvm-2b22a1.o(.ARM.exidx.text.rt_object_detach) refers (Special) to systick_wrapper_ual.o(.text) for __ensure_systick_wrapper
    lto-llvm-2b22a1.o(.ARM.exidx.text.rt_object_detach) refers to lto-llvm-2b22a1.o(.text.rt_object_detach) for [Anonymous Symbol]
    lto-llvm-2b22a1.o(.text.rt_object_allocate) refers (Special) to systick_wrapper_ual.o(.text) for __ensure_systick_wrapper
    lto-llvm-2b22a1.o(.text.rt_object_allocate) refers to lto-llvm-2b22a1.o(.text.rt_object_get_information) for rt_object_get_information
    lto-llvm-2b22a1.o(.text.rt_object_allocate) refers to lto-llvm-2b22a1.o(.text.rt_malloc) for rt_malloc
    lto-llvm-2b22a1.o(.text.rt_object_allocate) refers to lto-llvm-2b22a1.o(.text.rt_memset) for rt_memset
    lto-llvm-2b22a1.o(.text.rt_object_allocate) refers to lto-llvm-2b22a1.o(.text.rt_strncpy) for rt_strncpy
    lto-llvm-2b22a1.o(.text.rt_object_allocate) refers to context_rvds.o(.text) for rt_hw_interrupt_disable
    lto-llvm-2b22a1.o(.ARM.exidx.text.rt_object_allocate) refers (Special) to systick_wrapper_ual.o(.text) for __ensure_systick_wrapper
    lto-llvm-2b22a1.o(.ARM.exidx.text.rt_object_allocate) refers to lto-llvm-2b22a1.o(.text.rt_object_allocate) for [Anonymous Symbol]
    lto-llvm-2b22a1.o(.text.rt_object_delete) refers (Special) to systick_wrapper_ual.o(.text) for __ensure_systick_wrapper
    lto-llvm-2b22a1.o(.text.rt_object_delete) refers to lto-llvm-2b22a1.o(.text.OUTLINED_FUNCTION_5) for OUTLINED_FUNCTION_5
    lto-llvm-2b22a1.o(.text.rt_object_delete) refers to context_rvds.o(.text) for rt_hw_interrupt_enable
    lto-llvm-2b22a1.o(.text.rt_object_delete) refers to lto-llvm-2b22a1.o(.text.rt_free) for rt_free
    lto-llvm-2b22a1.o(.ARM.exidx.text.rt_object_delete) refers (Special) to systick_wrapper_ual.o(.text) for __ensure_systick_wrapper
    lto-llvm-2b22a1.o(.ARM.exidx.text.rt_object_delete) refers to lto-llvm-2b22a1.o(.text.rt_object_delete) for [Anonymous Symbol]
    lto-llvm-2b22a1.o(.text.rt_schedule) refers (Special) to systick_wrapper_ual.o(.text) for __ensure_systick_wrapper
    lto-llvm-2b22a1.o(.text.rt_schedule) refers to context_rvds.o(.text) for rt_hw_interrupt_disable
    lto-llvm-2b22a1.o(.text.rt_schedule) refers to lto-llvm-2b22a1.o(.text.__rt_ffs) for __rt_ffs
    lto-llvm-2b22a1.o(.text.rt_schedule) refers to lto-llvm-2b22a1.o(.bss..L_MergedGlobals.384) for [Anonymous Symbol]
    lto-llvm-2b22a1.o(.text.rt_schedule) refers to lto-llvm-2b22a1.o(.bss.rt_thread_priority_table) for [Anonymous Symbol]
    lto-llvm-2b22a1.o(.ARM.exidx.text.rt_schedule) refers (Special) to systick_wrapper_ual.o(.text) for __ensure_systick_wrapper
    lto-llvm-2b22a1.o(.ARM.exidx.text.rt_schedule) refers to lto-llvm-2b22a1.o(.text.rt_schedule) for [Anonymous Symbol]
    lto-llvm-2b22a1.o(.text.rt_schedule_insert_thread) refers (Special) to systick_wrapper_ual.o(.text) for __ensure_systick_wrapper
    lto-llvm-2b22a1.o(.text.rt_schedule_insert_thread) refers to context_rvds.o(.text) for rt_hw_interrupt_disable
    lto-llvm-2b22a1.o(.text.rt_schedule_insert_thread) refers to lto-llvm-2b22a1.o(.bss.rt_thread_priority_table) for [Anonymous Symbol]
    lto-llvm-2b22a1.o(.text.rt_schedule_insert_thread) refers to lto-llvm-2b22a1.o(.bss..L_MergedGlobals.384) for [Anonymous Symbol]
    lto-llvm-2b22a1.o(.ARM.exidx.text.rt_schedule_insert_thread) refers (Special) to systick_wrapper_ual.o(.text) for __ensure_systick_wrapper
    lto-llvm-2b22a1.o(.ARM.exidx.text.rt_schedule_insert_thread) refers to lto-llvm-2b22a1.o(.text.rt_schedule_insert_thread) for [Anonymous Symbol]
    lto-llvm-2b22a1.o(.text.rt_schedule_remove_thread) refers (Special) to systick_wrapper_ual.o(.text) for __ensure_systick_wrapper
    lto-llvm-2b22a1.o(.text.rt_schedule_remove_thread) refers to context_rvds.o(.text) for rt_hw_interrupt_disable
    lto-llvm-2b22a1.o(.text.rt_schedule_remove_thread) refers to lto-llvm-2b22a1.o(.bss.rt_thread_priority_table) for [Anonymous Symbol]
    lto-llvm-2b22a1.o(.text.rt_schedule_remove_thread) refers to lto-llvm-2b22a1.o(.bss..L_MergedGlobals.384) for [Anonymous Symbol]
    lto-llvm-2b22a1.o(.ARM.exidx.text.rt_schedule_remove_thread) refers (Special) to systick_wrapper_ual.o(.text) for __ensure_systick_wrapper
    lto-llvm-2b22a1.o(.ARM.exidx.text.rt_schedule_remove_thread) refers to lto-llvm-2b22a1.o(.text.rt_schedule_remove_thread) for [Anonymous Symbol]
    lto-llvm-2b22a1.o(.text.rt_thread_exit) refers (Special) to systick_wrapper_ual.o(.text) for __ensure_systick_wrapper
    lto-llvm-2b22a1.o(.text.rt_thread_exit) refers to context_rvds.o(.text) for rt_hw_interrupt_disable
    lto-llvm-2b22a1.o(.text.rt_thread_exit) refers to lto-llvm-2b22a1.o(.text.rt_schedule_remove_thread) for rt_schedule_remove_thread
    lto-llvm-2b22a1.o(.text.rt_thread_exit) refers to lto-llvm-2b22a1.o(.text.rt_object_detach) for rt_object_detach
    lto-llvm-2b22a1.o(.text.rt_thread_exit) refers to lto-llvm-2b22a1.o(.text.rt_schedule) for rt_schedule
    lto-llvm-2b22a1.o(.text.rt_thread_exit) refers to lto-llvm-2b22a1.o(.bss..L_MergedGlobals.384) for [Anonymous Symbol]
    lto-llvm-2b22a1.o(.ARM.exidx.text.rt_thread_exit) refers (Special) to systick_wrapper_ual.o(.text) for __ensure_systick_wrapper
    lto-llvm-2b22a1.o(.ARM.exidx.text.rt_thread_exit) refers to lto-llvm-2b22a1.o(.text.rt_thread_exit) for [Anonymous Symbol]
    lto-llvm-2b22a1.o(.text._rt_thread_init) refers (Special) to systick_wrapper_ual.o(.text) for __ensure_systick_wrapper
    lto-llvm-2b22a1.o(.text._rt_thread_init) refers to lto-llvm-2b22a1.o(.text.rt_memset) for rt_memset
    lto-llvm-2b22a1.o(.text._rt_thread_init) refers to lto-llvm-2b22a1.o(.text.rt_object_init) for rt_object_init
    lto-llvm-2b22a1.o(.text._rt_thread_init) refers to lto-llvm-2b22a1.o(.text.rt_thread_exit) for rt_thread_exit
    lto-llvm-2b22a1.o(.text._rt_thread_init) refers to lto-llvm-2b22a1.o(.text.rt_thread_timeout) for rt_thread_timeout
    lto-llvm-2b22a1.o(.ARM.exidx.text._rt_thread_init) refers (Special) to systick_wrapper_ual.o(.text) for __ensure_systick_wrapper
    lto-llvm-2b22a1.o(.ARM.exidx.text._rt_thread_init) refers to lto-llvm-2b22a1.o(.text._rt_thread_init) for [Anonymous Symbol]
    lto-llvm-2b22a1.o(.text.rt_thread_timeout) refers (Special) to systick_wrapper_ual.o(.text) for __ensure_systick_wrapper
    lto-llvm-2b22a1.o(.text.rt_thread_timeout) refers to lto-llvm-2b22a1.o(.text.rt_schedule_insert_thread) for rt_schedule_insert_thread
    lto-llvm-2b22a1.o(.text.rt_thread_timeout) refers to lto-llvm-2b22a1.o(.text.rt_schedule) for rt_schedule
    lto-llvm-2b22a1.o(.ARM.exidx.text.rt_thread_timeout) refers (Special) to systick_wrapper_ual.o(.text) for __ensure_systick_wrapper
    lto-llvm-2b22a1.o(.ARM.exidx.text.rt_thread_timeout) refers to lto-llvm-2b22a1.o(.text.rt_thread_timeout) for [Anonymous Symbol]
    lto-llvm-2b22a1.o(.text.rt_thread_startup) refers (Special) to systick_wrapper_ual.o(.text) for __ensure_systick_wrapper
    lto-llvm-2b22a1.o(.text.rt_thread_startup) refers to lto-llvm-2b22a1.o(.text.rt_thread_resume) for rt_thread_resume
    lto-llvm-2b22a1.o(.text.rt_thread_startup) refers to lto-llvm-2b22a1.o(.text.rt_schedule) for rt_schedule
    lto-llvm-2b22a1.o(.text.rt_thread_startup) refers to lto-llvm-2b22a1.o(.bss..L_MergedGlobals.384) for [Anonymous Symbol]
    lto-llvm-2b22a1.o(.ARM.exidx.text.rt_thread_startup) refers (Special) to systick_wrapper_ual.o(.text) for __ensure_systick_wrapper
    lto-llvm-2b22a1.o(.ARM.exidx.text.rt_thread_startup) refers to lto-llvm-2b22a1.o(.text.rt_thread_startup) for [Anonymous Symbol]
    lto-llvm-2b22a1.o(.text.rt_thread_resume) refers (Special) to systick_wrapper_ual.o(.text) for __ensure_systick_wrapper
    lto-llvm-2b22a1.o(.text.rt_thread_resume) refers to context_rvds.o(.text) for rt_hw_interrupt_disable
    lto-llvm-2b22a1.o(.text.rt_thread_resume) refers to lto-llvm-2b22a1.o(.text.rt_timer_stop) for rt_timer_stop
    lto-llvm-2b22a1.o(.text.rt_thread_resume) refers to lto-llvm-2b22a1.o(.text.rt_schedule_insert_thread) for rt_schedule_insert_thread
    lto-llvm-2b22a1.o(.ARM.exidx.text.rt_thread_resume) refers (Special) to systick_wrapper_ual.o(.text) for __ensure_systick_wrapper
    lto-llvm-2b22a1.o(.ARM.exidx.text.rt_thread_resume) refers to lto-llvm-2b22a1.o(.text.rt_thread_resume) for [Anonymous Symbol]
    lto-llvm-2b22a1.o(.text.rt_thread_create) refers (Special) to systick_wrapper_ual.o(.text) for __ensure_systick_wrapper
    lto-llvm-2b22a1.o(.text.rt_thread_create) refers to lto-llvm-2b22a1.o(.text.rt_object_allocate) for rt_object_allocate
    lto-llvm-2b22a1.o(.text.rt_thread_create) refers to lto-llvm-2b22a1.o(.text.rt_malloc) for rt_malloc
    lto-llvm-2b22a1.o(.text.rt_thread_create) refers to lto-llvm-2b22a1.o(.text._rt_thread_init) for _rt_thread_init
    lto-llvm-2b22a1.o(.text.rt_thread_create) refers to lto-llvm-2b22a1.o(.text.rt_object_delete) for rt_object_delete
    lto-llvm-2b22a1.o(.ARM.exidx.text.rt_thread_create) refers (Special) to systick_wrapper_ual.o(.text) for __ensure_systick_wrapper
    lto-llvm-2b22a1.o(.ARM.exidx.text.rt_thread_create) refers to lto-llvm-2b22a1.o(.text.rt_thread_create) for [Anonymous Symbol]
    lto-llvm-2b22a1.o(.text.rt_thread_suspend) refers (Special) to systick_wrapper_ual.o(.text) for __ensure_systick_wrapper
    lto-llvm-2b22a1.o(.text.rt_thread_suspend) refers to context_rvds.o(.text) for rt_hw_interrupt_disable
    lto-llvm-2b22a1.o(.text.rt_thread_suspend) refers to lto-llvm-2b22a1.o(.text.rt_schedule_remove_thread) for rt_schedule_remove_thread
    lto-llvm-2b22a1.o(.text.rt_thread_suspend) refers to lto-llvm-2b22a1.o(.text.rt_timer_stop) for rt_timer_stop
    lto-llvm-2b22a1.o(.ARM.exidx.text.rt_thread_suspend) refers (Special) to systick_wrapper_ual.o(.text) for __ensure_systick_wrapper
    lto-llvm-2b22a1.o(.ARM.exidx.text.rt_thread_suspend) refers to lto-llvm-2b22a1.o(.text.rt_thread_suspend) for [Anonymous Symbol]
    lto-llvm-2b22a1.o(.text.rt_timer_start) refers (Special) to systick_wrapper_ual.o(.text) for __ensure_systick_wrapper
    lto-llvm-2b22a1.o(.text.rt_timer_start) refers to context_rvds.o(.text) for rt_hw_interrupt_disable
    lto-llvm-2b22a1.o(.text.rt_timer_start) refers to lto-llvm-2b22a1.o(.bss..L_MergedGlobals.384) for [Anonymous Symbol]
    lto-llvm-2b22a1.o(.ARM.exidx.text.rt_timer_start) refers (Special) to systick_wrapper_ual.o(.text) for __ensure_systick_wrapper
    lto-llvm-2b22a1.o(.ARM.exidx.text.rt_timer_start) refers to lto-llvm-2b22a1.o(.text.rt_timer_start) for [Anonymous Symbol]
    lto-llvm-2b22a1.o(.text.rt_timer_stop) refers (Special) to systick_wrapper_ual.o(.text) for __ensure_systick_wrapper
    lto-llvm-2b22a1.o(.text.rt_timer_stop) refers to context_rvds.o(.text) for rt_hw_interrupt_disable
    lto-llvm-2b22a1.o(.ARM.exidx.text.rt_timer_stop) refers (Special) to systick_wrapper_ual.o(.text) for __ensure_systick_wrapper
    lto-llvm-2b22a1.o(.ARM.exidx.text.rt_timer_stop) refers to lto-llvm-2b22a1.o(.text.rt_timer_stop) for [Anonymous Symbol]
    lto-llvm-2b22a1.o(.text.OUTLINED_FUNCTION_0) refers (Special) to systick_wrapper_ual.o(.text) for __ensure_systick_wrapper
    lto-llvm-2b22a1.o(.ARM.exidx.text.OUTLINED_FUNCTION_0) refers (Special) to systick_wrapper_ual.o(.text) for __ensure_systick_wrapper
    lto-llvm-2b22a1.o(.ARM.exidx.text.OUTLINED_FUNCTION_0) refers to lto-llvm-2b22a1.o(.text.OUTLINED_FUNCTION_0) for [Anonymous Symbol]
    lto-llvm-2b22a1.o(.text.OUTLINED_FUNCTION_1) refers (Special) to systick_wrapper_ual.o(.text) for __ensure_systick_wrapper
    lto-llvm-2b22a1.o(.ARM.exidx.text.OUTLINED_FUNCTION_1) refers (Special) to systick_wrapper_ual.o(.text) for __ensure_systick_wrapper
    lto-llvm-2b22a1.o(.ARM.exidx.text.OUTLINED_FUNCTION_1) refers to lto-llvm-2b22a1.o(.text.OUTLINED_FUNCTION_1) for [Anonymous Symbol]
    lto-llvm-2b22a1.o(.text.OUTLINED_FUNCTION_2) refers (Special) to systick_wrapper_ual.o(.text) for __ensure_systick_wrapper
    lto-llvm-2b22a1.o(.text.OUTLINED_FUNCTION_2) refers to lto-llvm-2b22a1.o(.text.LCD_Address_Set) for LCD_Address_Set
    lto-llvm-2b22a1.o(.ARM.exidx.text.OUTLINED_FUNCTION_2) refers (Special) to systick_wrapper_ual.o(.text) for __ensure_systick_wrapper
    lto-llvm-2b22a1.o(.ARM.exidx.text.OUTLINED_FUNCTION_2) refers to lto-llvm-2b22a1.o(.text.OUTLINED_FUNCTION_2) for [Anonymous Symbol]
    lto-llvm-2b22a1.o(.text.OUTLINED_FUNCTION_3) refers (Special) to systick_wrapper_ual.o(.text) for __ensure_systick_wrapper
    lto-llvm-2b22a1.o(.text.OUTLINED_FUNCTION_3) refers to context_rvds.o(.text) for rt_hw_interrupt_enable
    lto-llvm-2b22a1.o(.ARM.exidx.text.OUTLINED_FUNCTION_3) refers (Special) to systick_wrapper_ual.o(.text) for __ensure_systick_wrapper
    lto-llvm-2b22a1.o(.ARM.exidx.text.OUTLINED_FUNCTION_3) refers to lto-llvm-2b22a1.o(.text.OUTLINED_FUNCTION_3) for [Anonymous Symbol]
    lto-llvm-2b22a1.o(.text.OUTLINED_FUNCTION_4) refers (Special) to systick_wrapper_ual.o(.text) for __ensure_systick_wrapper
    lto-llvm-2b22a1.o(.ARM.exidx.text.OUTLINED_FUNCTION_4) refers (Special) to systick_wrapper_ual.o(.text) for __ensure_systick_wrapper
    lto-llvm-2b22a1.o(.ARM.exidx.text.OUTLINED_FUNCTION_4) refers to lto-llvm-2b22a1.o(.text.OUTLINED_FUNCTION_4) for [Anonymous Symbol]
    lto-llvm-2b22a1.o(.text.OUTLINED_FUNCTION_5) refers (Special) to systick_wrapper_ual.o(.text) for __ensure_systick_wrapper
    lto-llvm-2b22a1.o(.text.OUTLINED_FUNCTION_5) refers to context_rvds.o(.text) for rt_hw_interrupt_disable
    lto-llvm-2b22a1.o(.ARM.exidx.text.OUTLINED_FUNCTION_5) refers (Special) to systick_wrapper_ual.o(.text) for __ensure_systick_wrapper
    lto-llvm-2b22a1.o(.ARM.exidx.text.OUTLINED_FUNCTION_5) refers to lto-llvm-2b22a1.o(.text.OUTLINED_FUNCTION_5) for [Anonymous Symbol]
    lto-llvm-2b22a1.o(.ARM.use_no_argv) refers (Special) to systick_wrapper_ual.o(.text) for __ensure_systick_wrapper
    lto-llvm-2b22a1.o(.bss.snake) refers (Special) to systick_wrapper_ual.o(.text) for __ensure_systick_wrapper
    lto-llvm-2b22a1.o(.data.layer) refers (Special) to systick_wrapper_ual.o(.text) for __ensure_systick_wrapper
    lto-llvm-2b22a1.o(.data.layer) refers to lto-llvm-2b22a1.o(.bss.cells) for [Anonymous Symbol]
    lto-llvm-2b22a1.o(.bss.cells) refers (Special) to systick_wrapper_ual.o(.text) for __ensure_systick_wrapper
    lto-llvm-2b22a1.o(.bss.bls_map) refers (Special) to systick_wrapper_ual.o(.text) for __ensure_systick_wrapper
    lto-llvm-2b22a1.o(.bss.lcd_buf) refers (Special) to systick_wrapper_ual.o(.text) for __ensure_systick_wrapper
    lto-llvm-2b22a1.o(.bss.SPI3_Handler) refers (Special) to systick_wrapper_ual.o(.text) for __ensure_systick_wrapper
    lto-llvm-2b22a1.o(.bss.s_tHelper.0) refers (Special) to systick_wrapper_ual.o(.text) for __ensure_systick_wrapper
    lto-llvm-2b22a1.o(.bss.s_tMaskRotateCB) refers (Special) to systick_wrapper_ual.o(.text) for __ensure_systick_wrapper
    lto-llvm-2b22a1.o(.bss.noinit) refers (Special) to systick_wrapper_ual.o(.text) for __ensure_systick_wrapper
    lto-llvm-2b22a1.o(.bss.noinit.arm_2d_pfb_pool) refers (Special) to systick_wrapper_ual.o(.text) for __ensure_systick_wrapper
    lto-llvm-2b22a1.o(.rodata..L__const.__user_scene_player_init.tCFG) refers (Special) to systick_wrapper_ual.o(.text) for __ensure_systick_wrapper
    lto-llvm-2b22a1.o(.rodata..L__const.__user_scene_player_init.tCFG) refers to lto-llvm-2b22a1.o(.bss.noinit.arm_2d_pfb_pool) for [Anonymous Symbol]
    lto-llvm-2b22a1.o(.rodata..L__const.__user_scene_player_init.tCFG) refers to lto-llvm-2b22a1.o(.text.__glcd0_pfb_render_handler) for __glcd0_pfb_render_handler
    lto-llvm-2b22a1.o(.rodata..L__const.__user_scene_player_init.tCFG) refers to lto-llvm-2b22a1.o(.text.__on_each_frame_complete) for __on_each_frame_complete
    lto-llvm-2b22a1.o(.data.SystemCoreClock) refers (Special) to systick_wrapper_ual.o(.text) for __ensure_systick_wrapper
    lto-llvm-2b22a1.o(.rodata.cst16) refers (Special) to systick_wrapper_ual.o(.text) for __ensure_systick_wrapper
    lto-llvm-2b22a1.o(.rodata.MSIRangeTable) refers (Special) to systick_wrapper_ual.o(.text) for __ensure_systick_wrapper
    lto-llvm-2b22a1.o(.bss.rt_interrupt_from_thread) refers (Special) to systick_wrapper_ual.o(.text) for __ensure_systick_wrapper
    lto-llvm-2b22a1.o(.bss.rt_interrupt_to_thread) refers (Special) to systick_wrapper_ual.o(.text) for __ensure_systick_wrapper
    lto-llvm-2b22a1.o(.bss.rt_thread_switch_interrupt_flag) refers (Special) to systick_wrapper_ual.o(.text) for __ensure_systick_wrapper
    lto-llvm-2b22a1.o(.rti_fn.0) refers (Special) to systick_wrapper_ual.o(.text) for __ensure_systick_wrapper
    lto-llvm-2b22a1.o(.rti_fn.0) refers to lto-llvm-2b22a1.o(.text.rti_start) for rti_start
    lto-llvm-2b22a1.o(.rti_fn.0.end) refers (Special) to systick_wrapper_ual.o(.text) for __ensure_systick_wrapper
    lto-llvm-2b22a1.o(.rti_fn.0.end) refers to lto-llvm-2b22a1.o(.text.rti_board_start) for rti_board_start
    lto-llvm-2b22a1.o(.rti_fn.1.end) refers (Special) to systick_wrapper_ual.o(.text) for __ensure_systick_wrapper
    lto-llvm-2b22a1.o(.rti_fn.1.end) refers to lto-llvm-2b22a1.o(.text.rti_board_end) for rti_board_end
    lto-llvm-2b22a1.o(.rti_fn.6.end) refers (Special) to systick_wrapper_ual.o(.text) for __ensure_systick_wrapper
    lto-llvm-2b22a1.o(.rti_fn.6.end) refers to lto-llvm-2b22a1.o(.text.rti_end) for rti_end
    lto-llvm-2b22a1.o(.bss.idle) refers (Special) to systick_wrapper_ual.o(.text) for __ensure_systick_wrapper
    lto-llvm-2b22a1.o(.bss.rt_thread_stack) refers (Special) to systick_wrapper_ual.o(.text) for __ensure_systick_wrapper
    lto-llvm-2b22a1.o(.rodata.__lowest_bit_bitmap) refers (Special) to systick_wrapper_ual.o(.text) for __ensure_systick_wrapper
    lto-llvm-2b22a1.o(.bss.heap_sem) refers (Special) to systick_wrapper_ual.o(.text) for __ensure_systick_wrapper
    lto-llvm-2b22a1.o(.data.rt_object_container) refers (Special) to systick_wrapper_ual.o(.text) for __ensure_systick_wrapper
    lto-llvm-2b22a1.o(.bss.rt_thread_priority_table) refers (Special) to systick_wrapper_ual.o(.text) for __ensure_systick_wrapper
    lto-llvm-2b22a1.o(.bss.rt_heap) refers (Special) to systick_wrapper_ual.o(.text) for __ensure_systick_wrapper
    lto-llvm-2b22a1.o(.data..L_MergedGlobals) refers (Special) to systick_wrapper_ual.o(.text) for __ensure_systick_wrapper
    lto-llvm-2b22a1.o(.bss..L_MergedGlobals.384) refers (Special) to systick_wrapper_ual.o(.text) for __ensure_systick_wrapper


==============================================================================

Removing Unused input sections from the image.

    Removing perf_counter.o(.text), (0 bytes).
    Removing perf_counter.o(.ARM.exidx.text.user_code_insert_to_systick_handler), (8 bytes).
    Removing perf_counter.o(.ARM.exidx.text.__perf_os_patch_init), (8 bytes).
    Removing perf_counter.o(.ARM.exidx.text.update_perf_counter), (8 bytes).
    Removing perf_counter.o(.ARM.exidx.text.get_system_ticks), (8 bytes).
    Removing perf_counter.o(.ARM.exidx.text.init_cycle_counter), (8 bytes).
    Removing perf_counter.o(.text.before_cycle_counter_reconfiguration), (64 bytes).
    Removing perf_counter.o(.ARM.exidx.text.before_cycle_counter_reconfiguration), (8 bytes).
    Removing perf_counter.o(.ARM.exidx.text.__perf_counter_init), (8 bytes).
    Removing perf_counter.o(.text.delay_us), (76 bytes).
    Removing perf_counter.o(.ARM.exidx.text.delay_us), (8 bytes).
    Removing perf_counter.o(.text.delay_ms), (76 bytes).
    Removing perf_counter.o(.ARM.exidx.text.delay_ms), (8 bytes).
    Removing perf_counter.o(.text.clock), (8 bytes).
    Removing perf_counter.o(.ARM.exidx.text.clock), (8 bytes).
    Removing perf_counter.o(.text.get_system_ms), (84 bytes).
    Removing perf_counter.o(.ARM.exidx.text.get_system_ms), (8 bytes).
    Removing perf_counter.o(.text.get_system_us), (84 bytes).
    Removing perf_counter.o(.ARM.exidx.text.get_system_us), (8 bytes).
    Removing perf_counter.o(.text.perfc_convert_ticks_to_ms), (20 bytes).
    Removing perf_counter.o(.ARM.exidx.text.perfc_convert_ticks_to_ms), (8 bytes).
    Removing perf_counter.o(.text.perfc_convert_ms_to_ticks), (36 bytes).
    Removing perf_counter.o(.ARM.exidx.text.perfc_convert_ms_to_ticks), (8 bytes).
    Removing perf_counter.o(.text.perfc_convert_ticks_to_us), (20 bytes).
    Removing perf_counter.o(.ARM.exidx.text.perfc_convert_ticks_to_us), (8 bytes).
    Removing perf_counter.o(.text.perfc_convert_us_to_ticks), (36 bytes).
    Removing perf_counter.o(.ARM.exidx.text.perfc_convert_us_to_ticks), (8 bytes).
    Removing perf_counter.o(.text.__perfc_is_time_out), (84 bytes).
    Removing perf_counter.o(.ARM.exidx.text.__perfc_is_time_out), (8 bytes).
    Removing perf_counter.o(.text.EventRecorderTimerSetup), (4 bytes).
    Removing perf_counter.o(.ARM.exidx.text.EventRecorderTimerSetup), (8 bytes).
    Removing perf_counter.o(.text.EventRecorderTimerGetFreq), (12 bytes).
    Removing perf_counter.o(.ARM.exidx.text.EventRecorderTimerGetFreq), (8 bytes).
    Removing perf_counter.o(.text.EventRecorderTimerGetCount), (8 bytes).
    Removing perf_counter.o(.ARM.exidx.text.EventRecorderTimerGetCount), (8 bytes).
    Removing perf_counter.o(.text.get_rtos_task_cycle_info), (4 bytes).
    Removing perf_counter.o(.ARM.exidx.text.get_rtos_task_cycle_info), (8 bytes).
    Removing perf_counter.o(.text.init_task_cycle_counter), (36 bytes).
    Removing perf_counter.o(.ARM.exidx.text.init_task_cycle_counter), (8 bytes).
    Removing perf_counter.o(.text.init_task_cycle_info), (26 bytes).
    Removing perf_counter.o(.ARM.exidx.text.init_task_cycle_info), (8 bytes).
    Removing perf_counter.o(.text.enable_task_cycle_info), (38 bytes).
    Removing perf_counter.o(.ARM.exidx.text.enable_task_cycle_info), (8 bytes).
    Removing perf_counter.o(.text.disable_task_cycle_info), (40 bytes).
    Removing perf_counter.o(.ARM.exidx.text.disable_task_cycle_info), (8 bytes).
    Removing perf_counter.o(.text.resume_task_cycle_info), (28 bytes).
    Removing perf_counter.o(.ARM.exidx.text.resume_task_cycle_info), (8 bytes).
    Removing perf_counter.o(.text.register_task_cycle_agent), (64 bytes).
    Removing perf_counter.o(.ARM.exidx.text.register_task_cycle_agent), (8 bytes).
    Removing perf_counter.o(.text.unregister_task_cycle_agent), (46 bytes).
    Removing perf_counter.o(.ARM.exidx.text.unregister_task_cycle_agent), (8 bytes).
    Removing perf_counter.o(.text.__on_context_switch_in), (64 bytes).
    Removing perf_counter.o(.ARM.exidx.text.__on_context_switch_in), (8 bytes).
    Removing perf_counter.o(.text.__on_context_switch_out), (96 bytes).
    Removing perf_counter.o(.ARM.exidx.text.__on_context_switch_out), (8 bytes).
    Removing perf_counter.o(.text.__start_task_cycle_counter), (58 bytes).
    Removing perf_counter.o(.ARM.exidx.text.__start_task_cycle_counter), (8 bytes).
    Removing perf_counter.o(.text.__stop_task_cycle_counter), (124 bytes).
    Removing perf_counter.o(.ARM.exidx.text.__stop_task_cycle_counter), (8 bytes).
    Removing frnd.o(.text), (60 bytes).
    Removing frem.o(.text), (82 bytes).
    Removing dadd.o(.text), (350 bytes).
    Removing dmul.o(.text), (234 bytes).
    Removing ddiv.o(.text), (222 bytes).
    Removing dneg.o(.text), (6 bytes).
    Removing dsqrt.o(.text), (162 bytes).
    Removing dflti.o(.text), (34 bytes).
    Removing dfixi.o(.text), (62 bytes).
    Removing dfixul.o(.text), (48 bytes).
    Removing ffixir.o(.text), (76 bytes).
    Removing cdcmple.o(.text), (48 bytes).
    Removing cdrcmple.o(.text), (48 bytes).
    Removing fpstat.o(.text), (4 bytes).
    Removing fepilogue.o(.text), (110 bytes).
    Removing depilogue.o(.text), (186 bytes).
    Removing lto-llvm-2b22a1.o(.text), (0 bytes).
    Removing lto-llvm-2b22a1.o(.ARM.exidx.text.main), (8 bytes).
    Removing lto-llvm-2b22a1.o(.ARM.exidx.text.SystemClock_Config), (8 bytes).
    Removing lto-llvm-2b22a1.o(.ARM.exidx.text.NMI_Handler), (8 bytes).
    Removing lto-llvm-2b22a1.o(.ARM.exidx.text.MemManage_Handler), (8 bytes).
    Removing lto-llvm-2b22a1.o(.ARM.exidx.text.BusFault_Handler), (8 bytes).
    Removing lto-llvm-2b22a1.o(.ARM.exidx.text.UsageFault_Handler), (8 bytes).
    Removing lto-llvm-2b22a1.o(.ARM.exidx.text.SVC_Handler), (8 bytes).
    Removing lto-llvm-2b22a1.o(.ARM.exidx.text.DebugMon_Handler), (8 bytes).
    Removing lto-llvm-2b22a1.o(.ARM.exidx.text.SysTick_Handler), (8 bytes).
    Removing lto-llvm-2b22a1.o(.ARM.exidx.text.SnakeGameEntry), (8 bytes).
    Removing lto-llvm-2b22a1.o(.ARM.exidx.text.clear_cell), (8 bytes).
    Removing lto-llvm-2b22a1.o(.ARM.exidx.text.draw_snake_body), (8 bytes).
    Removing lto-llvm-2b22a1.o(.ARM.exidx.text.create_fruit), (8 bytes).
    Removing lto-llvm-2b22a1.o(.ARM.exidx.text.LCD_SPI_Send), (8 bytes).
    Removing lto-llvm-2b22a1.o(.ARM.exidx.text.LCD_Address_Set), (8 bytes).
    Removing lto-llvm-2b22a1.o(.ARM.exidx.text.LCD_Write_Cmd), (8 bytes).
    Removing lto-llvm-2b22a1.o(.ARM.exidx.text.LCD_Write_Data), (8 bytes).
    Removing lto-llvm-2b22a1.o(.ARM.exidx.text.SPI3_WriteByte), (8 bytes).
    Removing lto-llvm-2b22a1.o(.ARM.exidx.text.EXTI15_10_IRQHandler), (8 bytes).
    Removing lto-llvm-2b22a1.o(.ARM.exidx.text.EXTI9_5_IRQHandler), (8 bytes).
    Removing lto-llvm-2b22a1.o(.ARM.exidx.text.__aeabi_assert), (8 bytes).
    Removing lto-llvm-2b22a1.o(.ARM.exidx.text.__on_scene_depose), (8 bytes).
    Removing lto-llvm-2b22a1.o(.ARM.exidx.text.refresh_init), (8 bytes).
    Removing lto-llvm-2b22a1.o(.ARM.exidx.text.GameEngineEntry), (8 bytes).
    Removing lto-llvm-2b22a1.o(.ARM.exidx.text.arm_2d_helper_init), (8 bytes).
    Removing lto-llvm-2b22a1.o(.ARM.exidx.text.__arm_2d_helper_pfb_free), (8 bytes).
    Removing lto-llvm-2b22a1.o(.ARM.exidx.text.__glcd0_pfb_render_handler), (8 bytes).
    Removing lto-llvm-2b22a1.o(.ARM.exidx.text.__on_each_frame_complete), (8 bytes).
    Removing lto-llvm-2b22a1.o(.ARM.exidx.text.HAL_Init), (8 bytes).
    Removing lto-llvm-2b22a1.o(.ARM.exidx.text.HAL_InitTick), (8 bytes).
    Removing lto-llvm-2b22a1.o(.ARM.exidx.text.HAL_Delay), (8 bytes).
    Removing lto-llvm-2b22a1.o(.ARM.exidx.text.HAL_NVIC_SetPriority), (8 bytes).
    Removing lto-llvm-2b22a1.o(.ARM.exidx.text.HAL_GPIO_Init), (8 bytes).
    Removing lto-llvm-2b22a1.o(.ARM.exidx.text.HAL_RCC_GetSysClockFreq), (8 bytes).
    Removing lto-llvm-2b22a1.o(.ARM.exidx.text.SPI_WaitFifoStateUntilTimeout), (8 bytes).
    Removing lto-llvm-2b22a1.o(.ARM.exidx.text.SystemInit), (8 bytes).
    Removing lto-llvm-2b22a1.o(.ARM.exidx.text.rt_hw_hard_fault_exception), (8 bytes).
    Removing lto-llvm-2b22a1.o(.ARM.exidx.text.rti_start), (8 bytes).
    Removing lto-llvm-2b22a1.o(.ARM.exidx.text.rti_board_start), (8 bytes).
    Removing lto-llvm-2b22a1.o(.ARM.exidx.text.rti_board_end), (8 bytes).
    Removing lto-llvm-2b22a1.o(.ARM.exidx.text.rti_end), (8 bytes).
    Removing lto-llvm-2b22a1.o(.ARM.exidx.text.$Sub$$main), (8 bytes).
    Removing lto-llvm-2b22a1.o(.ARM.exidx.text.main_thread_entry), (8 bytes).
    Removing lto-llvm-2b22a1.o(.ARM.exidx.text.rt_thread_idle_entry), (8 bytes).
    Removing lto-llvm-2b22a1.o(.ARM.exidx.text.rt_sem_create), (8 bytes).
    Removing lto-llvm-2b22a1.o(.ARM.exidx.text.rt_sem_take), (8 bytes).
    Removing lto-llvm-2b22a1.o(.ARM.exidx.text.rt_sem_release), (8 bytes).
    Removing lto-llvm-2b22a1.o(.ARM.exidx.text.rt_memset), (8 bytes).
    Removing lto-llvm-2b22a1.o(.ARM.exidx.text.rt_strncpy), (8 bytes).
    Removing lto-llvm-2b22a1.o(.text.strdup), (106 bytes).
    Removing lto-llvm-2b22a1.o(.ARM.exidx.text.strdup), (8 bytes).
    Removing lto-llvm-2b22a1.o(.ARM.exidx.text.__rt_ffs), (8 bytes).
    Removing lto-llvm-2b22a1.o(.ARM.exidx.text.rt_malloc), (8 bytes).
    Removing lto-llvm-2b22a1.o(.ARM.exidx.text.rt_free), (8 bytes).
    Removing lto-llvm-2b22a1.o(.ARM.exidx.text.rt_object_get_information), (8 bytes).
    Removing lto-llvm-2b22a1.o(.ARM.exidx.text.rt_object_init), (8 bytes).
    Removing lto-llvm-2b22a1.o(.ARM.exidx.text.rt_object_detach), (8 bytes).
    Removing lto-llvm-2b22a1.o(.ARM.exidx.text.rt_object_allocate), (8 bytes).
    Removing lto-llvm-2b22a1.o(.ARM.exidx.text.rt_object_delete), (8 bytes).
    Removing lto-llvm-2b22a1.o(.ARM.exidx.text.rt_schedule), (8 bytes).
    Removing lto-llvm-2b22a1.o(.ARM.exidx.text.rt_schedule_insert_thread), (8 bytes).
    Removing lto-llvm-2b22a1.o(.ARM.exidx.text.rt_schedule_remove_thread), (8 bytes).
    Removing lto-llvm-2b22a1.o(.ARM.exidx.text.rt_thread_exit), (8 bytes).
    Removing lto-llvm-2b22a1.o(.ARM.exidx.text._rt_thread_init), (8 bytes).
    Removing lto-llvm-2b22a1.o(.ARM.exidx.text.rt_thread_timeout), (8 bytes).
    Removing lto-llvm-2b22a1.o(.ARM.exidx.text.rt_thread_startup), (8 bytes).
    Removing lto-llvm-2b22a1.o(.ARM.exidx.text.rt_thread_resume), (8 bytes).
    Removing lto-llvm-2b22a1.o(.ARM.exidx.text.rt_thread_create), (8 bytes).
    Removing lto-llvm-2b22a1.o(.ARM.exidx.text.rt_thread_suspend), (8 bytes).
    Removing lto-llvm-2b22a1.o(.ARM.exidx.text.rt_timer_start), (8 bytes).
    Removing lto-llvm-2b22a1.o(.ARM.exidx.text.rt_timer_stop), (8 bytes).
    Removing lto-llvm-2b22a1.o(.ARM.exidx.text.OUTLINED_FUNCTION_0), (8 bytes).
    Removing lto-llvm-2b22a1.o(.ARM.exidx.text.OUTLINED_FUNCTION_1), (8 bytes).
    Removing lto-llvm-2b22a1.o(.ARM.exidx.text.OUTLINED_FUNCTION_2), (8 bytes).
    Removing lto-llvm-2b22a1.o(.ARM.exidx.text.OUTLINED_FUNCTION_3), (8 bytes).
    Removing lto-llvm-2b22a1.o(.ARM.exidx.text.OUTLINED_FUNCTION_4), (8 bytes).
    Removing lto-llvm-2b22a1.o(.ARM.exidx.text.OUTLINED_FUNCTION_5), (8 bytes).
    Removing lto-llvm-2b22a1.o(.ARM.use_no_argv), (4 bytes).

154 unused section(s) (total 3942 bytes) removed from the image.
